Archive member included because of file (symbol)

/Applications/microchip/xc32/v1.32/bin/bin/../../lib/gcc/pic32mx/4.5.2/libgcc.a(floatunsisf.o)
                              build/USB-II_STARTER_KIT/production/_ext/821501661/serial.o (__floatunsisf)
/Applications/microchip/xc32/v1.32/bin/bin/../../lib/gcc/pic32mx/4.5.2/../../../../pic32mx/lib/libpic32.a(memcmp.o)
                              build/USB-II_STARTER_KIT/production/_ext/332309696/port.o (memcmp)
/Applications/microchip/xc32/v1.32/bin/bin/../../lib/gcc/pic32mx/4.5.2/../../../../pic32mx/lib/libpic32.a(memcpy.o)
                              build/USB-II_STARTER_KIT/production/_ext/449926602/queue.o (memcpy)
/Applications/microchip/xc32/v1.32/bin/bin/../../lib/gcc/pic32mx/4.5.2/../../../../pic32mx/lib/libpic32.a(memset.o)
                              build/USB-II_STARTER_KIT/production/_ext/332309696/port.o (memset)
/Applications/microchip/xc32/v1.32/bin/bin/../../lib/gcc/pic32mx/4.5.2/../../../../pic32mx/lib/libpic32.a(default-bootstrap-exception-handler.o)
                              /Applications/microchip/xc32/v1.32/bin/bin/../../lib/gcc/pic32mx/4.5.2/../../../../pic32mx/lib/./proc/32MX795F512L/crt0_mips32r2.o (_bootstrap_exception_handler)
/Applications/microchip/xc32/v1.32/bin/bin/../../lib/gcc/pic32mx/4.5.2/../../../../pic32mx/lib/libpic32.a(default-on-reset.o)
                              /Applications/microchip/xc32/v1.32/bin/bin/../../lib/gcc/pic32mx/4.5.2/../../../../pic32mx/lib/./proc/32MX795F512L/crt0_mips32r2.o (_on_reset)
/Applications/microchip/xc32/v1.32/bin/bin/../../lib/gcc/pic32mx/4.5.2/../../../../pic32mx/lib/libpic32.a(default-on-bootstrap.o)
                              /Applications/microchip/xc32/v1.32/bin/bin/../../lib/gcc/pic32mx/4.5.2/../../../../pic32mx/lib/./proc/32MX795F512L/crt0_mips32r2.o (_on_bootstrap)
/Applications/microchip/xc32/v1.32/bin/bin/../../lib/gcc/pic32mx/4.5.2/../../../../pic32mx/lib/libpic32.a(default-nmi-handler.o)
                              /Applications/microchip/xc32/v1.32/bin/bin/../../lib/gcc/pic32mx/4.5.2/../../../../pic32mx/lib/./proc/32MX795F512L/crt0_mips32r2.o (_nmi_handler)
/Applications/microchip/xc32/v1.32/bin/bin/../../lib/gcc/pic32mx/4.5.2/../../../../pic32mx/lib/libpic32.a(general-exception.o)
                              /Applications/microchip/xc32/v1.32/bin/bin/../../lib/gcc/pic32mx/4.5.2/../../../../pic32mx/lib/./proc/32MX795F512L/crt0_mips32r2.o (_general_exception_context)
/Applications/microchip/xc32/v1.32/bin/bin/../../lib/gcc/pic32mx/4.5.2/../../../../pic32mx/lib/libpic32.a(vector0.o)
                              /Applications/microchip/xc32/v1.32/bin/bin/../../lib/gcc/pic32mx/4.5.2/../../../../pic32mx/lib/./proc/32MX795F512L/default_isr_vectors.o (__vector_dispatch_0)
/Applications/microchip/xc32/v1.32/bin/bin/../../lib/gcc/pic32mx/4.5.2/../../../../pic32mx/lib/libpic32.a(vector2.o)
                              /Applications/microchip/xc32/v1.32/bin/bin/../../lib/gcc/pic32mx/4.5.2/../../../../pic32mx/lib/./proc/32MX795F512L/default_isr_vectors.o (__vector_dispatch_2)
/Applications/microchip/xc32/v1.32/bin/bin/../../lib/gcc/pic32mx/4.5.2/../../../../pic32mx/lib/libpic32.a(vector3.o)
                              /Applications/microchip/xc32/v1.32/bin/bin/../../lib/gcc/pic32mx/4.5.2/../../../../pic32mx/lib/./proc/32MX795F512L/default_isr_vectors.o (__vector_dispatch_3)
/Applications/microchip/xc32/v1.32/bin/bin/../../lib/gcc/pic32mx/4.5.2/../../../../pic32mx/lib/libpic32.a(vector5.o)
                              /Applications/microchip/xc32/v1.32/bin/bin/../../lib/gcc/pic32mx/4.5.2/../../../../pic32mx/lib/./proc/32MX795F512L/default_isr_vectors.o (__vector_dispatch_5)
/Applications/microchip/xc32/v1.32/bin/bin/../../lib/gcc/pic32mx/4.5.2/../../../../pic32mx/lib/libpic32.a(vector6.o)
                              /Applications/microchip/xc32/v1.32/bin/bin/../../lib/gcc/pic32mx/4.5.2/../../../../pic32mx/lib/./proc/32MX795F512L/default_isr_vectors.o (__vector_dispatch_6)
/Applications/microchip/xc32/v1.32/bin/bin/../../lib/gcc/pic32mx/4.5.2/../../../../pic32mx/lib/libpic32.a(vector7.o)
                              /Applications/microchip/xc32/v1.32/bin/bin/../../lib/gcc/pic32mx/4.5.2/../../../../pic32mx/lib/./proc/32MX795F512L/default_isr_vectors.o (__vector_dispatch_7)
/Applications/microchip/xc32/v1.32/bin/bin/../../lib/gcc/pic32mx/4.5.2/../../../../pic32mx/lib/libpic32.a(vector9.o)
                              /Applications/microchip/xc32/v1.32/bin/bin/../../lib/gcc/pic32mx/4.5.2/../../../../pic32mx/lib/./proc/32MX795F512L/default_isr_vectors.o (__vector_dispatch_9)
/Applications/microchip/xc32/v1.32/bin/bin/../../lib/gcc/pic32mx/4.5.2/../../../../pic32mx/lib/libpic32.a(vector10.o)
                              /Applications/microchip/xc32/v1.32/bin/bin/../../lib/gcc/pic32mx/4.5.2/../../../../pic32mx/lib/./proc/32MX795F512L/default_isr_vectors.o (__vector_dispatch_10)
[...]
Memory Configuration

Name             Origin             Length             Attributes
kseg0_program_mem 0x9d000000         0x00080000         xr
kseg0_boot_mem   0x9fc00490         0x00000970
exception_mem    0x9fc01000         0x00001000
kseg1_boot_mem   0xbfc00000         0x00000490
debug_exec_mem   0xbfc02000         0x00000ff0
config3          0xbfc02ff0         0x00000004
config2          0xbfc02ff4         0x00000004
config1          0xbfc02ff8         0x00000004
config0          0xbfc02ffc         0x00000004
kseg1_data_mem   0xa0000000         0x00020000         w !x
sfrs             0xbf800000         0x00100000
configsfrs       0xbfc02ff0         0x00000010
*default*        0x00000000         0xffffffff

Linker script and memory map

LOAD /Applications/microchip/xc32/v1.32/bin/bin/../../lib/gcc/pic32mx/4.5.2/../../../../pic32mx/lib/./proc/32MX795F512L/crt0_mips32r2.o
LOAD /Applications/microchip/xc32/v1.32/bin/bin/../../lib/gcc/pic32mx/4.5.2/../../../../pic32mx/lib/debug-exception-return.o
LOAD build/USB-II_STARTER_KIT/production/_ext/332309696/port.o
LOAD build/USB-II_STARTER_KIT/production/_ext/332309696/port_asm.o
LOAD build/USB-II_STARTER_KIT/production/_ext/449926602/queue.o
LOAD build/USB-II_STARTER_KIT/production/_ext/449926602/tasks.o
LOAD build/USB-II_STARTER_KIT/production/_ext/449926602/list.o
LOAD build/USB-II_STARTER_KIT/production/_ext/449926602/timers.o
LOAD build/USB-II_STARTER_KIT/production/_ext/1884096877/heap_4.o
LOAD build/USB-II_STARTER_KIT/production/_ext/1163846883/blocktim.o
LOAD build/USB-II_STARTER_KIT/production/_ext/1163846883/comtest.o
LOAD build/USB-II_STARTER_KIT/production/_ext/1163846883/semtest.o
LOAD build/USB-II_STARTER_KIT/production/_ext/1163846883/QPeek.o
LOAD build/USB-II_STARTER_KIT/production/_ext/1163846883/IntQueue.o
LOAD build/USB-II_STARTER_KIT/production/_ext/1163846883/GenQTest.o
LOAD build/USB-II_STARTER_KIT/production/_ext/1163846883/flash_timer.o
LOAD build/USB-II_STARTER_KIT/production/_ext/1472/main.o
LOAD build/USB-II_STARTER_KIT/production/_ext/1472/RegisterTestTasks.o
LOAD build/USB-II_STARTER_KIT/production/_ext/1472/lcd.o
LOAD build/USB-II_STARTER_KIT/production/_ext/821501661/serial.o
LOAD build/USB-II_STARTER_KIT/production/_ext/821501661/serial_isr.o
LOAD build/USB-II_STARTER_KIT/production/_ext/1472/timertest.o
LOAD build/USB-II_STARTER_KIT/production/_ext/1472/timertest_isr.o
LOAD build/USB-II_STARTER_KIT/production/_ext/1472/IntQueueTimer.o
LOAD build/USB-II_STARTER_KIT/production/_ext/1472/IntQueueTimer_isr.o
LOAD build/USB-II_STARTER_KIT/production/_ext/1472/printf-stdarg.o
LOAD build/USB-II_STARTER_KIT/production/_ext/1472/main_blinky.o
LOAD build/USB-II_STARTER_KIT/production/_ext/1472/main_full.o
LOAD build/USB-II_STARTER_KIT/production/_ext/1472/ConfigPerformance.o
LOAD build/USB-II_STARTER_KIT/production/_ext/809743516/ParTest_USBII_Starter_Kit.o
                0x00000001                __MPLAB_BUILD = 0x1
                0x00000000                _min_heap_size = 0x0
LOAD /Applications/microchip/xc32/v1.32/bin/bin/../../lib/gcc/pic32mx/4.5.2/../../../../pic32mx/lib/./proc/32MX795F512L/default_isr_vectors.o
LOAD /Applications/microchip/xc32/v1.32/bin/bin/../../lib/gcc/pic32mx/4.5.2/../../../../pic32mx/lib/pic32_software_reset.o
                0x00000400                PROVIDE (_min_stack_size, 0x400)
LOAD /Applications/microchip/xc32/v1.32/bin/bin/../../lib/gcc/pic32mx/4.5.2/../../../../pic32mx/lib/./proc/32MX795F512L/processor.o
START GROUP
LOAD /Applications/microchip/xc32/v1.32/bin/bin/../../lib/gcc/pic32mx/4.5.2/../../../../pic32mx/lib/libmchp_peripheral.a
END GROUP
START GROUP
LOAD /Applications/microchip/xc32/v1.32/bin/bin/../../lib/gcc/pic32mx/4.5.2/../../../../pic32mx/lib/libmchp_peripheral_32MX795F512L.a
END GROUP
                0x00000001                PROVIDE (_vector_spacing, 0x1)
                0x9fc01000                _ebase_address = 0x9fc01000
                0xbfc00000                _RESET_ADDR = 0xbfc00000
                0xbfc00380                _BEV_EXCPT_ADDR = 0xbfc00380
                0xbfc00480                _DBG_EXCPT_ADDR = 0xbfc00480
                0xbfc02000                _DBG_CODE_ADDR = 0xbfc02000
                0x00000ff0                _DBG_CODE_SIZE = 0xff0
                0x9fc01180                _GEN_EXCPT_ADDR = (_ebase_address + 0x180)

.config_BFC02FF0
                0xbfc02ff0        0x4
 *(.config_BFC02FF0)
 .config_BFC02FF0
                0xbfc02ff0        0x4 build/USB-II_STARTER_KIT/production/_ext/1472/main.o

.config_BFC02FF4
                0xbfc02ff4        0x4
 *(.config_BFC02FF4)
 .config_BFC02FF4
                0xbfc02ff4        0x4 build/USB-II_STARTER_KIT/production/_ext/1472/main.o

.config_BFC02FF8
                0xbfc02ff8        0x4
 *(.config_BFC02FF8)
 .config_BFC02FF8
                0xbfc02ff8        0x4 build/USB-II_STARTER_KIT/production/_ext/1472/main.o

.config_BFC02FFC
                0xbfc02ffc        0x4
 *(.config_BFC02FFC)
 .config_BFC02FFC
                0xbfc02ffc        0x4 build/USB-II_STARTER_KIT/production/_ext/1472/main.o
                0xbfc02000                PROVIDE (_DBG_CODE_ADDR, 0xbfc02000)
                0x00000ff0                PROVIDE (_DBG_CODE_SIZE, 0xff0)

.reset          0xbfc00000      0x1e8
 *(.reset)
 .reset         0xbfc00000      0x1e8 /Applications/microchip/xc32/v1.32/bin/bin/../../lib/gcc/pic32mx/4.5.2/../../../../pic32mx/lib/./proc/32MX795F512L/crt0_mips32r2.o
                0xbfc00000                _reset
 *(.reset.startup)

.bev_excpt      0xbfc00380       0x10
 *(.bev_handler)
 .bev_handler   0xbfc00380       0x10 /Applications/microchip/xc32/v1.32/bin/bin/../../lib/gcc/pic32mx/4.5.2/../../../../pic32mx/lib/./proc/32MX795F512L/crt0_mips32r2.o

.dbg_excpt      0xbfc00480        0x0
                0xbfc00480                . = (. + DEFINED (_DEBUGGER)?0x8:0x0)

.dbg_code       0xbfc02000        0x0
                0xbfc02000                . = (. + DEFINED (_DEBUGGER)?_DBG_CODE_SIZE:0x0)

.app_excpt      0x9fc01180       0x10
 *(.gen_handler)
 .gen_handler   0x9fc01180       0x10 /Applications/microchip/xc32/v1.32/bin/bin/../../lib/gcc/pic32mx/4.5.2/../../../../pic32mx/lib/./proc/32MX795F512L/crt0_mips32r2.o

.vector_0       0x9fc01200        0x8
 *(.vector_0)
 .vector_0      0x9fc01200        0x8 /Applications/microchip/xc32/v1.32/bin/bin/../../lib/gcc/pic32mx/4.5.2/../../../../pic32mx/lib/libpic32.a(vector0.o)
                0x9fc01200                __vector_dispatch_0
                0x00000001                ASSERT (((_vector_spacing == 0x0) || (SIZEOF (.vector_0) <= (_vector_spacing << 0x5))), function at exception vector 0 too large)

.vector_1       0x9fc01220        0x8
 *(.vector_1)
 .vector_1      0x9fc01220        0x8 build/USB-II_STARTER_KIT/production/_ext/332309696/port.o
                0x9fc01220                __vector_dispatch_1
                0x00000001                ASSERT (((_vector_spacing == 0x0) || (SIZEOF (.vector_1) <= (_vector_spacing << 0x5))), function at exception vector 1 too large)

.vector_2       0x9fc01240        0x8
 *(.vector_2)
 .vector_2      0x9fc01240        0x8 /Applications/microchip/xc32/v1.32/bin/bin/../../lib/gcc/pic32mx/4.5.2/../../../../pic32mx/lib/libpic32.a(vector2.o)
                0x9fc01240                __vector_dispatch_2
                0x00000001                ASSERT (((_vector_spacing == 0x0) || (SIZEOF (.vector_2) <= (_vector_spacing << 0x5))), function at exception vector 2 too large)

.vector_3       0x9fc01260        0x8
 *(.vector_3)
 .vector_3      0x9fc01260        0x8 /Applications/microchip/xc32/v1.32/bin/bin/../../lib/gcc/pic32mx/4.5.2/../../../../pic32mx/lib/libpic32.a(vector3.o)
                0x9fc01260                __vector_dispatch_3
                0x00000001                ASSERT (((_vector_spacing == 0x0) || (SIZEOF (.vector_3) <= (_vector_spacing << 0x5))), function at exception vector 3 too large)

.vector_4       0x9fc01280        0x8
 *(.vector_4)
 .vector_4      0x9fc01280        0x8 build/USB-II_STARTER_KIT/production/_ext/332309696/port.o
                0x9fc01280                __vector_dispatch_4
                0x00000001                ASSERT (((_vector_spacing == 0x0) || (SIZEOF (.vector_4) <= (_vector_spacing << 0x5))), function at exception vector 4 too large)

.vector_5       0x9fc012a0        0x8
 *(.vector_5)
 .vector_5      0x9fc012a0        0x8 /Applications/microchip/xc32/v1.32/bin/bin/../../lib/gcc/pic32mx/4.5.2/../../../../pic32mx/lib/libpic32.a(vector5.o)
                0x9fc012a0                __vector_dispatch_5
                0x00000001                ASSERT (((_vector_spacing == 0x0) || (SIZEOF (.vector_5) <= (_vector_spacing << 0x5))), function at exception vector 5 too large)

.vector_6       0x9fc012c0        0x8
 *(.vector_6)
 .vector_6      0x9fc012c0        0x8 /Applications/microchip/xc32/v1.32/bin/bin/../../lib/gcc/pic32mx/4.5.2/../../../../pic32mx/lib/libpic32.a(vector6.o)
                0x9fc012c0                __vector_dispatch_6
                0x00000001                ASSERT (((_vector_spacing == 0x0) || (SIZEOF (.vector_6) <= (_vector_spacing << 0x5))), function at exception vector 6 too large)

.vector_7       0x9fc012e0        0x8
 *(.vector_7)
 .vector_7      0x9fc012e0        0x8 /Applications/microchip/xc32/v1.32/bin/bin/../../lib/gcc/pic32mx/4.5.2/../../../../pic32mx/lib/libpic32.a(vector7.o)
                0x9fc012e0                __vector_dispatch_7
                0x00000001                ASSERT (((_vector_spacing == 0x0) || (SIZEOF (.vector_7) <= (_vector_spacing << 0x5))), function at exception vector 7 too large)

.vector_8       0x9fc01300        0x8
 *(.vector_8)
 .vector_8      0x9fc01300        0x8 build/USB-II_STARTER_KIT/production/_ext/1472/timertest.o
                0x9fc01300                __vector_dispatch_8
                0x00000001                ASSERT (((_vector_spacing == 0x0) || (SIZEOF (.vector_8) <= (_vector_spacing << 0x5))), function at exception vector 8 too large)

.vector_9       0x9fc01320        0x8
 *(.vector_9)
 .vector_9      0x9fc01320        0x8 /Applications/microchip/xc32/v1.32/bin/bin/../../lib/gcc/pic32mx/4.5.2/../../../../pic32mx/lib/libpic32.a(vector9.o)
                0x9fc01320                __vector_dispatch_9
                0x00000001                ASSERT (((_vector_spacing == 0x0) || (SIZEOF (.vector_9) <= (_vector_spacing << 0x5))), function at exception vector 9 too large)

.vector_10      0x9fc01340        0x8
 *(.vector_10)
 .vector_10     0x9fc01340        0x8 /Applications/microchip/xc32/v1.32/bin/bin/../../lib/gcc/pic32mx/4.5.2/../../../../pic32mx/lib/libpic32.a(vector10.o)
                0x9fc01340                __vector_dispatch_10
                0x00000001                ASSERT (((_vector_spacing == 0x0) || (SIZEOF (.vector_10) <= (_vector_spacing << 0x5))), function at exception vector 10 too large)

.vector_11      0x9fc01360        0x8
 *(.vector_11)
 .vector_11     0x9fc01360        0x8 /Applications/microchip/xc32/v1.32/bin/bin/../../lib/gcc/pic32mx/4.5.2/../../../../pic32mx/lib/libpic32.a(vector11.o)
                0x9fc01360                __vector_dispatch_11
                0x00000001                ASSERT (((_vector_spacing == 0x0) || (SIZEOF (.vector_11) <= (_vector_spacing << 0x5))), function at exception vector 11 too large)

.vector_12      0x9fc01380        0x8
 *(.vector_12)
 .vector_12     0x9fc01380        0x8 build/USB-II_STARTER_KIT/production/_ext/1472/IntQueueTimer.o
                0x9fc01380                __vector_dispatch_12
                0x00000001                ASSERT (((_vector_spacing == 0x0) || (SIZEOF (.vector_12) <= (_vector_spacing << 0x5))), function at exception vector 12 too large)

.vector_13      0x9fc013a0        0x8
 *(.vector_13)
 .vector_13     0x9fc013a0        0x8 /Applications/microchip/xc32/v1.32/bin/bin/../../lib/gcc/pic32mx/4.5.2/../../../../pic32mx/lib/libpic32.a(vector13.o)
                0x9fc013a0                __vector_dispatch_13
                0x00000001                ASSERT (((_vector_spacing == 0x0) || (SIZEOF (.vector_13) <= (_vector_spacing << 0x5))), function at exception vector 13 too large)

.vector_14      0x9fc013c0        0x8
 *(.vector_14)
 .vector_14     0x9fc013c0        0x8 /Applications/microchip/xc32/v1.32/bin/bin/../../lib/gcc/pic32mx/4.5.2/../../../../pic32mx/lib/libpic32.a(vector14.o)
                0x9fc013c0                __vector_dispatch_14
                0x00000001                ASSERT (((_vector_spacing == 0x0) || (SIZEOF (.vector_14) <= (_vector_spacing << 0x5))), function at exception vector 14 too large)

.vector_15      0x9fc013e0        0x8
 *(.vector_15)
 .vector_15     0x9fc013e0        0x8 /Applications/microchip/xc32/v1.32/bin/bin/../../lib/gcc/pic32mx/4.5.2/../../../../pic32mx/lib/libpic32.a(vector15.o)
                0x9fc013e0                __vector_dispatch_15
                0x00000001                ASSERT (((_vector_spacing == 0x0) || (SIZEOF (.vector_15) <= (_vector_spacing << 0x5))), function at exception vector 15 too large)

.vector_16      0x9fc01400        0x8
 *(.vector_16)
 .vector_16     0x9fc01400        0x8 build/USB-II_STARTER_KIT/production/_ext/1472/IntQueueTimer.o
                0x9fc01400                __vector_dispatch_16
                0x00000001                ASSERT (((_vector_spacing == 0x0) || (SIZEOF (.vector_16) <= (_vector_spacing << 0x5))), function at exception vector 16 too large)

.vector_17      0x9fc01420        0x8
 *(.vector_17)
 .vector_17     0x9fc01420        0x8 /Applications/microchip/xc32/v1.32/bin/bin/../../lib/gcc/pic32mx/4.5.2/../../../../pic32mx/lib/libpic32.a(vector17.o)
                0x9fc01420                __vector_dispatch_17
                0x00000001                ASSERT (((_vector_spacing == 0x0) || (SIZEOF (.vector_17) <= (_vector_spacing << 0x5))), function at exception vector 17 too large)

.vector_18      0x9fc01440        0x8
 *(.vector_18)
 .vector_18     0x9fc01440        0x8 /Applications/microchip/xc32/v1.32/bin/bin/../../lib/gcc/pic32mx/4.5.2/../../../../pic32mx/lib/libpic32.a(vector18.o)
                0x9fc01440                __vector_dispatch_18
                0x00000001                ASSERT (((_vector_spacing == 0x0) || (SIZEOF (.vector_18) <= (_vector_spacing << 0x5))), function at exception vector 18 too large)

.vector_19      0x9fc01460        0x8
 *(.vector_19)
 .vector_19     0x9fc01460        0x8 /Applications/microchip/xc32/v1.32/bin/bin/../../lib/gcc/pic32mx/4.5.2/../../../../pic32mx/lib/libpic32.a(vector19.o)
                0x9fc01460                __vector_dispatch_19
                0x00000001                ASSERT (((_vector_spacing == 0x0) || (SIZEOF (.vector_19) <= (_vector_spacing << 0x5))), function at exception vector 19 too large)

.vector_20      0x9fc01480        0x8
 *(.vector_20)
 .vector_20     0x9fc01480        0x8 /Applications/microchip/xc32/v1.32/bin/bin/../../lib/gcc/pic32mx/4.5.2/../../../../pic32mx/lib/libpic32.a(vector20.o)
                0x9fc01480                __vector_dispatch_20
                0x00000001                ASSERT (((_vector_spacing == 0x0) || (SIZEOF (.vector_20) <= (_vector_spacing << 0x5))), function at exception vector 20 too large)

.vector_21      0x9fc014a0        0x8
 *(.vector_21)
 .vector_21     0x9fc014a0        0x8 /Applications/microchip/xc32/v1.32/bin/bin/../../lib/gcc/pic32mx/4.5.2/../../../../pic32mx/lib/libpic32.a(vector21.o)
                0x9fc014a0                __vector_dispatch_21
                0x00000001                ASSERT (((_vector_spacing == 0x0) || (SIZEOF (.vector_21) <= (_vector_spacing << 0x5))), function at exception vector 21 too large)

.vector_22      0x9fc014c0        0x8
 *(.vector_22)
 .vector_22     0x9fc014c0        0x8 /Applications/microchip/xc32/v1.32/bin/bin/../../lib/gcc/pic32mx/4.5.2/../../../../pic32mx/lib/libpic32.a(vector22.o)
                0x9fc014c0                __vector_dispatch_22
                0x00000001                ASSERT (((_vector_spacing == 0x0) || (SIZEOF (.vector_22) <= (_vector_spacing << 0x5))), function at exception vector 22 too large)

.vector_23      0x9fc014e0        0x8
 *(.vector_23)
 .vector_23     0x9fc014e0        0x8 /Applications/microchip/xc32/v1.32/bin/bin/../../lib/gcc/pic32mx/4.5.2/../../../../pic32mx/lib/libpic32.a(vector23.o)
                0x9fc014e0                __vector_dispatch_23
                0x00000001                ASSERT (((_vector_spacing == 0x0) || (SIZEOF (.vector_23) <= (_vector_spacing << 0x5))), function at exception vector 23 too large)

.vector_24      0x9fc01500        0x8
 *(.vector_24)
 .vector_24     0x9fc01500        0x8 /Applications/microchip/xc32/v1.32/bin/bin/../../lib/gcc/pic32mx/4.5.2/../../../../pic32mx/lib/libpic32.a(vector24.o)
                0x9fc01500                __vector_dispatch_24
                0x00000001                ASSERT (((_vector_spacing == 0x0) || (SIZEOF (.vector_24) <= (_vector_spacing << 0x5))), function at exception vector 24 too large)

.vector_25      0x9fc01520        0x8
 *(.vector_25)
 .vector_25     0x9fc01520        0x8 /Applications/microchip/xc32/v1.32/bin/bin/../../lib/gcc/pic32mx/4.5.2/../../../../pic32mx/lib/libpic32.a(vector25.o)
                0x9fc01520                __vector_dispatch_25
                0x00000001                ASSERT (((_vector_spacing == 0x0) || (SIZEOF (.vector_25) <= (_vector_spacing << 0x5))), function at exception vector 25 too large)

.vector_26      0x9fc01540        0x8
 *(.vector_26)
 .vector_26     0x9fc01540        0x8 /Applications/microchip/xc32/v1.32/bin/bin/../../lib/gcc/pic32mx/4.5.2/../../../../pic32mx/lib/libpic32.a(vector26.o)
                0x9fc01540                __vector_dispatch_26
                0x00000001                ASSERT (((_vector_spacing == 0x0) || (SIZEOF (.vector_26) <= (_vector_spacing << 0x5))), function at exception vector 26 too large)

.vector_27      0x9fc01560        0x8
 *(.vector_27)
 .vector_27     0x9fc01560        0x8 /Applications/microchip/xc32/v1.32/bin/bin/../../lib/gcc/pic32mx/4.5.2/../../../../pic32mx/lib/libpic32.a(vector27.o)
                0x9fc01560                __vector_dispatch_27
                0x00000001                ASSERT (((_vector_spacing == 0x0) || (SIZEOF (.vector_27) <= (_vector_spacing << 0x5))), function at exception vector 27 too large)

.vector_28      0x9fc01580        0x8
 *(.vector_28)
 .vector_28     0x9fc01580        0x8 /Applications/microchip/xc32/v1.32/bin/bin/../../lib/gcc/pic32mx/4.5.2/../../../../pic32mx/lib/libpic32.a(vector28.o)
                0x9fc01580                __vector_dispatch_28
                0x00000001                ASSERT (((_vector_spacing == 0x0) || (SIZEOF (.vector_28) <= (_vector_spacing << 0x5))), function at exception vector 28 too large)

.vector_29      0x9fc015a0        0x8
 *(.vector_29)
 .vector_29     0x9fc015a0        0x8 /Applications/microchip/xc32/v1.32/bin/bin/../../lib/gcc/pic32mx/4.5.2/../../../../pic32mx/lib/libpic32.a(vector29.o)
                0x9fc015a0                __vector_dispatch_29
                0x00000001                ASSERT (((_vector_spacing == 0x0) || (SIZEOF (.vector_29) <= (_vector_spacing << 0x5))), function at exception vector 29 too large)

.vector_30      0x9fc015c0        0x8
 *(.vector_30)
 .vector_30     0x9fc015c0        0x8 /Applications/microchip/xc32/v1.32/bin/bin/../../lib/gcc/pic32mx/4.5.2/../../../../pic32mx/lib/libpic32.a(vector30.o)
                0x9fc015c0                __vector_dispatch_30
                0x00000001                ASSERT (((_vector_spacing == 0x0) || (SIZEOF (.vector_30) <= (_vector_spacing << 0x5))), function at exception vector 30 too large)

.vector_31      0x9fc015e0        0x8
 *(.vector_31)
 .vector_31     0x9fc015e0        0x8 /Applications/microchip/xc32/v1.32/bin/bin/../../lib/gcc/pic32mx/4.5.2/../../../../pic32mx/lib/libpic32.a(vector31.o)
                0x9fc015e0                __vector_dispatch_31
                0x00000001                ASSERT (((_vector_spacing == 0x0) || (SIZEOF (.vector_31) <= (_vector_spacing << 0x5))), function at exception vector 31 too large)

.vector_32      0x9fc01600        0x8
 *(.vector_32)
 .vector_32     0x9fc01600        0x8 build/USB-II_STARTER_KIT/production/_ext/821501661/serial.o
                0x9fc01600                __vector_dispatch_32
                0x00000001                ASSERT (((_vector_spacing == 0x0) || (SIZEOF (.vector_32) <= (_vector_spacing << 0x5))), function at exception vector 32 too large)

.vector_33      0x9fc01620        0x8
 *(.vector_33)
 .vector_33     0x9fc01620        0x8 /Applications/microchip/xc32/v1.32/bin/bin/../../lib/gcc/pic32mx/4.5.2/../../../../pic32mx/lib/libpic32.a(vector33.o)
                0x9fc01620                __vector_dispatch_33
                0x00000001                ASSERT (((_vector_spacing == 0x0) || (SIZEOF (.vector_33) <= (_vector_spacing << 0x5))), function at exception vector 33 too large)

.vector_34      0x9fc01640        0x8
 *(.vector_34)
 .vector_34     0x9fc01640        0x8 /Applications/microchip/xc32/v1.32/bin/bin/../../lib/gcc/pic32mx/4.5.2/../../../../pic32mx/lib/libpic32.a(vector34.o)
                0x9fc01640                __vector_dispatch_34
                0x00000001                ASSERT (((_vector_spacing == 0x0) || (SIZEOF (.vector_34) <= (_vector_spacing << 0x5))), function at exception vector 34 too large)

.vector_35      0x9fc01660        0x8
 *(.vector_35)
 .vector_35     0x9fc01660        0x8 /Applications/microchip/xc32/v1.32/bin/bin/../../lib/gcc/pic32mx/4.5.2/../../../../pic32mx/lib/libpic32.a(vector35.o)
                0x9fc01660                __vector_dispatch_35
                0x00000001                ASSERT (((_vector_spacing == 0x0) || (SIZEOF (.vector_35) <= (_vector_spacing << 0x5))), function at exception vector 35 too large)

.vector_36      0x9fc01680        0x8
 *(.vector_36)
 .vector_36     0x9fc01680        0x8 /Applications/microchip/xc32/v1.32/bin/bin/../../lib/gcc/pic32mx/4.5.2/../../../../pic32mx/lib/libpic32.a(vector36.o)
                0x9fc01680                __vector_dispatch_36
                0x00000001                ASSERT (((_vector_spacing == 0x0) || (SIZEOF (.vector_36) <= (_vector_spacing << 0x5))), function at exception vector 36 too large)

.vector_37      0x9fc016a0        0x8
 *(.vector_37)
 .vector_37     0x9fc016a0        0x8 /Applications/microchip/xc32/v1.32/bin/bin/../../lib/gcc/pic32mx/4.5.2/../../../../pic32mx/lib/libpic32.a(vector37.o)
                0x9fc016a0                __vector_dispatch_37
                0x00000001                ASSERT (((_vector_spacing == 0x0) || (SIZEOF (.vector_37) <= (_vector_spacing << 0x5))), function at exception vector 37 too large)

.vector_38      0x9fc016c0        0x8
 *(.vector_38)
 .vector_38     0x9fc016c0        0x8 /Applications/microchip/xc32/v1.32/bin/bin/../../lib/gcc/pic32mx/4.5.2/../../../../pic32mx/lib/libpic32.a(vector38.o)
                0x9fc016c0                __vector_dispatch_38
                0x00000001                ASSERT (((_vector_spacing == 0x0) || (SIZEOF (.vector_38) <= (_vector_spacing << 0x5))), function at exception vector 38 too large)

.vector_39      0x9fc016e0        0x8
 *(.vector_39)
 .vector_39     0x9fc016e0        0x8 /Applications/microchip/xc32/v1.32/bin/bin/../../lib/gcc/pic32mx/4.5.2/../../../../pic32mx/lib/libpic32.a(vector39.o)
                0x9fc016e0                __vector_dispatch_39
                0x00000001                ASSERT (((_vector_spacing == 0x0) || (SIZEOF (.vector_39) <= (_vector_spacing << 0x5))), function at exception vector 39 too large)

.vector_40      0x9fc01700        0x8
 *(.vector_40)
 .vector_40     0x9fc01700        0x8 /Applications/microchip/xc32/v1.32/bin/bin/../../lib/gcc/pic32mx/4.5.2/../../../../pic32mx/lib/libpic32.a(vector40.o)
                0x9fc01700                __vector_dispatch_40
                0x00000001                ASSERT (((_vector_spacing == 0x0) || (SIZEOF (.vector_40) <= (_vector_spacing << 0x5))), function at exception vector 40 too large)

.vector_41      0x9fc01720        0x8
 *(.vector_41)
 .vector_41     0x9fc01720        0x8 /Applications/microchip/xc32/v1.32/bin/bin/../../lib/gcc/pic32mx/4.5.2/../../../../pic32mx/lib/libpic32.a(vector41.o)
                0x9fc01720                __vector_dispatch_41
                0x00000001                ASSERT (((_vector_spacing == 0x0) || (SIZEOF (.vector_41) <= (_vector_spacing << 0x5))), function at exception vector 41 too large)

.vector_42      0x9fc01740        0x8
 *(.vector_42)
 .vector_42     0x9fc01740        0x8 /Applications/microchip/xc32/v1.32/bin/bin/../../lib/gcc/pic32mx/4.5.2/../../../../pic32mx/lib/libpic32.a(vector42.o)
                0x9fc01740                __vector_dispatch_42
                0x00000001                ASSERT (((_vector_spacing == 0x0) || (SIZEOF (.vector_42) <= (_vector_spacing << 0x5))), function at exception vector 42 too large)

.vector_43      0x9fc01760        0x8
 *(.vector_43)
 .vector_43     0x9fc01760        0x8 /Applications/microchip/xc32/v1.32/bin/bin/../../lib/gcc/pic32mx/4.5.2/../../../../pic32mx/lib/libpic32.a(vector43.o)
                0x9fc01760                __vector_dispatch_43
                0x00000001                ASSERT (((_vector_spacing == 0x0) || (SIZEOF (.vector_43) <= (_vector_spacing << 0x5))), function at exception vector 43 too large)

.vector_44      0x9fc01780        0x8
 *(.vector_44)
 .vector_44     0x9fc01780        0x8 /Applications/microchip/xc32/v1.32/bin/bin/../../lib/gcc/pic32mx/4.5.2/../../../../pic32mx/lib/libpic32.a(vector44.o)
                0x9fc01780                __vector_dispatch_44
                0x00000001                ASSERT (((_vector_spacing == 0x0) || (SIZEOF (.vector_44) <= (_vector_spacing << 0x5))), function at exception vector 44 too large)

.vector_45      0x9fc017a0        0x8
 *(.vector_45)
 .vector_45     0x9fc017a0        0x8 /Applications/microchip/xc32/v1.32/bin/bin/../../lib/gcc/pic32mx/4.5.2/../../../../pic32mx/lib/libpic32.a(vector45.o)
                0x9fc017a0                __vector_dispatch_45
                0x00000001                ASSERT (((_vector_spacing == 0x0) || (SIZEOF (.vector_45) <= (_vector_spacing << 0x5))), function at exception vector 45 too large)

.vector_46      0x9fc017c0        0x8
 *(.vector_46)
 .vector_46     0x9fc017c0        0x8 /Applications/microchip/xc32/v1.32/bin/bin/../../lib/gcc/pic32mx/4.5.2/../../../../pic32mx/lib/libpic32.a(vector46.o)
                0x9fc017c0                __vector_dispatch_46
                0x00000001                ASSERT (((_vector_spacing == 0x0) || (SIZEOF (.vector_46) <= (_vector_spacing << 0x5))), function at exception vector 46 too large)

.vector_47      0x9fc017e0        0x8
 *(.vector_47)
 .vector_47     0x9fc017e0        0x8 /Applications/microchip/xc32/v1.32/bin/bin/../../lib/gcc/pic32mx/4.5.2/../../../../pic32mx/lib/libpic32.a(vector47.o)
                0x9fc017e0                __vector_dispatch_47
                0x00000001                ASSERT (((_vector_spacing == 0x0) || (SIZEOF (.vector_47) <= (_vector_spacing << 0x5))), function at exception vector 47 too large)

.vector_48      0x9fc01800        0x8
 *(.vector_48)
 .vector_48     0x9fc01800        0x8 /Applications/microchip/xc32/v1.32/bin/bin/../../lib/gcc/pic32mx/4.5.2/../../../../pic32mx/lib/libpic32.a(vector48.o)
                0x9fc01800                __vector_dispatch_48
                0x00000001                ASSERT (((_vector_spacing == 0x0) || (SIZEOF (.vector_48) <= (_vector_spacing << 0x5))), function at exception vector 48 too large)

.vector_49      0x9fc01820        0x8
 *(.vector_49)
 .vector_49     0x9fc01820        0x8 /Applications/microchip/xc32/v1.32/bin/bin/../../lib/gcc/pic32mx/4.5.2/../../../../pic32mx/lib/libpic32.a(vector49.o)
                0x9fc01820                __vector_dispatch_49
                0x00000001                ASSERT (((_vector_spacing == 0x0) || (SIZEOF (.vector_49) <= (_vector_spacing << 0x5))), function at exception vector 49 too large)

.vector_50      0x9fc01840        0x8
 *(.vector_50)
 .vector_50     0x9fc01840        0x8 /Applications/microchip/xc32/v1.32/bin/bin/../../lib/gcc/pic32mx/4.5.2/../../../../pic32mx/lib/libpic32.a(vector50.o)
                0x9fc01840                __vector_dispatch_50
                0x00000001                ASSERT (((_vector_spacing == 0x0) || (SIZEOF (.vector_50) <= (_vector_spacing << 0x5))), function at exception vector 50 too large)

.vector_51      0x9fc01860        0x8
 *(.vector_51)
 .vector_51     0x9fc01860        0x8 /Applications/microchip/xc32/v1.32/bin/bin/../../lib/gcc/pic32mx/4.5.2/../../../../pic32mx/lib/libpic32.a(vector51.o)
                0x9fc01860                __vector_dispatch_51
                0x00000001                ASSERT (((_vector_spacing == 0x0) || (SIZEOF (.vector_51) <= (_vector_spacing << 0x5))), function at exception vector 51 too large)

.vector_52      0x9fc01880        0x8
 *(.vector_52)
 .vector_52     0x9fc01880        0x8 /Applications/microchip/xc32/v1.32/bin/bin/../../lib/gcc/pic32mx/4.5.2/../../../../pic32mx/lib/libpic32.a(vector52.o)
                0x9fc01880                __vector_dispatch_52
                0x00000001                ASSERT (((_vector_spacing == 0x0) || (SIZEOF (.vector_52) <= (_vector_spacing << 0x5))), function at exception vector 52 too large)

.vector_53      0x9fc018a0        0x8
 *(.vector_53)
 .vector_53     0x9fc018a0        0x8 /Applications/microchip/xc32/v1.32/bin/bin/../../lib/gcc/pic32mx/4.5.2/../../../../pic32mx/lib/libpic32.a(vector53.o)
                0x9fc018a0                __vector_dispatch_53
                0x00000001                ASSERT (((_vector_spacing == 0x0) || (SIZEOF (.vector_53) <= (_vector_spacing << 0x5))), function at exception vector 53 too large)

.vector_54      0x9fc018c0        0x8
 *(.vector_54)
 .vector_54     0x9fc018c0        0x8 /Applications/microchip/xc32/v1.32/bin/bin/../../lib/gcc/pic32mx/4.5.2/../../../../pic32mx/lib/libpic32.a(vector54.o)
                0x9fc018c0                __vector_dispatch_54
                0x00000001                ASSERT (((_vector_spacing == 0x0) || (SIZEOF (.vector_54) <= (_vector_spacing << 0x5))), function at exception vector 54 too large)

.vector_55      0x9fc018e0        0x8
 *(.vector_55)
 .vector_55     0x9fc018e0        0x8 /Applications/microchip/xc32/v1.32/bin/bin/../../lib/gcc/pic32mx/4.5.2/../../../../pic32mx/lib/libpic32.a(vector55.o)
                0x9fc018e0                __vector_dispatch_55
                0x00000001                ASSERT (((_vector_spacing == 0x0) || (SIZEOF (.vector_55) <= (_vector_spacing << 0x5))), function at exception vector 55 too large)

.vector_56      0x9fc01900        0x8
 *(.vector_56)
 .vector_56     0x9fc01900        0x8 /Applications/microchip/xc32/v1.32/bin/bin/../../lib/gcc/pic32mx/4.5.2/../../../../pic32mx/lib/libpic32.a(vector56.o)
                0x9fc01900                __vector_dispatch_56
                0x00000001                ASSERT (((_vector_spacing == 0x0) || (SIZEOF (.vector_56) <= (_vector_spacing << 0x5))), function at exception vector 56 too large)

.vector_57      0x9fc01920        0x8
 *(.vector_57)
 .vector_57     0x9fc01920        0x8 /Applications/microchip/xc32/v1.32/bin/bin/../../lib/gcc/pic32mx/4.5.2/../../../../pic32mx/lib/libpic32.a(vector57.o)
                0x9fc01920                __vector_dispatch_57
                0x00000001                ASSERT (((_vector_spacing == 0x0) || (SIZEOF (.vector_57) <= (_vector_spacing << 0x5))), function at exception vector 57 too large)

.vector_58      0x9fc01940        0x8
 *(.vector_58)
 .vector_58     0x9fc01940        0x8 /Applications/microchip/xc32/v1.32/bin/bin/../../lib/gcc/pic32mx/4.5.2/../../../../pic32mx/lib/libpic32.a(vector58.o)
                0x9fc01940                __vector_dispatch_58
                0x00000001                ASSERT (((_vector_spacing == 0x0) || (SIZEOF (.vector_58) <= (_vector_spacing << 0x5))), function at exception vector 58 too large)

.vector_59      0x9fc01960        0x8
 *(.vector_59)
 .vector_59     0x9fc01960        0x8 /Applications/microchip/xc32/v1.32/bin/bin/../../lib/gcc/pic32mx/4.5.2/../../../../pic32mx/lib/libpic32.a(vector59.o)
                0x9fc01960                __vector_dispatch_59
                0x00000001                ASSERT (((_vector_spacing == 0x0) || (SIZEOF (.vector_59) <= (_vector_spacing << 0x5))), function at exception vector 59 too large)

.vector_60      0x9fc01980        0x8
 *(.vector_60)
 .vector_60     0x9fc01980        0x8 /Applications/microchip/xc32/v1.32/bin/bin/../../lib/gcc/pic32mx/4.5.2/../../../../pic32mx/lib/libpic32.a(vector60.o)
                0x9fc01980                __vector_dispatch_60
                0x00000001                ASSERT (((_vector_spacing == 0x0) || (SIZEOF (.vector_60) <= (_vector_spacing << 0x5))), function at exception vector 60 too large)

.vector_61      0x9fc019a0        0x8
 *(.vector_61)
 .vector_61     0x9fc019a0        0x8 /Applications/microchip/xc32/v1.32/bin/bin/../../lib/gcc/pic32mx/4.5.2/../../../../pic32mx/lib/libpic32.a(vector61.o)
                0x9fc019a0                __vector_dispatch_61
                0x00000001                ASSERT (((_vector_spacing == 0x0) || (SIZEOF (.vector_61) <= (_vector_spacing << 0x5))), function at exception vector 61 too large)

.vector_62      0x9fc019c0        0x8
 *(.vector_62)
 .vector_62     0x9fc019c0        0x8 /Applications/microchip/xc32/v1.32/bin/bin/../../lib/gcc/pic32mx/4.5.2/../../../../pic32mx/lib/libpic32.a(vector62.o)
                0x9fc019c0                __vector_dispatch_62
                0x00000001                ASSERT (((_vector_spacing == 0x0) || (SIZEOF (.vector_62) <= (_vector_spacing << 0x5))), function at exception vector 62 too large)

.vector_63      0x9fc019e0        0x8
 *(.vector_63)
 .vector_63     0x9fc019e0        0x8 /Applications/microchip/xc32/v1.32/bin/bin/../../lib/gcc/pic32mx/4.5.2/../../../../pic32mx/lib/libpic32.a(vector63.o)
                0x9fc019e0                __vector_dispatch_63
                0x00000001                ASSERT (((_vector_spacing == 0x0) || (SIZEOF (.vector_63) <= (_vector_spacing << 0x5))), function at exception vector 63 too large)

.startup
 *(.startup)

.text           0x9d000000        0x0
 *(.stub .gnu.linkonce.t.*)
 *(.text.*personality*)
 *(.mips16.fn.*)
 *(.mips16.call.*)
 *(.gnu.warning)
                0x9d000000                . = ALIGN (0x4)

.init           0x9d000000        0x0
 *crti.o(.init)
 *crtbegin.o(.init)
 *(EXCLUDE_FILE(*crtn.o *crtend?.o *crtend.o) .init)
 *crtend.o(.init)
 *crtn.o(.init)
                0x9d000000                . = ALIGN (0x4)

.fini           0x9d000000        0x0
 *(.fini)
                0x9d000000                . = ALIGN (0x4)

.preinit_array  0x9d000000        0x0
                0x9d000000                PROVIDE (__preinit_array_start, .)
 *(.preinit_array)
                0x9d000000                PROVIDE (__preinit_array_end, .)
                0x9d000000                . = ALIGN (0x4)

.init_array     0x9d000000        0x0
                0x9d000000                PROVIDE (__init_array_start, .)
 *(SORT(.init_array.*))
 *(.init_array)
                0x9d000000                PROVIDE (__init_array_end, .)
                0x9d000000                . = ALIGN (0x4)

.fini_array     0x9d000000        0x0
                0x9d000000                PROVIDE (__fini_array_start, .)
 *(SORT(.fini_array.*))
 *(.fini_array)
                0x9d000000                PROVIDE (__fini_array_end, .)
                0x9d000000                . = ALIGN (0x4)

.ctors          0x9d000000        0x0
 *crtbegin.o(.ctors)
 *crtbegin?.o(.ctors)
 *(EXCLUDE_FILE(*crtend?.o *crtend.o) .ctors)
 *(SORT(.ctors.*))
 *(.ctors)
                0x9d000000                . = ALIGN (0x4)

.dtors          0x9d000000        0x0
 *crtbegin.o(.dtors)
 *crtbegin?.o(.dtors)
 *(EXCLUDE_FILE(*crtend?.o *crtend.o) .dtors)
 *(SORT(.dtors.*))
 *(.dtors)
                0x9d000000                . = ALIGN (0x4)

.rodata         0x9d000000        0x0
 *(.gnu.linkonce.r.*)
 *(.rodata1)
                0x9d000000                . = ALIGN (0x4)

.sdata2         0x9fc00490        0x0
 *(.sdata2 .sdata2.* .gnu.linkonce.s2.*)
                0x9fc00490                . = ALIGN (0x4)

.sbss2          0x9fc00490        0x0
 *(.sbss2 .sbss2.* .gnu.linkonce.sb2.*)
                0x9fc00490                . = ALIGN (0x4)

.eh_frame_hdr
 *(.eh_frame_hdr)
                0x9fc00490                . = ALIGN (0x4)

.eh_frame
 *(.eh_frame)
                0x9fc00490                . = ALIGN (0x4)

.gcc_except_table
 *(.gcc_except_table .gcc_except_table.*)
                0x9fc00490                . = ALIGN (0x4)

.dbg_data       0xa0000000        0x0
                0xa0000000                . = (. + DEFINED (_DEBUGGER)?0x200:0x0)

.jcr            0xa0000000        0x0
 *(.jcr)
                0xa0000000                . = ALIGN (0x4)

.eh_frame       0xa0000000       0x30
 *(.eh_frame)
 .eh_frame      0xa0000000       0x20 /Applications/microchip/xc32/v1.32/bin/bin/../../lib/gcc/pic32mx/4.5.2/libgcc.a(_udivdi3.o)
 .eh_frame      0xa0000020       0x10 /Applications/microchip/xc32/v1.32/bin/bin/../../lib/gcc/pic32mx/4.5.2/libgcc.a(_umoddi3.o)
                0xa0000030                . = ALIGN (0x4)

.gcc_except_table
 *(.gcc_except_table .gcc_except_table.*)
                0xa0000030                . = ALIGN (0x4)

.persist        0xa0000030        0x0
                0xa0000030                _persist_begin = .
 *(.persist .persist.*)
 *(.pbss .pbss.*)
                0xa0000030                . = ALIGN (0x4)
                0xa0000030                _persist_end = .

.data           0xa0000030        0x0
 *(.gnu.linkonce.d.*)
 *(.data1)
                0xa0000030                . = ALIGN (0x4)
                0xa0000030                . = .
                0xa0008020                _gp = (ALIGN (0x10) + 0x7ff0)

.got            0xa0000030        0x0
 *(.got.plt)
 *(.got)
                0xa0000030                . = ALIGN (0x4)

.sdata          0xa0000030       0x14
                0xa0000030                _sdata_begin = .
 *(.sdata .sdata.* .gnu.linkonce.s.*)
 .sdata         0xa0000030        0x4 build/USB-II_STARTER_KIT/production/_ext/332309696/port.o
                0xa0000030                uxInterruptNesting
 .sdata         0xa0000034        0x4 build/USB-II_STARTER_KIT/production/_ext/1163846883/IntQueue.o
 .sdata         0xa0000038        0x8 build/USB-II_STARTER_KIT/production/_ext/1472/main_full.o
 .sdata         0xa0000040        0x4 /Applications/microchip/xc32/v1.32/bin/bin/../../lib/gcc/pic32mx/4.5.2/../../../../pic32mx/lib/libc.a(_iob.o)
                0xa0000040                _Files
                0xa0000044                . = ALIGN (0x4)
                0xa0000044                _sdata_end = .

.lit8
 *(.lit8)

.lit4
 *(.lit4)
                0xa0000044                . = ALIGN (0x4)
                0xa0000044                _data_end = .
                0xa0000044                _bss_begin = .

.sbss           0xa0000044      0x170
                0xa0000044                _sbss_begin = .
 *(.dynsbss)
 *(.sbss .sbss.* .gnu.linkonce.sb.*)
 .sbss          0xa0000044        0x4 build/USB-II_STARTER_KIT/production/_ext/332309696/port.o
                0xa0000044                uxSavedTaskStackPointer
 .sbss          0xa0000048       0x38 build/USB-II_STARTER_KIT/production/_ext/449926602/tasks.o
                0xa0000048                pxCurrentTCB
 .sbss          0xa0000080       0x10 build/USB-II_STARTER_KIT/production/_ext/449926602/timers.o
 .sbss          0xa0000090       0x18 build/USB-II_STARTER_KIT/production/_ext/1884096877/heap_4.o
 .sbss          0xa00000a8       0x20 build/USB-II_STARTER_KIT/production/_ext/1163846883/blocktim.o
 .sbss          0xa00000c8        0xc build/USB-II_STARTER_KIT/production/_ext/1163846883/comtest.o
 .sbss          0xa00000d4       0x14 build/USB-II_STARTER_KIT/production/_ext/1163846883/semtest.o
 .sbss          0xa00000e8        0xc build/USB-II_STARTER_KIT/production/_ext/1163846883/QPeek.o
 .sbss          0xa00000f4       0x40 build/USB-II_STARTER_KIT/production/_ext/1163846883/IntQueue.o
                0xa0000114                uxValueForNormallyEmptyQueue
                0xa0000118                uxValueForNormallyFullQueue
 .sbss          0xa0000134       0x20 build/USB-II_STARTER_KIT/production/_ext/1163846883/GenQTest.o
 .sbss          0xa0000154       0x14 build/USB-II_STARTER_KIT/production/_ext/821501661/serial.o
 .sbss          0xa0000168        0xc build/USB-II_STARTER_KIT/production/_ext/1472/timertest.o
                0xa0000168                ulHighFrequencyTimerInterrupts
 .sbss          0xa0000174        0x4 build/USB-II_STARTER_KIT/production/_ext/1472/main_blinky.o
 .sbss          0xa0000178       0x18 build/USB-II_STARTER_KIT/production/_ext/1472/main_full.o
                0xa000017c                ulRegTest1Cycles
                0xa0000180                ulRegTest2Cycles
 .sbss          0xa0000190        0x1 /Applications/microchip/xc32/v1.32/bin/bin/../../lib/gcc/pic32mx/4.5.2/../../../../pic32mx/lib/libc.a(_iob.o)
                0xa0000190                _outdone
 *(.scommon)
 *fill*         0xa0000191        0x3 
 .scommon       0xa0000194        0xc build/USB-II_STARTER_KIT/production/_ext/1163846883/QPeek.o
                0xa0000194                xHighPriorityTask
                0xa0000198                xHighestPriorityTask
                0xa000019c                xMediumPriorityTask
 .scommon       0xa00001a0       0x10 build/USB-II_STARTER_KIT/production/_ext/1163846883/IntQueue.o
                0xa00001a0                xHighPriorityNormallyEmptyTask2
                0xa00001a4                xHighPriorityNormallyEmptyTask1
                0xa00001a8                xHighPriorityNormallyFullTask1
                0xa00001ac                xHighPriorityNormallyFullTask2
 .scommon       0xa00001b0        0x4 build/USB-II_STARTER_KIT/production/_ext/1472/lcd.o
                0xa00001b0                xLCDQueue
                0xa00001b4                _sbss_end = .
                0xa00001b4                . = ALIGN (0x4)

.bss            0xa00001b4        0x0
 *(.dynbss)
 *(COMMON)
                0xa00001b4                . = ALIGN ((. != 0x0)?0x4:0x1)
                0xa00001b4                . = ALIGN (0x4)
                0xa00001b4                _end = .
                0xa00001b4                _bss_end = .
                0x00020000                _bmxdudba_address = 0x20000
                0x00020000                _bmxdupba_address = 0x20000

/DISCARD/
 *(.pdr)
 *(.rel.dyn)
 *(.note.GNU-stack)
 *(.note.GNU-stack)
 *(.gnu_debuglink)
 *(.gnu.lto_*)
 *(.discard)

.gptab.sdata
 *(.gptab.data)
 *(.gptab.sdata)

.gptab.sbss
 *(.gptab.bss)
 *(.gptab.sbss)

.mdebug.abi32   0xa00001b4        0x0
 *(.mdebug.abi32)
 .mdebug.abi32  0xa00001b4        0x0 build/USB-II_STARTER_KIT/production/_ext/332309696/port.o
 .mdebug.abi32  0xa00001b4        0x0 build/USB-II_STARTER_KIT/production/_ext/449926602/queue.o
 .mdebug.abi32  0xa00001b4        0x0 build/USB-II_STARTER_KIT/production/_ext/449926602/tasks.o
 .mdebug.abi32  0xa00001b4        0x0 build/USB-II_STARTER_KIT/production/_ext/449926602/list.o
 .mdebug.abi32  0xa00001b4        0x0 build/USB-II_STARTER_KIT/production/_ext/449926602/timers.o
 .mdebug.abi32  0xa00001b4        0x0 build/USB-II_STARTER_KIT/production/_ext/1884096877/heap_4.o
 .mdebug.abi32  0xa00001b4        0x0 build/USB-II_STARTER_KIT/production/_ext/1163846883/blocktim.o
 .mdebug.abi32  0xa00001b4        0x0 build/USB-II_STARTER_KIT/production/_ext/1163846883/comtest.o
 .mdebug.abi32  0xa00001b4        0x0 build/USB-II_STARTER_KIT/production/_ext/1163846883/semtest.o
 .mdebug.abi32  0xa00001b4        0x0 build/USB-II_STARTER_KIT/production/_ext/1163846883/QPeek.o
 .mdebug.abi32  0xa00001b4        0x0 build/USB-II_STARTER_KIT/production/_ext/1163846883/IntQueue.o
 .mdebug.abi32  0xa00001b4        0x0 build/USB-II_STARTER_KIT/production/_ext/1163846883/GenQTest.o
 .mdebug.abi32  0xa00001b4        0x0 build/USB-II_STARTER_KIT/production/_ext/1163846883/flash_timer.o
 .mdebug.abi32  0xa00001b4        0x0 build/USB-II_STARTER_KIT/production/_ext/1472/main.o
 .mdebug.abi32  0xa00001b4        0x0 build/USB-II_STARTER_KIT/production/_ext/1472/lcd.o
 .mdebug.abi32  0xa00001b4        0x0 build/USB-II_STARTER_KIT/production/_ext/821501661/serial.o
 .mdebug.abi32  0xa00001b4        0x0 build/USB-II_STARTER_KIT/production/_ext/1472/timertest.o
 .mdebug.abi32  0xa00001b4        0x0 build/USB-II_STARTER_KIT/production/_ext/1472/IntQueueTimer.o
 .mdebug.abi32  0xa00001b4        0x0 build/USB-II_STARTER_KIT/production/_ext/1472/printf-stdarg.o
 .mdebug.abi32  0xa00001b4        0x0 build/USB-II_STARTER_KIT/production/_ext/1472/main_blinky.o
 .mdebug.abi32  0xa00001b4        0x0 build/USB-II_STARTER_KIT/production/_ext/1472/main_full.o
 .mdebug.abi32  0xa00001b4        0x0 build/USB-II_STARTER_KIT/production/_ext/1472/ConfigPerformance.o
 .mdebug.abi32  0xa00001b4        0x0 build/USB-II_STARTER_KIT/production/_ext/809743516/ParTest_USBII_Starter_Kit.o
 .mdebug.abi32  0xa00001b4        0x0 /Applications/microchip/xc32/v1.32/bin/bin/../../lib/gcc/pic32mx/4.5.2/libgcc.a(floatunsisf.o)
 .mdebug.abi32  0xa00001b4        0x0 /Applications/microchip/xc32/v1.32/bin/bin/../../lib/gcc/pic32mx/4.5.2/../../../../pic32mx/lib/libpic32.a(default-bootstrap-exception-handler.o)
 .mdebug.abi32  0xa00001b4        0x0 /Applications/microchip/xc32/v1.32/bin/bin/../../lib/gcc/pic32mx/4.5.2/../../../../pic32mx/lib/libpic32.a(default-on-reset.o)
 .mdebug.abi32  0xa00001b4        0x0 /Applications/microchip/xc32/v1.32/bin/bin/../../lib/gcc/pic32mx/4.5.2/../../../../pic32mx/lib/libpic32.a(default-on-bootstrap.o)
 .mdebug.abi32  0xa00001b4        0x0 /Applications/microchip/xc32/v1.32/bin/bin/../../lib/gcc/pic32mx/4.5.2/../../../../pic32mx/lib/libpic32.a(defaultinterrupt.o)
 .mdebug.abi32  0xa00001b4        0x0 /Applications/microchip/xc32/v1.32/bin/bin/../../lib/gcc/pic32mx/4.5.2/../../../../pic32mx/lib/libc.a(putchar.o)
 .mdebug.abi32  0xa00001b4        0x0 /Applications/microchip/xc32/v1.32/bin/bin/../../lib/gcc/pic32mx/4.5.2/../../../../pic32mx/lib/libc.a(sprintf_cdnopuxX.eo)
 .mdebug.abi32  0xa00001b4        0x0 /Applications/microchip/xc32/v1.32/bin/bin/../../lib/gcc/pic32mx/4.5.2/../../../../pic32mx/lib/libc.a(_iob.o)
 .mdebug.abi32  0xa00001b4        0x0 /Applications/microchip/xc32/v1.32/bin/bin/../../lib/gcc/pic32mx/4.5.2/../../../../pic32mx/lib/libc.a(_fputc_simple.o)
 .mdebug.abi32  0xa00001b4        0x0 /Applications/microchip/xc32/v1.32/bin/bin/../../lib/gcc/pic32mx/4.5.2/../../../../pic32mx/lib/libc.a(doprnt_cdnopuxX.eo)
 .mdebug.abi32  0xa00001b4        0x0 /Applications/microchip/xc32/v1.32/bin/bin/../../lib/gcc/pic32mx/4.5.2/../../../../pic32mx/lib/libc.a(_flsbuf_simple.o)
 .mdebug.abi32  0xa00001b4        0x0 /Applications/microchip/xc32/v1.32/bin/bin/../../lib/gcc/pic32mx/4.5.2/../../../../pic32mx/lib/libc.a(ctype.o)
 .mdebug.abi32  0xa00001b4        0x0 /Applications/microchip/xc32/v1.32/bin/bin/../../lib/gcc/pic32mx/4.5.2/libgcc.a(_udivdi3.o)
 .mdebug.abi32  0xa00001b4        0x0 /Applications/microchip/xc32/v1.32/bin/bin/../../lib/gcc/pic32mx/4.5.2/libgcc.a(_umoddi3.o)

.mdebug.abiN32
 *(.mdebug.abiN32)

.mdebug.abi64
 *(.mdebug.abi64)

.mdebug.abiO64
 *(.mdebug.abiO64)

.mdebug.eabi32
 *(.mdebug.eabi32)

.mdebug.eabi64
 *(.mdebug.eabi64)

.gcc_compiled_long32
 *(.gcc_compiled_long32)

.gcc_compiled_long64
 *(.gcc_compiled_long64)

.stab
 *(.stab)

.stabstr
 *(.stabstr)

.stab.excl
 *(.stab.excl)

.stab.exclstr
 *(.stab.exclstr)

.stab.index
 *(.stab.index)

.stab.indexstr
 *(.stab.indexstr)

.comment        0x00000000       0xba
 *(.comment)
 .comment       0x00000000       0x3c build/USB-II_STARTER_KIT/production/_ext/332309696/port.o
                                 0x3d (size before relaxing)
 .comment       0x00000000       0x3d build/USB-II_STARTER_KIT/production/_ext/449926602/queue.o
 .comment       0x00000000       0x3d build/USB-II_STARTER_KIT/production/_ext/449926602/tasks.o
 .comment       0x00000000       0x3d build/USB-II_STARTER_KIT/production/_ext/449926602/list.o
 .comment       0x00000000       0x3d build/USB-II_STARTER_KIT/production/_ext/449926602/timers.o
 .comment       0x00000000       0x3d build/USB-II_STARTER_KIT/production/_ext/1884096877/heap_4.o
 .comment       0x00000000       0x3d build/USB-II_STARTER_KIT/production/_ext/1163846883/blocktim.o
 .comment       0x00000000       0x3d build/USB-II_STARTER_KIT/production/_ext/1163846883/comtest.o
 .comment       0x00000000       0x3d build/USB-II_STARTER_KIT/production/_ext/1163846883/semtest.o
 .comment       0x00000000       0x3d build/USB-II_STARTER_KIT/production/_ext/1163846883/QPeek.o
 .comment       0x00000000       0x3d build/USB-II_STARTER_KIT/production/_ext/1163846883/IntQueue.o
 .comment       0x00000000       0x3d build/USB-II_STARTER_KIT/production/_ext/1163846883/GenQTest.o
 .comment       0x00000000       0x3d build/USB-II_STARTER_KIT/production/_ext/1163846883/flash_timer.o
 .comment       0x00000000       0x3d build/USB-II_STARTER_KIT/production/_ext/1472/main.o
 .comment       0x00000000       0x3d build/USB-II_STARTER_KIT/production/_ext/1472/lcd.o
 .comment       0x00000000       0x3d build/USB-II_STARTER_KIT/production/_ext/821501661/serial.o
 .comment       0x00000000       0x3d build/USB-II_STARTER_KIT/production/_ext/1472/timertest.o
 .comment       0x00000000       0x3d build/USB-II_STARTER_KIT/production/_ext/1472/IntQueueTimer.o
 .comment       0x00000000       0x3d build/USB-II_STARTER_KIT/production/_ext/1472/printf-stdarg.o
 .comment       0x00000000       0x3d build/USB-II_STARTER_KIT/production/_ext/1472/main_blinky.o
 .comment       0x00000000       0x3d build/USB-II_STARTER_KIT/production/_ext/1472/main_full.o
 .comment       0x00000000       0x3d build/USB-II_STARTER_KIT/production/_ext/1472/ConfigPerformance.o
 .comment       0x00000000       0x3d build/USB-II_STARTER_KIT/production/_ext/809743516/ParTest_USBII_Starter_Kit.o
 .comment       0x00000000       0x3d /Applications/microchip/xc32/v1.32/bin/bin/../../lib/gcc/pic32mx/4.5.2/libgcc.a(floatunsisf.o)
 .comment       0x0000003c       0x18 /Applications/microchip/xc32/v1.32/bin/bin/../../lib/gcc/pic32mx/4.5.2/../../../../pic32mx/lib/libpic32.a(memcmp.o)
                                 0x19 (size before relaxing)
 .comment       0x00000054       0x18 /Applications/microchip/xc32/v1.32/bin/bin/../../lib/gcc/pic32mx/4.5.2/../../../../pic32mx/lib/libpic32.a(memset.o)
                                 0x19 (size before relaxing)
 .comment       0x00000000       0x3d /Applications/microchip/xc32/v1.32/bin/bin/../../lib/gcc/pic32mx/4.5.2/../../../../pic32mx/lib/libpic32.a(default-bootstrap-exception-handler.o)
 .comment       0x00000000       0x3d /Applications/microchip/xc32/v1.32/bin/bin/../../lib/gcc/pic32mx/4.5.2/../../../../pic32mx/lib/libpic32.a(default-on-reset.o)
 .comment       0x00000000       0x3d /Applications/microchip/xc32/v1.32/bin/bin/../../lib/gcc/pic32mx/4.5.2/../../../../pic32mx/lib/libpic32.a(default-on-bootstrap.o)
 .comment       0x00000000       0x3d /Applications/microchip/xc32/v1.32/bin/bin/../../lib/gcc/pic32mx/4.5.2/../../../../pic32mx/lib/libpic32.a(defaultinterrupt.o)
 .comment       0x00000000       0x3d /Applications/microchip/xc32/v1.32/bin/bin/../../lib/gcc/pic32mx/4.5.2/../../../../pic32mx/lib/libc.a(putchar.o)
 .comment       0x00000000       0x3d /Applications/microchip/xc32/v1.32/bin/bin/../../lib/gcc/pic32mx/4.5.2/../../../../pic32mx/lib/libc.a(sprintf_cdnopuxX.eo)
 .comment       0x00000000       0x3d /Applications/microchip/xc32/v1.32/bin/bin/../../lib/gcc/pic32mx/4.5.2/../../../../pic32mx/lib/libc.a(_iob.o)
 .comment       0x00000000       0x3d /Applications/microchip/xc32/v1.32/bin/bin/../../lib/gcc/pic32mx/4.5.2/../../../../pic32mx/lib/libc.a(_fputc_simple.o)
 .comment       0x00000000       0x3d /Applications/microchip/xc32/v1.32/bin/bin/../../lib/gcc/pic32mx/4.5.2/../../../../pic32mx/lib/libc.a(doprnt_cdnopuxX.eo)
 .comment       0x00000000       0x3d /Applications/microchip/xc32/v1.32/bin/bin/../../lib/gcc/pic32mx/4.5.2/../../../../pic32mx/lib/libc.a(_flsbuf_simple.o)
 .comment       0x0000006c       0x4e /Applications/microchip/xc32/v1.32/bin/bin/../../lib/gcc/pic32mx/4.5.2/../../../../pic32mx/lib/libc.a(ctype.o)
                                 0x8b (size before relaxing)
 .comment       0x00000000       0x3d /Applications/microchip/xc32/v1.32/bin/bin/../../lib/gcc/pic32mx/4.5.2/libgcc.a(_udivdi3.o)
 .comment       0x00000000       0x3d /Applications/microchip/xc32/v1.32/bin/bin/../../lib/gcc/pic32mx/4.5.2/libgcc.a(_umoddi3.o)

.debug
 *(.debug)

.line
 *(.line)

.debug_srcinfo
 *(.debug_srcinfo)

.debug_sfnames
 *(.debug_sfnames)

.debug_aranges  0x00000000      0x500
 *(.debug_aranges)
 .debug_aranges
                0x00000000       0x20 build/USB-II_STARTER_KIT/production/_ext/332309696/port.o
 .debug_aranges
                0x00000020       0x20 build/USB-II_STARTER_KIT/production/_ext/332309696/port_asm.o
 .debug_aranges
                0x00000040       0x20 build/USB-II_STARTER_KIT/production/_ext/449926602/queue.o
 .debug_aranges
                0x00000060       0x20 build/USB-II_STARTER_KIT/production/_ext/449926602/tasks.o
 .debug_aranges
                0x00000080       0x20 build/USB-II_STARTER_KIT/production/_ext/449926602/list.o
 .debug_aranges
                0x000000a0       0x20 build/USB-II_STARTER_KIT/production/_ext/449926602/timers.o
 .debug_aranges
                0x000000c0       0x20 build/USB-II_STARTER_KIT/production/_ext/1884096877/heap_4.o
 .debug_aranges
                0x000000e0       0x20 build/USB-II_STARTER_KIT/production/_ext/1163846883/blocktim.o
 .debug_aranges
                0x00000100       0x20 build/USB-II_STARTER_KIT/production/_ext/1163846883/comtest.o
 .debug_aranges
                0x00000120       0x20 build/USB-II_STARTER_KIT/production/_ext/1163846883/semtest.o
 .debug_aranges
                0x00000140       0x20 build/USB-II_STARTER_KIT/production/_ext/1163846883/QPeek.o
 .debug_aranges
                0x00000160       0x20 build/USB-II_STARTER_KIT/production/_ext/1163846883/IntQueue.o
 .debug_aranges
                0x00000180       0x20 build/USB-II_STARTER_KIT/production/_ext/1163846883/GenQTest.o
 .debug_aranges
                0x000001a0       0x20 build/USB-II_STARTER_KIT/production/_ext/1163846883/flash_timer.o
 .debug_aranges
                0x000001c0       0x20 build/USB-II_STARTER_KIT/production/_ext/1472/main.o
 .debug_aranges
                0x000001e0       0x20 build/USB-II_STARTER_KIT/production/_ext/1472/RegisterTestTasks.o
 .debug_aranges
                0x00000200       0x20 build/USB-II_STARTER_KIT/production/_ext/1472/lcd.o
 .debug_aranges
                0x00000220       0x20 build/USB-II_STARTER_KIT/production/_ext/821501661/serial.o
 .debug_aranges
                0x00000240       0x20 build/USB-II_STARTER_KIT/production/_ext/821501661/serial_isr.o
 .debug_aranges
                0x00000260       0x20 build/USB-II_STARTER_KIT/production/_ext/1472/timertest.o
 .debug_aranges
                0x00000280       0x20 build/USB-II_STARTER_KIT/production/_ext/1472/timertest_isr.o
 .debug_aranges
                0x000002a0       0x20 build/USB-II_STARTER_KIT/production/_ext/1472/IntQueueTimer.o
 .debug_aranges
                0x000002c0       0x20 build/USB-II_STARTER_KIT/production/_ext/1472/IntQueueTimer_isr.o
 .debug_aranges
                0x000002e0       0x20 build/USB-II_STARTER_KIT/production/_ext/1472/printf-stdarg.o
 .debug_aranges
                0x00000300       0x20 build/USB-II_STARTER_KIT/production/_ext/1472/main_blinky.o
 .debug_aranges
                0x00000320       0x20 build/USB-II_STARTER_KIT/production/_ext/1472/main_full.o
 .debug_aranges
                0x00000340       0x20 build/USB-II_STARTER_KIT/production/_ext/1472/ConfigPerformance.o
 .debug_aranges
                0x00000360       0x20 build/USB-II_STARTER_KIT/production/_ext/809743516/ParTest_USBII_Starter_Kit.o
 .debug_aranges
                0x00000380       0x20 /Applications/microchip/xc32/v1.32/bin/bin/../../lib/gcc/pic32mx/4.5.2/libgcc.a(floatunsisf.o)
 .debug_aranges
                0x000003a0       0x20 /Applications/microchip/xc32/v1.32/bin/bin/../../lib/gcc/pic32mx/4.5.2/../../../../pic32mx/lib/libpic32.a(default-bootstrap-exception-handler.o)
 .debug_aranges
                0x000003c0       0x20 /Applications/microchip/xc32/v1.32/bin/bin/../../lib/gcc/pic32mx/4.5.2/../../../../pic32mx/lib/libpic32.a(default-on-reset.o)
 .debug_aranges
                0x000003e0       0x20 /Applications/microchip/xc32/v1.32/bin/bin/../../lib/gcc/pic32mx/4.5.2/../../../../pic32mx/lib/libpic32.a(default-on-bootstrap.o)
 .debug_aranges
                0x00000400       0x20 /Applications/microchip/xc32/v1.32/bin/bin/../../lib/gcc/pic32mx/4.5.2/../../../../pic32mx/lib/libpic32.a(defaultinterrupt.o)
 .debug_aranges
                0x00000420       0x20 /Applications/microchip/xc32/v1.32/bin/bin/../../lib/gcc/pic32mx/4.5.2/../../../../pic32mx/lib/libc.a(putchar.o)
 .debug_aranges
                0x00000440       0x20 /Applications/microchip/xc32/v1.32/bin/bin/../../lib/gcc/pic32mx/4.5.2/../../../../pic32mx/lib/libc.a(sprintf_cdnopuxX.eo)
 .debug_aranges
                0x00000460       0x20 /Applications/microchip/xc32/v1.32/bin/bin/../../lib/gcc/pic32mx/4.5.2/../../../../pic32mx/lib/libc.a(_fputc_simple.o)
 .debug_aranges
                0x00000480       0x20 /Applications/microchip/xc32/v1.32/bin/bin/../../lib/gcc/pic32mx/4.5.2/../../../../pic32mx/lib/libc.a(doprnt_cdnopuxX.eo)
 .debug_aranges
                0x000004a0       0x20 /Applications/microchip/xc32/v1.32/bin/bin/../../lib/gcc/pic32mx/4.5.2/../../../../pic32mx/lib/libc.a(_flsbuf_simple.o)
 .debug_aranges
                0x000004c0       0x20 /Applications/microchip/xc32/v1.32/bin/bin/../../lib/gcc/pic32mx/4.5.2/libgcc.a(_udivdi3.o)
 .debug_aranges
                0x000004e0       0x20 /Applications/microchip/xc32/v1.32/bin/bin/../../lib/gcc/pic32mx/4.5.2/libgcc.a(_umoddi3.o)

.debug_pubnames
                0x00000000     0x11a3
 *(.debug_pubnames)
 .debug_pubnames
                0x00000000      0x130 build/USB-II_STARTER_KIT/production/_ext/332309696/port.o
 .debug_pubnames
                0x00000130      0x20b build/USB-II_STARTER_KIT/production/_ext/449926602/queue.o
 .debug_pubnames
                0x0000033b      0x42f build/USB-II_STARTER_KIT/production/_ext/449926602/tasks.o
 .debug_pubnames
                0x0000076a       0x72 build/USB-II_STARTER_KIT/production/_ext/449926602/list.o
 .debug_pubnames
                0x000007dc       0xb1 build/USB-II_STARTER_KIT/production/_ext/449926602/timers.o
 .debug_pubnames
                0x0000088d       0x88 build/USB-II_STARTER_KIT/production/_ext/1884096877/heap_4.o
 .debug_pubnames
                0x00000915       0x53 build/USB-II_STARTER_KIT/production/_ext/1163846883/blocktim.o
 .debug_pubnames
                0x00000968       0x4d build/USB-II_STARTER_KIT/production/_ext/1163846883/comtest.o
 .debug_pubnames
                0x000009b5       0x4e build/USB-II_STARTER_KIT/production/_ext/1163846883/semtest.o
 .debug_pubnames
                0x00000a03       0x95 build/USB-II_STARTER_KIT/production/_ext/1163846883/QPeek.o
 .debug_pubnames
                0x00000a98      0x150 build/USB-II_STARTER_KIT/production/_ext/1163846883/IntQueue.o
 .debug_pubnames
                0x00000be8       0x54 build/USB-II_STARTER_KIT/production/_ext/1163846883/GenQTest.o
 .debug_pubnames
                0x00000c3c       0x2b build/USB-II_STARTER_KIT/production/_ext/1163846883/flash_timer.o
 .debug_pubnames
                0x00000c67       0xc1 build/USB-II_STARTER_KIT/production/_ext/1472/main.o
 .debug_pubnames
                0x00000d28       0x32 build/USB-II_STARTER_KIT/production/_ext/1472/lcd.o
 .debug_pubnames
                0x00000d5a       0x7c build/USB-II_STARTER_KIT/production/_ext/821501661/serial.o
 .debug_pubnames
                0x00000dd6       0x61 build/USB-II_STARTER_KIT/production/_ext/1472/timertest.o
 .debug_pubnames
                0x00000e37       0x66 build/USB-II_STARTER_KIT/production/_ext/1472/IntQueueTimer.o
 .debug_pubnames
                0x00000e9d       0x40 build/USB-II_STARTER_KIT/production/_ext/1472/printf-stdarg.o
 .debug_pubnames
                0x00000edd       0x22 build/USB-II_STARTER_KIT/production/_ext/1472/main_blinky.o
 .debug_pubnames
                0x00000eff       0x4a build/USB-II_STARTER_KIT/production/_ext/1472/main_full.o
 .debug_pubnames
                0x00000f49       0x5c build/USB-II_STARTER_KIT/production/_ext/1472/ConfigPerformance.o
 .debug_pubnames
                0x00000fa5       0x52 build/USB-II_STARTER_KIT/production/_ext/809743516/ParTest_USBII_Starter_Kit.o
 .debug_pubnames
                0x00000ff7       0x24 /Applications/microchip/xc32/v1.32/bin/bin/../../lib/gcc/pic32mx/4.5.2/libgcc.a(floatunsisf.o)
 .debug_pubnames
                0x0000101b       0x33 /Applications/microchip/xc32/v1.32/bin/bin/../../lib/gcc/pic32mx/4.5.2/../../../../pic32mx/lib/libpic32.a(default-bootstrap-exception-handler.o)
 .debug_pubnames
                0x0000104e       0x20 /Applications/microchip/xc32/v1.32/bin/bin/../../lib/gcc/pic32mx/4.5.2/../../../../pic32mx/lib/libpic32.a(default-on-reset.o)
 .debug_pubnames
                0x0000106e       0x24 /Applications/microchip/xc32/v1.32/bin/bin/../../lib/gcc/pic32mx/4.5.2/../../../../pic32mx/lib/libpic32.a(default-on-bootstrap.o)
 .debug_pubnames
                0x00001092       0x28 /Applications/microchip/xc32/v1.32/bin/bin/../../lib/gcc/pic32mx/4.5.2/../../../../pic32mx/lib/libpic32.a(defaultinterrupt.o)
 .debug_pubnames
                0x000010ba       0x1e /Applications/microchip/xc32/v1.32/bin/bin/../../lib/gcc/pic32mx/4.5.2/../../../../pic32mx/lib/libc.a(putchar.o)
 .debug_pubnames
                0x000010d8       0x28 /Applications/microchip/xc32/v1.32/bin/bin/../../lib/gcc/pic32mx/4.5.2/../../../../pic32mx/lib/libc.a(sprintf_cdnopuxX.eo)
 .debug_pubnames
                0x00001100       0x1c /Applications/microchip/xc32/v1.32/bin/bin/../../lib/gcc/pic32mx/4.5.2/../../../../pic32mx/lib/libc.a(_fputc_simple.o)
 .debug_pubnames
                0x0000111c       0x29 /Applications/microchip/xc32/v1.32/bin/bin/../../lib/gcc/pic32mx/4.5.2/../../../../pic32mx/lib/libc.a(doprnt_cdnopuxX.eo)
 .debug_pubnames
                0x00001145       0x1e /Applications/microchip/xc32/v1.32/bin/bin/../../lib/gcc/pic32mx/4.5.2/../../../../pic32mx/lib/libc.a(_flsbuf_simple.o)
 .debug_pubnames
                0x00001163       0x20 /Applications/microchip/xc32/v1.32/bin/bin/../../lib/gcc/pic32mx/4.5.2/libgcc.a(_udivdi3.o)
 .debug_pubnames
                0x00001183       0x20 /Applications/microchip/xc32/v1.32/bin/bin/../../lib/gcc/pic32mx/4.5.2/libgcc.a(_umoddi3.o)

.debug_info     0x00000000    0x106bd
 *(.debug_info .gnu.linkonce.wi.*)
 .debug_info    0x00000000     0x1218 build/USB-II_STARTER_KIT/production/_ext/332309696/port.o
 .debug_info    0x00001218       0xc9 build/USB-II_STARTER_KIT/production/_ext/332309696/port_asm.o
 .debug_info    0x000012e1      0xfe4 build/USB-II_STARTER_KIT/production/_ext/449926602/queue.o
 .debug_info    0x000022c5     0x1f54 build/USB-II_STARTER_KIT/production/_ext/449926602/tasks.o
 .debug_info    0x00004219      0x471 build/USB-II_STARTER_KIT/production/_ext/449926602/list.o
 .debug_info    0x0000468a      0xc95 build/USB-II_STARTER_KIT/production/_ext/449926602/timers.o
 .debug_info    0x0000531f      0x584 build/USB-II_STARTER_KIT/production/_ext/1884096877/heap_4.o
 .debug_info    0x000058a3      0x468 build/USB-II_STARTER_KIT/production/_ext/1163846883/blocktim.o
 .debug_info    0x00005d0b      0x3c6 build/USB-II_STARTER_KIT/production/_ext/1163846883/comtest.o
 .debug_info    0x000060d1      0x4e0 build/USB-II_STARTER_KIT/production/_ext/1163846883/semtest.o
 .debug_info    0x000065b1      0x48f build/USB-II_STARTER_KIT/production/_ext/1163846883/QPeek.o
 .debug_info    0x00006a40      0xabf build/USB-II_STARTER_KIT/production/_ext/1163846883/IntQueue.o
 .debug_info    0x000074ff      0x5fa build/USB-II_STARTER_KIT/production/_ext/1163846883/GenQTest.o
 .debug_info    0x00007af9      0x28e build/USB-II_STARTER_KIT/production/_ext/1163846883/flash_timer.o
 .debug_info    0x00007d87      0x399 build/USB-II_STARTER_KIT/production/_ext/1472/main.o
 .debug_info    0x00008120       0xae build/USB-II_STARTER_KIT/production/_ext/1472/RegisterTestTasks.o
 .debug_info    0x000081ce     0x158e build/USB-II_STARTER_KIT/production/_ext/1472/lcd.o
 .debug_info    0x0000975c     0x1dd9 build/USB-II_STARTER_KIT/production/_ext/821501661/serial.o
 .debug_info    0x0000b535       0xae build/USB-II_STARTER_KIT/production/_ext/821501661/serial_isr.o
 .debug_info    0x0000b5e3      0xe6e build/USB-II_STARTER_KIT/production/_ext/1472/timertest.o
 .debug_info    0x0000c451       0xaa build/USB-II_STARTER_KIT/production/_ext/1472/timertest_isr.o
 .debug_info    0x0000c4fb     0x1165 build/USB-II_STARTER_KIT/production/_ext/1472/IntQueueTimer.o
 .debug_info    0x0000d660       0xae build/USB-II_STARTER_KIT/production/_ext/1472/IntQueueTimer_isr.o
 .debug_info    0x0000d70e      0x4e8 build/USB-II_STARTER_KIT/production/_ext/1472/printf-stdarg.o
 .debug_info    0x0000dbf6      0x32c build/USB-II_STARTER_KIT/production/_ext/1472/main_blinky.o
 .debug_info    0x0000df22      0x49b build/USB-II_STARTER_KIT/production/_ext/1472/main_full.o
 .debug_info    0x0000e3bd      0x8f3 build/USB-II_STARTER_KIT/production/_ext/1472/ConfigPerformance.o
 .debug_info    0x0000ecb0      0x2d4 build/USB-II_STARTER_KIT/production/_ext/809743516/ParTest_USBII_Starter_Kit.o
 .debug_info    0x0000ef84      0x12c /Applications/microchip/xc32/v1.32/bin/bin/../../lib/gcc/pic32mx/4.5.2/libgcc.a(floatunsisf.o)
 .debug_info    0x0000f0b0       0xde /Applications/microchip/xc32/v1.32/bin/bin/../../lib/gcc/pic32mx/4.5.2/../../../../pic32mx/lib/libpic32.a(default-bootstrap-exception-handler.o)
 .debug_info    0x0000f18e       0xb8 /Applications/microchip/xc32/v1.32/bin/bin/../../lib/gcc/pic32mx/4.5.2/../../../../pic32mx/lib/libpic32.a(default-on-reset.o)
 .debug_info    0x0000f246       0xc0 /Applications/microchip/xc32/v1.32/bin/bin/../../lib/gcc/pic32mx/4.5.2/../../../../pic32mx/lib/libpic32.a(default-on-bootstrap.o)
 .debug_info    0x0000f306       0xd2 /Applications/microchip/xc32/v1.32/bin/bin/../../lib/gcc/pic32mx/4.5.2/../../../../pic32mx/lib/libpic32.a(defaultinterrupt.o)
 .debug_info    0x0000f3d8       0xb3 /Applications/microchip/xc32/v1.32/bin/bin/../../lib/gcc/pic32mx/4.5.2/../../../../pic32mx/lib/libc.a(putchar.o)
 .debug_info    0x0000f48b       0xbd /Applications/microchip/xc32/v1.32/bin/bin/../../lib/gcc/pic32mx/4.5.2/../../../../pic32mx/lib/libc.a(sprintf_cdnopuxX.eo)
 .debug_info    0x0000f548        0x0 /Applications/microchip/xc32/v1.32/bin/bin/../../lib/gcc/pic32mx/4.5.2/../../../../pic32mx/lib/libc.a(_iob.o)
 .debug_info    0x0000f548       0xaf /Applications/microchip/xc32/v1.32/bin/bin/../../lib/gcc/pic32mx/4.5.2/../../../../pic32mx/lib/libc.a(_fputc_simple.o)
 .debug_info    0x0000f5f7       0xbe /Applications/microchip/xc32/v1.32/bin/bin/../../lib/gcc/pic32mx/4.5.2/../../../../pic32mx/lib/libc.a(doprnt_cdnopuxX.eo)
 .debug_info    0x0000f6b5       0xb2 /Applications/microchip/xc32/v1.32/bin/bin/../../lib/gcc/pic32mx/4.5.2/../../../../pic32mx/lib/libc.a(_flsbuf_simple.o)
 .debug_info    0x0000f767        0x0 /Applications/microchip/xc32/v1.32/bin/bin/../../lib/gcc/pic32mx/4.5.2/../../../../pic32mx/lib/libc.a(ctype.o)
 .debug_info    0x0000f767      0x790 /Applications/microchip/xc32/v1.32/bin/bin/../../lib/gcc/pic32mx/4.5.2/libgcc.a(_udivdi3.o)
 .debug_info    0x0000fef7      0x7c6 /Applications/microchip/xc32/v1.32/bin/bin/../../lib/gcc/pic32mx/4.5.2/libgcc.a(_umoddi3.o)

.debug_abbrev   0x00000000     0x1f7c
 *(.debug_abbrev)
 .debug_abbrev  0x00000000      0x25b build/USB-II_STARTER_KIT/production/_ext/332309696/port.o
 .debug_abbrev  0x0000025b       0x14 build/USB-II_STARTER_KIT/production/_ext/332309696/port_asm.o
 .debug_abbrev  0x0000026f      0x157 build/USB-II_STARTER_KIT/production/_ext/449926602/queue.o
 .debug_abbrev  0x000003c6      0x1b8 build/USB-II_STARTER_KIT/production/_ext/449926602/tasks.o
 .debug_abbrev  0x0000057e       0xda build/USB-II_STARTER_KIT/production/_ext/449926602/list.o
 .debug_abbrev  0x00000658      0x176 build/USB-II_STARTER_KIT/production/_ext/449926602/timers.o
 .debug_abbrev  0x000007ce      0x13a build/USB-II_STARTER_KIT/production/_ext/1884096877/heap_4.o
 .debug_abbrev  0x00000908       0xec build/USB-II_STARTER_KIT/production/_ext/1163846883/blocktim.o
 .debug_abbrev  0x000009f4       0xbb build/USB-II_STARTER_KIT/production/_ext/1163846883/comtest.o
 .debug_abbrev  0x00000aaf      0x113 build/USB-II_STARTER_KIT/production/_ext/1163846883/semtest.o
 .debug_abbrev  0x00000bc2      0x110 build/USB-II_STARTER_KIT/production/_ext/1163846883/QPeek.o
 .debug_abbrev  0x00000cd2      0x126 build/USB-II_STARTER_KIT/production/_ext/1163846883/IntQueue.o
 .debug_abbrev  0x00000df8      0x113 build/USB-II_STARTER_KIT/production/_ext/1163846883/GenQTest.o
 .debug_abbrev  0x00000f0b       0x7b build/USB-II_STARTER_KIT/production/_ext/1163846883/flash_timer.o
 .debug_abbrev  0x00000f86       0xe7 build/USB-II_STARTER_KIT/production/_ext/1472/main.o
 .debug_abbrev  0x0000106d       0x14 build/USB-II_STARTER_KIT/production/_ext/1472/RegisterTestTasks.o
 .debug_abbrev  0x00001081      0x21c build/USB-II_STARTER_KIT/production/_ext/1472/lcd.o
 .debug_abbrev  0x0000129d      0x1d3 build/USB-II_STARTER_KIT/production/_ext/821501661/serial.o
 .debug_abbrev  0x00001470       0x14 build/USB-II_STARTER_KIT/production/_ext/821501661/serial_isr.o
 .debug_abbrev  0x00001484      0x125 build/USB-II_STARTER_KIT/production/_ext/1472/timertest.o
 .debug_abbrev  0x000015a9       0x14 build/USB-II_STARTER_KIT/production/_ext/1472/timertest_isr.o
 .debug_abbrev  0x000015bd       0xdf build/USB-II_STARTER_KIT/production/_ext/1472/IntQueueTimer.o
 .debug_abbrev  0x0000169c       0x14 build/USB-II_STARTER_KIT/production/_ext/1472/IntQueueTimer_isr.o
 .debug_abbrev  0x000016b0      0x124 build/USB-II_STARTER_KIT/production/_ext/1472/printf-stdarg.o
 .debug_abbrev  0x000017d4       0xb7 build/USB-II_STARTER_KIT/production/_ext/1472/main_blinky.o
 .debug_abbrev  0x0000188b      0x126 build/USB-II_STARTER_KIT/production/_ext/1472/main_full.o
 .debug_abbrev  0x000019b1      0x12c build/USB-II_STARTER_KIT/production/_ext/1472/ConfigPerformance.o
 .debug_abbrev  0x00001add       0x92 build/USB-II_STARTER_KIT/production/_ext/809743516/ParTest_USBII_Starter_Kit.o
 .debug_abbrev  0x00001b6f       0x5f /Applications/microchip/xc32/v1.32/bin/bin/../../lib/gcc/pic32mx/4.5.2/libgcc.a(floatunsisf.o)
 .debug_abbrev  0x00001bce       0x23 /Applications/microchip/xc32/v1.32/bin/bin/../../lib/gcc/pic32mx/4.5.2/../../../../pic32mx/lib/libpic32.a(default-bootstrap-exception-handler.o)
 .debug_abbrev  0x00001bf1       0x23 /Applications/microchip/xc32/v1.32/bin/bin/../../lib/gcc/pic32mx/4.5.2/../../../../pic32mx/lib/libpic32.a(default-on-reset.o)
 .debug_abbrev  0x00001c14       0x23 /Applications/microchip/xc32/v1.32/bin/bin/../../lib/gcc/pic32mx/4.5.2/../../../../pic32mx/lib/libpic32.a(default-on-bootstrap.o)
 .debug_abbrev  0x00001c37       0x23 /Applications/microchip/xc32/v1.32/bin/bin/../../lib/gcc/pic32mx/4.5.2/../../../../pic32mx/lib/libpic32.a(defaultinterrupt.o)
 .debug_abbrev  0x00001c5a       0x23 /Applications/microchip/xc32/v1.32/bin/bin/../../lib/gcc/pic32mx/4.5.2/../../../../pic32mx/lib/libc.a(putchar.o)
 .debug_abbrev  0x00001c7d       0x23 /Applications/microchip/xc32/v1.32/bin/bin/../../lib/gcc/pic32mx/4.5.2/../../../../pic32mx/lib/libc.a(sprintf_cdnopuxX.eo)
 .debug_abbrev  0x00001ca0        0x1 /Applications/microchip/xc32/v1.32/bin/bin/../../lib/gcc/pic32mx/4.5.2/../../../../pic32mx/lib/libc.a(_iob.o)
 .debug_abbrev  0x00001ca1       0x23 /Applications/microchip/xc32/v1.32/bin/bin/../../lib/gcc/pic32mx/4.5.2/../../../../pic32mx/lib/libc.a(_fputc_simple.o)
 .debug_abbrev  0x00001cc4       0x23 /Applications/microchip/xc32/v1.32/bin/bin/../../lib/gcc/pic32mx/4.5.2/../../../../pic32mx/lib/libc.a(doprnt_cdnopuxX.eo)
 .debug_abbrev  0x00001ce7       0x23 /Applications/microchip/xc32/v1.32/bin/bin/../../lib/gcc/pic32mx/4.5.2/../../../../pic32mx/lib/libc.a(_flsbuf_simple.o)
 .debug_abbrev  0x00001d0a        0x1 /Applications/microchip/xc32/v1.32/bin/bin/../../lib/gcc/pic32mx/4.5.2/../../../../pic32mx/lib/libc.a(ctype.o)
 .debug_abbrev  0x00001d0b      0x132 /Applications/microchip/xc32/v1.32/bin/bin/../../lib/gcc/pic32mx/4.5.2/libgcc.a(_udivdi3.o)
 .debug_abbrev  0x00001e3d      0x13f /Applications/microchip/xc32/v1.32/bin/bin/../../lib/gcc/pic32mx/4.5.2/libgcc.a(_umoddi3.o)

.debug_line     0x00000000     0x44d4
 *(.debug_line)
 .debug_line    0x00000000      0x20d build/USB-II_STARTER_KIT/production/_ext/332309696/port.o
 .debug_line    0x0000020d       0xe5 build/USB-II_STARTER_KIT/production/_ext/332309696/port_asm.o
 .debug_line    0x000002f2      0x4a6 build/USB-II_STARTER_KIT/production/_ext/449926602/queue.o
 .debug_line    0x00000798      0x6ed build/USB-II_STARTER_KIT/production/_ext/449926602/tasks.o
 .debug_line    0x00000e85      0x1fe build/USB-II_STARTER_KIT/production/_ext/449926602/list.o
 .debug_line    0x00001083      0x313 build/USB-II_STARTER_KIT/production/_ext/449926602/timers.o
 .debug_line    0x00001396      0x1ca build/USB-II_STARTER_KIT/production/_ext/1884096877/heap_4.o
 .debug_line    0x00001560      0x29d build/USB-II_STARTER_KIT/production/_ext/1163846883/blocktim.o
 .debug_line    0x000017fd      0x291 build/USB-II_STARTER_KIT/production/_ext/1163846883/comtest.o
 .debug_line    0x00001a8e      0x256 build/USB-II_STARTER_KIT/production/_ext/1163846883/semtest.o
 .debug_line    0x00001ce4      0x271 build/USB-II_STARTER_KIT/production/_ext/1163846883/QPeek.o
 .debug_line    0x00001f55      0x337 build/USB-II_STARTER_KIT/production/_ext/1163846883/IntQueue.o
 .debug_line    0x0000228c      0x31c build/USB-II_STARTER_KIT/production/_ext/1163846883/GenQTest.o
 .debug_line    0x000025a8      0x1ef build/USB-II_STARTER_KIT/production/_ext/1163846883/flash_timer.o
 .debug_line    0x00002797      0x17e build/USB-II_STARTER_KIT/production/_ext/1472/main.o
 .debug_line    0x00002915      0x1c6 build/USB-II_STARTER_KIT/production/_ext/1472/RegisterTestTasks.o
 .debug_line    0x00002adb      0x33b build/USB-II_STARTER_KIT/production/_ext/1472/lcd.o
 .debug_line    0x00002e16      0x36b build/USB-II_STARTER_KIT/production/_ext/821501661/serial.o
 .debug_line    0x00003181       0x4d build/USB-II_STARTER_KIT/production/_ext/821501661/serial_isr.o
 .debug_line    0x000031ce      0x102 build/USB-II_STARTER_KIT/production/_ext/1472/timertest.o
 .debug_line    0x000032d0       0x4a build/USB-II_STARTER_KIT/production/_ext/1472/timertest_isr.o
 .debug_line    0x0000331a      0x15b build/USB-II_STARTER_KIT/production/_ext/1472/IntQueueTimer.o
 .debug_line    0x00003475       0x5a build/USB-II_STARTER_KIT/production/_ext/1472/IntQueueTimer_isr.o
 .debug_line    0x000034cf      0x1ab build/USB-II_STARTER_KIT/production/_ext/1472/printf-stdarg.o
 .debug_line    0x0000367a      0x210 build/USB-II_STARTER_KIT/production/_ext/1472/main_blinky.o
 .debug_line    0x0000388a      0x242 build/USB-II_STARTER_KIT/production/_ext/1472/main_full.o
 .debug_line    0x00003acc      0x13c build/USB-II_STARTER_KIT/production/_ext/1472/ConfigPerformance.o
 .debug_line    0x00003c08      0x117 build/USB-II_STARTER_KIT/production/_ext/809743516/ParTest_USBII_Starter_Kit.o
 .debug_line    0x00003d1f       0x8e /Applications/microchip/xc32/v1.32/bin/bin/../../lib/gcc/pic32mx/4.5.2/libgcc.a(floatunsisf.o)
 .debug_line    0x00003dad       0x97 /Applications/microchip/xc32/v1.32/bin/bin/../../lib/gcc/pic32mx/4.5.2/../../../../pic32mx/lib/libpic32.a(default-bootstrap-exception-handler.o)
 .debug_line    0x00003e44       0x84 /Applications/microchip/xc32/v1.32/bin/bin/../../lib/gcc/pic32mx/4.5.2/../../../../pic32mx/lib/libpic32.a(default-on-reset.o)
 .debug_line    0x00003ec8       0x88 /Applications/microchip/xc32/v1.32/bin/bin/../../lib/gcc/pic32mx/4.5.2/../../../../pic32mx/lib/libpic32.a(default-on-bootstrap.o)
 .debug_line    0x00003f50       0x96 /Applications/microchip/xc32/v1.32/bin/bin/../../lib/gcc/pic32mx/4.5.2/../../../../pic32mx/lib/libpic32.a(defaultinterrupt.o)
 .debug_line    0x00003fe6       0x71 /Applications/microchip/xc32/v1.32/bin/bin/../../lib/gcc/pic32mx/4.5.2/../../../../pic32mx/lib/libc.a(putchar.o)
 .debug_line    0x00004057       0x71 /Applications/microchip/xc32/v1.32/bin/bin/../../lib/gcc/pic32mx/4.5.2/../../../../pic32mx/lib/libc.a(sprintf_cdnopuxX.eo)
 .debug_line    0x000040c8        0x0 /Applications/microchip/xc32/v1.32/bin/bin/../../lib/gcc/pic32mx/4.5.2/../../../../pic32mx/lib/libc.a(_iob.o)
 .debug_line    0x000040c8       0x6f /Applications/microchip/xc32/v1.32/bin/bin/../../lib/gcc/pic32mx/4.5.2/../../../../pic32mx/lib/libc.a(_fputc_simple.o)
 .debug_line    0x00004137       0x70 /Applications/microchip/xc32/v1.32/bin/bin/../../lib/gcc/pic32mx/4.5.2/../../../../pic32mx/lib/libc.a(doprnt_cdnopuxX.eo)
 .debug_line    0x000041a7       0x70 /Applications/microchip/xc32/v1.32/bin/bin/../../lib/gcc/pic32mx/4.5.2/../../../../pic32mx/lib/libc.a(_flsbuf_simple.o)
 .debug_line    0x00004217        0x0 /Applications/microchip/xc32/v1.32/bin/bin/../../lib/gcc/pic32mx/4.5.2/../../../../pic32mx/lib/libc.a(ctype.o)
 .debug_line    0x00004217      0x168 /Applications/microchip/xc32/v1.32/bin/bin/../../lib/gcc/pic32mx/4.5.2/libgcc.a(_udivdi3.o)
 .debug_line    0x0000437f      0x155 /Applications/microchip/xc32/v1.32/bin/bin/../../lib/gcc/pic32mx/4.5.2/libgcc.a(_umoddi3.o)

.debug_frame    0x00000000     0x1978
 *(.debug_frame)
 .debug_frame   0x00000000       0xf0 build/USB-II_STARTER_KIT/production/_ext/332309696/port.o
 .debug_frame   0x000000f0      0x2b8 build/USB-II_STARTER_KIT/production/_ext/449926602/queue.o
 .debug_frame   0x000003a8      0x5c0 build/USB-II_STARTER_KIT/production/_ext/449926602/tasks.o
 .debug_frame   0x00000968       0x9c build/USB-II_STARTER_KIT/production/_ext/449926602/list.o
 .debug_frame   0x00000a04      0x1d0 build/USB-II_STARTER_KIT/production/_ext/449926602/timers.o
 .debug_frame   0x00000bd4       0xd4 build/USB-II_STARTER_KIT/production/_ext/1884096877/heap_4.o
 .debug_frame   0x00000ca8       0x80 build/USB-II_STARTER_KIT/production/_ext/1163846883/blocktim.o
 .debug_frame   0x00000d28       0x80 build/USB-II_STARTER_KIT/production/_ext/1163846883/comtest.o
 .debug_frame   0x00000da8       0x64 build/USB-II_STARTER_KIT/production/_ext/1163846883/semtest.o
 .debug_frame   0x00000e0c       0xb8 build/USB-II_STARTER_KIT/production/_ext/1163846883/QPeek.o
 .debug_frame   0x00000ec4      0x160 build/USB-II_STARTER_KIT/production/_ext/1163846883/IntQueue.o
 .debug_frame   0x00001024       0xf0 build/USB-II_STARTER_KIT/production/_ext/1163846883/GenQTest.o
 .debug_frame   0x00001114       0x48 build/USB-II_STARTER_KIT/production/_ext/1163846883/flash_timer.o
 .debug_frame   0x0000115c       0xf0 build/USB-II_STARTER_KIT/production/_ext/1472/main.o
 .debug_frame   0x0000124c       0xf0 build/USB-II_STARTER_KIT/production/_ext/1472/lcd.o
 .debug_frame   0x0000133c       0x9c build/USB-II_STARTER_KIT/production/_ext/821501661/serial.o
 .debug_frame   0x000013d8       0x48 build/USB-II_STARTER_KIT/production/_ext/1472/timertest.o
 .debug_frame   0x00001420       0x64 build/USB-II_STARTER_KIT/production/_ext/1472/IntQueueTimer.o
 .debug_frame   0x00001484      0x108 build/USB-II_STARTER_KIT/production/_ext/1472/printf-stdarg.o
 .debug_frame   0x0000158c       0x80 build/USB-II_STARTER_KIT/production/_ext/1472/main_blinky.o
 .debug_frame   0x0000160c       0x9c build/USB-II_STARTER_KIT/production/_ext/1472/main_full.o
 .debug_frame   0x000016a8       0x9c build/USB-II_STARTER_KIT/production/_ext/1472/ConfigPerformance.o
 .debug_frame   0x00001744       0x64 build/USB-II_STARTER_KIT/production/_ext/809743516/ParTest_USBII_Starter_Kit.o
 .debug_frame   0x000017a8       0x28 /Applications/microchip/xc32/v1.32/bin/bin/../../lib/gcc/pic32mx/4.5.2/libgcc.a(floatunsisf.o)
 .debug_frame   0x000017d0       0x28 /Applications/microchip/xc32/v1.32/bin/bin/../../lib/gcc/pic32mx/4.5.2/../../../../pic32mx/lib/libpic32.a(default-bootstrap-exception-handler.o)
 .debug_frame   0x000017f8       0x20 /Applications/microchip/xc32/v1.32/bin/bin/../../lib/gcc/pic32mx/4.5.2/../../../../pic32mx/lib/libpic32.a(default-on-reset.o)
 .debug_frame   0x00001818       0x20 /Applications/microchip/xc32/v1.32/bin/bin/../../lib/gcc/pic32mx/4.5.2/../../../../pic32mx/lib/libpic32.a(default-on-bootstrap.o)
 .debug_frame   0x00001838       0x20 /Applications/microchip/xc32/v1.32/bin/bin/../../lib/gcc/pic32mx/4.5.2/../../../../pic32mx/lib/libpic32.a(defaultinterrupt.o)
 .debug_frame   0x00001858       0x28 /Applications/microchip/xc32/v1.32/bin/bin/../../lib/gcc/pic32mx/4.5.2/../../../../pic32mx/lib/libc.a(putchar.o)
 .debug_frame   0x00001880       0x2c /Applications/microchip/xc32/v1.32/bin/bin/../../lib/gcc/pic32mx/4.5.2/../../../../pic32mx/lib/libc.a(sprintf_cdnopuxX.eo)
 .debug_frame   0x000018ac       0x2c /Applications/microchip/xc32/v1.32/bin/bin/../../lib/gcc/pic32mx/4.5.2/../../../../pic32mx/lib/libc.a(_fputc_simple.o)
 .debug_frame   0x000018d8       0x38 /Applications/microchip/xc32/v1.32/bin/bin/../../lib/gcc/pic32mx/4.5.2/../../../../pic32mx/lib/libc.a(doprnt_cdnopuxX.eo)
 .debug_frame   0x00001910       0x28 /Applications/microchip/xc32/v1.32/bin/bin/../../lib/gcc/pic32mx/4.5.2/../../../../pic32mx/lib/libc.a(_flsbuf_simple.o)
 .debug_frame   0x00001938       0x20 /Applications/microchip/xc32/v1.32/bin/bin/../../lib/gcc/pic32mx/4.5.2/libgcc.a(_udivdi3.o)
 .debug_frame   0x00001958       0x20 /Applications/microchip/xc32/v1.32/bin/bin/../../lib/gcc/pic32mx/4.5.2/libgcc.a(_umoddi3.o)

.debug_str      0x00000000      0x9fc
 *(.debug_str)
 .debug_str     0x00000000       0x7d build/USB-II_STARTER_KIT/production/_ext/332309696/port.o
 .debug_str     0x0000007d       0xf1 build/USB-II_STARTER_KIT/production/_ext/449926602/queue.o
 .debug_str     0x0000016e      0x1b1 build/USB-II_STARTER_KIT/production/_ext/449926602/tasks.o
 .debug_str     0x0000031f       0x2b build/USB-II_STARTER_KIT/production/_ext/449926602/list.o
 .debug_str     0x0000034a       0xbf build/USB-II_STARTER_KIT/production/_ext/449926602/timers.o
 .debug_str     0x00000409        0x0 build/USB-II_STARTER_KIT/production/_ext/1884096877/heap_4.o
 .debug_str     0x00000409       0x2c build/USB-II_STARTER_KIT/production/_ext/1163846883/blocktim.o
 .debug_str     0x00000435        0xd build/USB-II_STARTER_KIT/production/_ext/1163846883/comtest.o
 .debug_str     0x00000442       0x1d build/USB-II_STARTER_KIT/production/_ext/1163846883/semtest.o
 .debug_str     0x0000045f       0x57 build/USB-II_STARTER_KIT/production/_ext/1163846883/QPeek.o
 .debug_str     0x000004b6      0x142 build/USB-II_STARTER_KIT/production/_ext/1163846883/IntQueue.o
 .debug_str     0x000005f8       0x20 build/USB-II_STARTER_KIT/production/_ext/1163846883/GenQTest.o
 .debug_str     0x00000618        0x0 build/USB-II_STARTER_KIT/production/_ext/1163846883/flash_timer.o
 .debug_str     0x00000618        0x9 build/USB-II_STARTER_KIT/production/_ext/1472/main.o
 .debug_str     0x00000621      0x139 build/USB-II_STARTER_KIT/production/_ext/1472/lcd.o
 .debug_str     0x0000075a      0x14d build/USB-II_STARTER_KIT/production/_ext/821501661/serial.o
 .debug_str     0x000008a7       0x44 build/USB-II_STARTER_KIT/production/_ext/1472/timertest.o
 .debug_str     0x000008eb       0x38 build/USB-II_STARTER_KIT/production/_ext/1472/IntQueueTimer.o
 .debug_str     0x00000923        0x7 build/USB-II_STARTER_KIT/production/_ext/1472/printf-stdarg.o
 .debug_str     0x0000092a        0xd build/USB-II_STARTER_KIT/production/_ext/1472/main_blinky.o
 .debug_str     0x00000937       0x55 build/USB-II_STARTER_KIT/production/_ext/1472/main_full.o
 .debug_str     0x0000098c       0x4c build/USB-II_STARTER_KIT/production/_ext/1472/ConfigPerformance.o
 .debug_str     0x000009d8       0x24 build/USB-II_STARTER_KIT/production/_ext/809743516/ParTest_USBII_Starter_Kit.o
 .debug_str     0x000009fc        0x0 /Applications/microchip/xc32/v1.32/bin/bin/../../lib/gcc/pic32mx/4.5.2/libgcc.a(floatunsisf.o)
 .debug_str     0x000009fc        0x0 /Applications/microchip/xc32/v1.32/bin/bin/../../lib/gcc/pic32mx/4.5.2/../../../../pic32mx/lib/libpic32.a(default-bootstrap-exception-handler.o)
 .debug_str     0x000009fc        0x0 /Applications/microchip/xc32/v1.32/bin/bin/../../lib/gcc/pic32mx/4.5.2/../../../../pic32mx/lib/libpic32.a(default-on-reset.o)
 .debug_str     0x000009fc        0x0 /Applications/microchip/xc32/v1.32/bin/bin/../../lib/gcc/pic32mx/4.5.2/../../../../pic32mx/lib/libpic32.a(default-on-bootstrap.o)
 .debug_str     0x000009fc        0x0 /Applications/microchip/xc32/v1.32/bin/bin/../../lib/gcc/pic32mx/4.5.2/../../../../pic32mx/lib/libpic32.a(defaultinterrupt.o)
 .debug_str     0x000009fc        0x0 /Applications/microchip/xc32/v1.32/bin/bin/../../lib/gcc/pic32mx/4.5.2/../../../../pic32mx/lib/libc.a(putchar.o)
 .debug_str     0x000009fc        0x0 /Applications/microchip/xc32/v1.32/bin/bin/../../lib/gcc/pic32mx/4.5.2/../../../../pic32mx/lib/libc.a(sprintf_cdnopuxX.eo)
 .debug_str     0x000009fc        0x0 /Applications/microchip/xc32/v1.32/bin/bin/../../lib/gcc/pic32mx/4.5.2/../../../../pic32mx/lib/libc.a(_iob.o)
 .debug_str     0x000009fc        0x0 /Applications/microchip/xc32/v1.32/bin/bin/../../lib/gcc/pic32mx/4.5.2/../../../../pic32mx/lib/libc.a(_fputc_simple.o)
 .debug_str     0x000009fc        0x0 /Applications/microchip/xc32/v1.32/bin/bin/../../lib/gcc/pic32mx/4.5.2/../../../../pic32mx/lib/libc.a(doprnt_cdnopuxX.eo)
 .debug_str     0x000009fc        0x0 /Applications/microchip/xc32/v1.32/bin/bin/../../lib/gcc/pic32mx/4.5.2/../../../../pic32mx/lib/libc.a(_flsbuf_simple.o)
 .debug_str     0x000009fc        0x0 /Applications/microchip/xc32/v1.32/bin/bin/../../lib/gcc/pic32mx/4.5.2/../../../../pic32mx/lib/libc.a(ctype.o)
 .debug_str     0x000009fc        0x0 /Applications/microchip/xc32/v1.32/bin/bin/../../lib/gcc/pic32mx/4.5.2/libgcc.a(_udivdi3.o)
 .debug_str     0x000009fc        0x0 /Applications/microchip/xc32/v1.32/bin/bin/../../lib/gcc/pic32mx/4.5.2/libgcc.a(_umoddi3.o)

.debug_loc      0x00000000     0x13c0
 *(.debug_loc)
 .debug_loc     0x00000000       0x68 /Applications/microchip/xc32/v1.32/bin/bin/../../lib/gcc/pic32mx/4.5.2/libgcc.a(floatunsisf.o)
 .debug_loc     0x00000068      0x9c3 /Applications/microchip/xc32/v1.32/bin/bin/../../lib/gcc/pic32mx/4.5.2/libgcc.a(_udivdi3.o)
 .debug_loc     0x00000a2b      0x995 /Applications/microchip/xc32/v1.32/bin/bin/../../lib/gcc/pic32mx/4.5.2/libgcc.a(_umoddi3.o)

.debug_macinfo
 *(.debug_macinfo)

.debug_weaknames
 *(.debug_weaknames)

.debug_funcnames
 *(.debug_funcnames)

.debug_typenames
 *(.debug_typenames)

.debug_varnames
 *(.debug_varnames)

.debug_pubtypes
                0x00000000     0x100b
 *(.debug_pubtypes)
 .debug_pubtypes
                0x00000000       0xc5 build/USB-II_STARTER_KIT/production/_ext/332309696/port.o
 .debug_pubtypes
                0x000000c5      0x128 build/USB-II_STARTER_KIT/production/_ext/449926602/queue.o
 .debug_pubtypes
                0x000001ed      0x1a6 build/USB-II_STARTER_KIT/production/_ext/449926602/tasks.o
 .debug_pubtypes
                0x00000393       0x9a build/USB-II_STARTER_KIT/production/_ext/449926602/list.o
 .debug_pubtypes
                0x0000042d      0x18e build/USB-II_STARTER_KIT/production/_ext/449926602/timers.o
 .debug_pubtypes
                0x000005bb       0x5b build/USB-II_STARTER_KIT/production/_ext/1884096877/heap_4.o
 .debug_pubtypes
                0x00000616       0x80 build/USB-II_STARTER_KIT/production/_ext/1163846883/blocktim.o
 .debug_pubtypes
                0x00000696       0x73 build/USB-II_STARTER_KIT/production/_ext/1163846883/comtest.o
 .debug_pubtypes
                0x00000709       0xc8 build/USB-II_STARTER_KIT/production/_ext/1163846883/semtest.o
 .debug_pubtypes
                0x000007d1       0x80 build/USB-II_STARTER_KIT/production/_ext/1163846883/QPeek.o
 .debug_pubtypes
                0x00000851       0x80 build/USB-II_STARTER_KIT/production/_ext/1163846883/IntQueue.o
 .debug_pubtypes
                0x000008d1       0x96 build/USB-II_STARTER_KIT/production/_ext/1163846883/GenQTest.o
 .debug_pubtypes
                0x00000967       0x61 build/USB-II_STARTER_KIT/production/_ext/1163846883/flash_timer.o
 .debug_pubtypes
                0x000009c8       0x32 build/USB-II_STARTER_KIT/production/_ext/1472/main.o
 .debug_pubtypes
                0x000009fa      0x154 build/USB-II_STARTER_KIT/production/_ext/1472/lcd.o
 .debug_pubtypes
                0x00000b4e      0x16a build/USB-II_STARTER_KIT/production/_ext/821501661/serial.o
 .debug_pubtypes
                0x00000cb8       0x57 build/USB-II_STARTER_KIT/production/_ext/1472/timertest.o
 .debug_pubtypes
                0x00000d0f       0x89 build/USB-II_STARTER_KIT/production/_ext/1472/IntQueueTimer.o
 .debug_pubtypes
                0x00000d98       0x2c build/USB-II_STARTER_KIT/production/_ext/1472/printf-stdarg.o
 .debug_pubtypes
                0x00000dc4       0x81 build/USB-II_STARTER_KIT/production/_ext/1472/main_blinky.o
 .debug_pubtypes
                0x00000e45       0x83 build/USB-II_STARTER_KIT/production/_ext/1472/main_full.o
 .debug_pubtypes
                0x00000ec8       0x4b build/USB-II_STARTER_KIT/production/_ext/1472/ConfigPerformance.o
 .debug_pubtypes
                0x00000f13       0x12 build/USB-II_STARTER_KIT/production/_ext/809743516/ParTest_USBII_Starter_Kit.o
 .debug_pubtypes
                0x00000f25       0x34 /Applications/microchip/xc32/v1.32/bin/bin/../../lib/gcc/pic32mx/4.5.2/libgcc.a(floatunsisf.o)
 .debug_pubtypes
                0x00000f59       0x59 /Applications/microchip/xc32/v1.32/bin/bin/../../lib/gcc/pic32mx/4.5.2/libgcc.a(_udivdi3.o)
 .debug_pubtypes
                0x00000fb2       0x59 /Applications/microchip/xc32/v1.32/bin/bin/../../lib/gcc/pic32mx/4.5.2/libgcc.a(_umoddi3.o)

.debug_ranges
 *(.debug_ranges)

.gnu.attributes
                0x00000000       0x10
 *(.gnu.attributes)
 .gnu.attributes
                0x00000000       0x10 build/USB-II_STARTER_KIT/production/_ext/332309696/port.o
 .gnu.attributes
                0x00000010       0x10 build/USB-II_STARTER_KIT/production/_ext/449926602/queue.o
 .gnu.attributes
                0x00000020       0x10 build/USB-II_STARTER_KIT/production/_ext/449926602/tasks.o
 .gnu.attributes
                0x00000030       0x10 build/USB-II_STARTER_KIT/production/_ext/449926602/list.o
 .gnu.attributes
                0x00000040       0x10 build/USB-II_STARTER_KIT/production/_ext/449926602/timers.o
 .gnu.attributes
                0x00000050       0x10 build/USB-II_STARTER_KIT/production/_ext/1884096877/heap_4.o
 .gnu.attributes
                0x00000060       0x10 build/USB-II_STARTER_KIT/production/_ext/1163846883/blocktim.o
 .gnu.attributes
                0x00000070       0x10 build/USB-II_STARTER_KIT/production/_ext/1163846883/comtest.o
 .gnu.attributes
                0x00000080       0x10 build/USB-II_STARTER_KIT/production/_ext/1163846883/semtest.o
 .gnu.attributes
                0x00000090       0x10 build/USB-II_STARTER_KIT/production/_ext/1163846883/QPeek.o
 .gnu.attributes
                0x000000a0       0x10 build/USB-II_STARTER_KIT/production/_ext/1163846883/IntQueue.o
 .gnu.attributes
                0x000000b0       0x10 build/USB-II_STARTER_KIT/production/_ext/1163846883/GenQTest.o
 .gnu.attributes
                0x000000c0       0x10 build/USB-II_STARTER_KIT/production/_ext/1163846883/flash_timer.o
 .gnu.attributes
                0x000000d0       0x10 build/USB-II_STARTER_KIT/production/_ext/1472/main.o
 .gnu.attributes
                0x000000e0       0x10 build/USB-II_STARTER_KIT/production/_ext/1472/lcd.o
 .gnu.attributes
                0x000000f0       0x10 build/USB-II_STARTER_KIT/production/_ext/821501661/serial.o
 .gnu.attributes
                0x00000100       0x10 build/USB-II_STARTER_KIT/production/_ext/1472/timertest.o
 .gnu.attributes
                0x00000110       0x10 build/USB-II_STARTER_KIT/production/_ext/1472/IntQueueTimer.o
 .gnu.attributes
                0x00000120       0x10 build/USB-II_STARTER_KIT/production/_ext/1472/printf-stdarg.o
 .gnu.attributes
                0x00000130       0x10 build/USB-II_STARTER_KIT/production/_ext/1472/main_blinky.o
 .gnu.attributes
                0x00000140       0x10 build/USB-II_STARTER_KIT/production/_ext/1472/main_full.o
 .gnu.attributes
                0x00000150       0x10 build/USB-II_STARTER_KIT/production/_ext/1472/ConfigPerformance.o
 .gnu.attributes
                0x00000160       0x10 build/USB-II_STARTER_KIT/production/_ext/809743516/ParTest_USBII_Starter_Kit.o
 .gnu.attributes
                0x00000170       0x10 /Applications/microchip/xc32/v1.32/bin/bin/../../lib/gcc/pic32mx/4.5.2/libgcc.a(floatunsisf.o)
 .gnu.attributes
                0x00000180       0x10 /Applications/microchip/xc32/v1.32/bin/bin/../../lib/gcc/pic32mx/4.5.2/../../../../pic32mx/lib/libpic32.a(default-bootstrap-exception-handler.o)
 .gnu.attributes
                0x00000190       0x10 /Applications/microchip/xc32/v1.32/bin/bin/../../lib/gcc/pic32mx/4.5.2/../../../../pic32mx/lib/libpic32.a(default-on-reset.o)
 .gnu.attributes
                0x000001a0       0x10 /Applications/microchip/xc32/v1.32/bin/bin/../../lib/gcc/pic32mx/4.5.2/../../../../pic32mx/lib/libpic32.a(default-on-bootstrap.o)
 .gnu.attributes
                0x000001b0       0x10 /Applications/microchip/xc32/v1.32/bin/bin/../../lib/gcc/pic32mx/4.5.2/../../../../pic32mx/lib/libpic32.a(defaultinterrupt.o)
 .gnu.attributes
                0x000001c0       0x10 /Applications/microchip/xc32/v1.32/bin/bin/../../lib/gcc/pic32mx/4.5.2/../../../../pic32mx/lib/libc.a(putchar.o)
 .gnu.attributes
                0x000001d0       0x10 /Applications/microchip/xc32/v1.32/bin/bin/../../lib/gcc/pic32mx/4.5.2/../../../../pic32mx/lib/libc.a(sprintf_cdnopuxX.eo)
 .gnu.attributes