Archive member included because of file (symbol)

/Applications/microchip/xc32/v1.32/bin/bin/../../lib/gcc/pic32mx/4.5.2/../../../../pic32mx/lib/libmchp_peripheral_32MX270F256D.a(int_configure_system_lib.o)
                              build/EXPLORER_16_PIC32MX270F256D/debug/_ext/1472/main.o (INTConfigureSystem)
/Applications/microchip/xc32/v1.32/bin/bin/../../lib/gcc/pic32mx/4.5.2/../../../../pic32mx/lib/libmchp_peripheral_32MX270F256D.a(int_enable_interrupts_lib.o)
                              build/EXPLORER_16_PIC32MX270F256D/debug/_ext/1472/main_blinky.o (INTEnableInterrupts)
/Applications/microchip/xc32/v1.32/bin/bin/../../lib/gcc/pic32mx/4.5.2/../../../../pic32mx/lib/libmchp_peripheral_32MX270F256D.a(int_disable_interrupts_lib.o)
                              build/EXPLORER_16_PIC32MX270F256D/debug/_ext/1472/main.o (INTDisableInterrupts)
/Applications/microchip/xc32/v1.32/bin/bin/../../lib/gcc/pic32mx/4.5.2/../../../../pic32mx/lib/libmchp_peripheral_32MX270F256D.a(int_restore_interrupts_lib.o)
                              build/EXPLORER_16_PIC32MX270F256D/debug/_ext/1472/main.o (INTRestoreInterrupts)
/Applications/microchip/xc32/v1.32/bin/bin/../../lib/gcc/pic32mx/4.5.2/../../../../pic32mx/lib/libmchp_peripheral_32MX270F256D.a(int_tbl_lib.o)
                              build/EXPLORER_16_PIC32MX270F256D/debug/_ext/821501661/serial.o (INTEnable)
/Applications/microchip/xc32/v1.32/bin/bin/../../lib/gcc/pic32mx/4.5.2/../../../../pic32mx/lib/libmchp_peripheral_32MX270F256D.a(uart_lib.o)
                              build/EXPLORER_16_PIC32MX270F256D/debug/_ext/821501661/serial.o (UARTEnable)
/Applications/microchip/xc32/v1.32/bin/bin/../../lib/gcc/pic32mx/4.5.2/../../../../pic32mx/lib/libpic32.a(memcmp.o)
                              build/EXPLORER_16_PIC32MX270F256D/debug/_ext/332309696/port.o (memcmp)
/Applications/microchip/xc32/v1.32/bin/bin/../../lib/gcc/pic32mx/4.5.2/../../../../pic32mx/lib/libpic32.a(memcpy.o)
                              build/EXPLORER_16_PIC32MX270F256D/debug/_ext/449926602/queue.o (memcpy)
/Applications/microchip/xc32/v1.32/bin/bin/../../lib/gcc/pic32mx/4.5.2/../../../../pic32mx/lib/libpic32.a(memset.o)
                              build/EXPLORER_16_PIC32MX270F256D/debug/_ext/332309696/port.o (memset)
/Applications/microchip/xc32/v1.32/bin/bin/../../lib/gcc/pic32mx/4.5.2/../../../../pic32mx/lib/libpic32.a(default-bootstrap-exception-handler.o)
                              /Applications/microchip/xc32/v1.32/bin/bin/../../lib/gcc/pic32mx/4.5.2/../../../../pic32mx/lib/./proc/32MX270F256D/crt0_mips32r2.o (_bootstrap_exception_handler)
/Applications/microchip/xc32/v1.32/bin/bin/../../lib/gcc/pic32mx/4.5.2/../../../../pic32mx/lib/libpic32.a(default-on-reset.o)
                              /Applications/microchip/xc32/v1.32/bin/bin/../../lib/gcc/pic32mx/4.5.2/../../../../pic32mx/lib/./proc/32MX270F256D/crt0_mips32r2.o (_on_reset)
/Applications/microchip/xc32/v1.32/bin/bin/../../lib/gcc/pic32mx/4.5.2/../../../../pic32mx/lib/libpic32.a(default-on-bootstrap.o)
                              /Applications/microchip/xc32/v1.32/bin/bin/../../lib/gcc/pic32mx/4.5.2/../../../../pic32mx/lib/./proc/32MX270F256D/crt0_mips32r2.o (_on_bootstrap)
/Applications/microchip/xc32/v1.32/bin/bin/../../lib/gcc/pic32mx/4.5.2/../../../../pic32mx/lib/libpic32.a(default-nmi-handler.o)
                              /Applications/microchip/xc32/v1.32/bin/bin/../../lib/gcc/pic32mx/4.5.2/../../../../pic32mx/lib/./proc/32MX270F256D/crt0_mips32r2.o (_nmi_handler)
/Applications/microchip/xc32/v1.32/bin/bin/../../lib/gcc/pic32mx/4.5.2/../../../../pic32mx/lib/libpic32.a(general-exception.o)
                              /Applications/microchip/xc32/v1.32/bin/bin/../../lib/gcc/pic32mx/4.5.2/../../../../pic32mx/lib/./proc/32MX270F256D/crt0_mips32r2.o (_general_exception_context)
/Applications/microchip/xc32/v1.32/bin/bin/../../lib/gcc/pic32mx/4.5.2/../../../../pic32mx/lib/libpic32.a(vector0.o)
                              /Applications/microchip/xc32/v1.32/bin/bin/../../lib/gcc/pic32mx/4.5.2/../../../../pic32mx/lib/./proc/32MX270F256D/default_isr_vectors.o (__vector_dispatch_0)
/Applications/microchip/xc32/v1.32/bin/bin/../../lib/gcc/pic32mx/4.5.2/../../../../pic32mx/lib/libpic32.a(vector2.o)
                              /Applications/microchip/xc32/v1.32/bin/bin/../../lib/gcc/pic32mx/4.5.2/../../../../pic32mx/lib/./proc/32MX270F256D/default_isr_vectors.o (__vector_dispatch_2)
/Applications/microchip/xc32/v1.32/bin/bin/../../lib/gcc/pic32mx/4.5.2/../../../../pic32mx/lib/libpic32.a(vector3.o)
                              /Applications/microchip/xc32/v1.32/bin/bin/../../lib/gcc/pic32mx/4.5.2/../../../../pic32mx/lib/./proc/32MX270F256D/default_isr_vectors.o (__vector_dispatch_3)
/Applications/microchip/xc32/v1.32/bin/bin/../../lib/gcc/pic32mx/4.5.2/../../../../pic32mx/lib/libpic32.a(vector5.o)
[...]
Memory Configuration

Name             Origin             Length             Attributes
kseg0_data_mem   0x80000000         0x00000200
kseg1_data_mem   0xa0000000         0x00010000         w !x
kseg0_boot_mem   0x9fc00490         0x00000000
kseg1_boot_mem   0xbfc00000         0x00000490
kseg0_program_mem 0x9d000000         0x0003f000         xr
exception_mem    0x9d03f000         0x00001000
debug_exec_mem   0x9fc00490         0x00000760
config3          0xbfc00bf0         0x00000004
config2          0xbfc00bf4         0x00000004
config1          0xbfc00bf8         0x00000004
config0          0xbfc00bfc         0x00000004
sfrs             0xbf800000         0x00100000
configsfrs       0xbfc00bf0         0x00000010
*default*        0x00000000         0xffffffff

Linker script and memory map


reserve_data_0_kseg0
                0x80000000      0x200
                0x80000000        0x2 SHORT 0x0
                0x000001fd                . = 0x1fd
 *fill*         0x80000002      0x1fb 
                0x80000200                . = ALIGN (0x4)
 *fill*         0x800001fd        0x3 

reserve_data_0_kseg1
                0xa0000000      0x200
                0xa0000000        0x2 SHORT 0x0
                0x000001fd                . = 0x1fd
 *fill*         0xa0000002      0x1fb 
                0xa0000200                . = ALIGN (0x4)
 *fill*         0xa00001fd        0x3 

reserve_boot_0x1fc00490_kseg0
                0x9fc00490      0x760
                0x9fc00490        0x2 SHORT 0x0
                0x00000760                . = 0x760
 *fill*         0x9fc00492      0x75e 
                0x9fc00bf0                . = ALIGN (0x4)

reserve_boot_0x1fc00490_kseg1
                0xbfc00490      0x760
                0xbfc00490        0x2 SHORT 0x0
                0x00000760                . = 0x760
 *fill*         0xbfc00492      0x75e 
                0xbfc00bf0                . = ALIGN (0x4)
LOAD /Applications/microchip/xc32/v1.32/bin/bin/../../lib/gcc/pic32mx/4.5.2/../../../../pic32mx/lib/./proc/32MX270F256D/crt0_mips32r2.o
LOAD /Applications/microchip/xc32/v1.32/bin/bin/../../lib/gcc/pic32mx/4.5.2/../../../../pic32mx/lib/software-debug-break.o
LOAD build/EXPLORER_16_PIC32MX270F256D/debug/_ext/332309696/port.o
LOAD build/EXPLORER_16_PIC32MX270F256D/debug/_ext/332309696/port_asm.o
LOAD build/EXPLORER_16_PIC32MX270F256D/debug/_ext/449926602/queue.o
LOAD build/EXPLORER_16_PIC32MX270F256D/debug/_ext/449926602/tasks.o
LOAD build/EXPLORER_16_PIC32MX270F256D/debug/_ext/449926602/list.o
LOAD build/EXPLORER_16_PIC32MX270F256D/debug/_ext/449926602/timers.o
LOAD build/EXPLORER_16_PIC32MX270F256D/debug/_ext/1884096877/heap_4.o
LOAD build/EXPLORER_16_PIC32MX270F256D/debug/_ext/1163846883/blocktim.o
LOAD build/EXPLORER_16_PIC32MX270F256D/debug/_ext/1163846883/comtest.o
LOAD build/EXPLORER_16_PIC32MX270F256D/debug/_ext/1163846883/semtest.o
LOAD build/EXPLORER_16_PIC32MX270F256D/debug/_ext/1163846883/QPeek.o
LOAD build/EXPLORER_16_PIC32MX270F256D/debug/_ext/1163846883/IntQueue.o
LOAD build/EXPLORER_16_PIC32MX270F256D/debug/_ext/1163846883/GenQTest.o
LOAD build/EXPLORER_16_PIC32MX270F256D/debug/_ext/1163846883/flash_timer.o
LOAD build/EXPLORER_16_PIC32MX270F256D/debug/_ext/1472/main.o
LOAD build/EXPLORER_16_PIC32MX270F256D/debug/_ext/1472/RegisterTestTasks.o
LOAD build/EXPLORER_16_PIC32MX270F256D/debug/_ext/1472/lcd.o
LOAD build/EXPLORER_16_PIC32MX270F256D/debug/_ext/821501661/serial.o
LOAD build/EXPLORER_16_PIC32MX270F256D/debug/_ext/821501661/serial_isr.o
LOAD build/EXPLORER_16_PIC32MX270F256D/debug/_ext/1472/timertest.o
LOAD build/EXPLORER_16_PIC32MX270F256D/debug/_ext/1472/timertest_isr.o
LOAD build/EXPLORER_16_PIC32MX270F256D/debug/_ext/1472/IntQueueTimer.o
LOAD build/EXPLORER_16_PIC32MX270F256D/debug/_ext/1472/IntQueueTimer_isr.o
LOAD build/EXPLORER_16_PIC32MX270F256D/debug/_ext/1472/printf-stdarg.o
LOAD build/EXPLORER_16_PIC32MX270F256D/debug/_ext/1472/main_blinky.o
LOAD build/EXPLORER_16_PIC32MX270F256D/debug/_ext/1472/main_full.o
LOAD build/EXPLORER_16_PIC32MX270F256D/debug/_ext/1472/ConfigPerformance.o
LOAD build/EXPLORER_16_PIC32MX270F256D/debug/_ext/809743516/ParTest_Explorer16.o
                0x00000001                __MPLAB_BUILD = 0x1
                0x00000001                __MPLAB_DEBUG = 0x1
                0x00000001                __DEBUG = 0x1
                0x00000001                __MPLAB_DEBUGGER_ICD3 = 0x1
LOAD /Applications/microchip/xc32/v1.32/bin/bin/../../lib/gcc/pic32mx/4.5.2/../../../../pic32mx/lib/./proc/32MX270F256D/default_isr_vectors.o
LOAD /Applications/microchip/xc32/v1.32/bin/bin/../../lib/gcc/pic32mx/4.5.2/../../../../pic32mx/lib/pic32_software_reset.o
                0x00000400                PROVIDE (_min_stack_size, 0x400)
LOAD /Applications/microchip/xc32/v1.32/bin/bin/../../lib/gcc/pic32mx/4.5.2/../../../../pic32mx/lib/./proc/32MX270F256D/processor.o
START GROUP
LOAD /Applications/microchip/xc32/v1.32/bin/bin/../../lib/gcc/pic32mx/4.5.2/../../../../pic32mx/lib/libmchp_peripheral.a
END GROUP
START GROUP
LOAD /Applications/microchip/xc32/v1.32/bin/bin/../../lib/gcc/pic32mx/4.5.2/../../../../pic32mx/lib/libmchp_peripheral_32MX270F256D.a
END GROUP
                0x00000001                PROVIDE (_vector_spacing, 0x1)
                0x9d03f000                _ebase_address = 0x9d03f000
                0xbfc00000                _RESET_ADDR = 0xbfc00000
                0xbfc00380                _BEV_EXCPT_ADDR = 0xbfc00380
                0xbfc00480                _DBG_EXCPT_ADDR = 0xbfc00480
                0x9fc00490                _DBG_CODE_ADDR = 0x9fc00490
                0x00000760                _DBG_CODE_SIZE = 0x760
                0x9d03f180                _GEN_EXCPT_ADDR = (_ebase_address + 0x180)

.config_BFC00BF0
                0xbfc00bf0        0x4
 *(.config_BFC00BF0)
 .config_BFC00BF0
                0xbfc00bf0        0x4 build/EXPLORER_16_PIC32MX270F256D/debug/_ext/1472/main.o

.config_BFC00BF4
                0xbfc00bf4        0x4
 *(.config_BFC00BF4)
 .config_BFC00BF4
                0xbfc00bf4        0x4 build/EXPLORER_16_PIC32MX270F256D/debug/_ext/1472/main.o

.config_BFC00BF8
                0xbfc00bf8        0x4
 *(.config_BFC00BF8)
 .config_BFC00BF8
                0xbfc00bf8        0x4 build/EXPLORER_16_PIC32MX270F256D/debug/_ext/1472/main.o

.config_BFC00BFC
                0xbfc00bfc        0x4
 *(.config_BFC00BFC)
 .config_BFC00BFC
                0xbfc00bfc        0x4 build/EXPLORER_16_PIC32MX270F256D/debug/_ext/1472/main.o
                0xbfc02000                PROVIDE (_DBG_CODE_ADDR, 0xbfc02000)
                0x00000ff0                PROVIDE (_DBG_CODE_SIZE, 0xff0)

.reset          0xbfc00000      0x1c4
 *(.reset)
 .reset         0xbfc00000      0x1c4 /Applications/microchip/xc32/v1.32/bin/bin/../../lib/gcc/pic32mx/4.5.2/../../../../pic32mx/lib/./proc/32MX270F256D/crt0_mips32r2.o
                0xbfc00000                _reset
 *(.reset.startup)

.bev_excpt      0xbfc00380       0x10
 *(.bev_handler)
 .bev_handler   0xbfc00380       0x10 /Applications/microchip/xc32/v1.32/bin/bin/../../lib/gcc/pic32mx/4.5.2/../../../../pic32mx/lib/./proc/32MX270F256D/crt0_mips32r2.o

.dbg_excpt      0xbfc00480        0x0
                0xbfc00480                . = (. + DEFINED (_DEBUGGER)?0x8:0x0)

.dbg_code       0x9fc00490        0x0
                0x9fc00490                . = (. + DEFINED (_DEBUGGER)?_DBG_CODE_SIZE:0x0)

.app_excpt      0x9d03f180       0x10
 *(.gen_handler)
 .gen_handler   0x9d03f180       0x10 /Applications/microchip/xc32/v1.32/bin/bin/../../lib/gcc/pic32mx/4.5.2/../../../../pic32mx/lib/./proc/32MX270F256D/crt0_mips32r2.o

.vector_0       0x9d03f200        0x8
 *(.vector_0)
 .vector_0      0x9d03f200        0x8 /Applications/microchip/xc32/v1.32/bin/bin/../../lib/gcc/pic32mx/4.5.2/../../../../pic32mx/lib/libpic32.a(vector0.o)
                0x9d03f200                __vector_dispatch_0
                0x00000001                ASSERT (((_vector_spacing == 0x0) || (SIZEOF (.vector_0) <= (_vector_spacing << 0x5))), function at exception vector 0 too large)

.vector_1       0x9d03f220        0x8
 *(.vector_1)
 .vector_1      0x9d03f220        0x8 build/EXPLORER_16_PIC32MX270F256D/debug/_ext/332309696/port.o
                0x9d03f220                __vector_dispatch_1
                0x00000001                ASSERT (((_vector_spacing == 0x0) || (SIZEOF (.vector_1) <= (_vector_spacing << 0x5))), function at exception vector 1 too large)

.vector_2       0x9d03f240        0x8
 *(.vector_2)
 .vector_2      0x9d03f240        0x8 /Applications/microchip/xc32/v1.32/bin/bin/../../lib/gcc/pic32mx/4.5.2/../../../../pic32mx/lib/libpic32.a(vector2.o)
                0x9d03f240                __vector_dispatch_2
                0x00000001                ASSERT (((_vector_spacing == 0x0) || (SIZEOF (.vector_2) <= (_vector_spacing << 0x5))), function at exception vector 2 too large)

.vector_3       0x9d03f260        0x8
 *(.vector_3)
 .vector_3      0x9d03f260        0x8 /Applications/microchip/xc32/v1.32/bin/bin/../../lib/gcc/pic32mx/4.5.2/../../../../pic32mx/lib/libpic32.a(vector3.o)
                0x9d03f260                __vector_dispatch_3
                0x00000001                ASSERT (((_vector_spacing == 0x0) || (SIZEOF (.vector_3) <= (_vector_spacing << 0x5))), function at exception vector 3 too large)

.vector_4       0x9d03f280        0x8
 *(.vector_4)
 .vector_4      0x9d03f280        0x8 build/EXPLORER_16_PIC32MX270F256D/debug/_ext/332309696/port.o
                0x9d03f280                __vector_dispatch_4
                0x00000001                ASSERT (((_vector_spacing == 0x0) || (SIZEOF (.vector_4) <= (_vector_spacing << 0x5))), function at exception vector 4 too large)

.vector_5       0x9d03f2a0        0x8
 *(.vector_5)
 .vector_5      0x9d03f2a0        0x8 /Applications/microchip/xc32/v1.32/bin/bin/../../lib/gcc/pic32mx/4.5.2/../../../../pic32mx/lib/libpic32.a(vector5.o)
                0x9d03f2a0                __vector_dispatch_5
                0x00000001                ASSERT (((_vector_spacing == 0x0) || (SIZEOF (.vector_5) <= (_vector_spacing << 0x5))), function at exception vector 5 too large)

.vector_6       0x9d03f2c0        0x8
 *(.vector_6)
 .vector_6      0x9d03f2c0        0x8 /Applications/microchip/xc32/v1.32/bin/bin/../../lib/gcc/pic32mx/4.5.2/../../../../pic32mx/lib/libpic32.a(vector6.o)
                0x9d03f2c0                __vector_dispatch_6
                0x00000001                ASSERT (((_vector_spacing == 0x0) || (SIZEOF (.vector_6) <= (_vector_spacing << 0x5))), function at exception vector 6 too large)

.vector_7       0x9d03f2e0        0x8
 *(.vector_7)
 .vector_7      0x9d03f2e0        0x8 /Applications/microchip/xc32/v1.32/bin/bin/../../lib/gcc/pic32mx/4.5.2/../../../../pic32mx/lib/libpic32.a(vector7.o)
                0x9d03f2e0                __vector_dispatch_7
                0x00000001                ASSERT (((_vector_spacing == 0x0) || (SIZEOF (.vector_7) <= (_vector_spacing << 0x5))), function at exception vector 7 too large)

.vector_8       0x9d03f300        0x8
 *(.vector_8)
 .vector_8      0x9d03f300        0x8 build/EXPLORER_16_PIC32MX270F256D/debug/_ext/1472/timertest.o
                0x9d03f300                __vector_dispatch_8
                0x00000001                ASSERT (((_vector_spacing == 0x0) || (SIZEOF (.vector_8) <= (_vector_spacing << 0x5))), function at exception vector 8 too large)

.vector_9       0x9d03f320        0x8
 *(.vector_9)
 .vector_9      0x9d03f320        0x8 /Applications/microchip/xc32/v1.32/bin/bin/../../lib/gcc/pic32mx/4.5.2/../../../../pic32mx/lib/libpic32.a(vector9.o)
                0x9d03f320                __vector_dispatch_9
                0x00000001                ASSERT (((_vector_spacing == 0x0) || (SIZEOF (.vector_9) <= (_vector_spacing << 0x5))), function at exception vector 9 too large)

.vector_10      0x9d03f340        0x8
 *(.vector_10)
 .vector_10     0x9d03f340        0x8 /Applications/microchip/xc32/v1.32/bin/bin/../../lib/gcc/pic32mx/4.5.2/../../../../pic32mx/lib/libpic32.a(vector10.o)
                0x9d03f340                __vector_dispatch_10
                0x00000001                ASSERT (((_vector_spacing == 0x0) || (SIZEOF (.vector_10) <= (_vector_spacing << 0x5))), function at exception vector 10 too large)

.vector_11      0x9d03f360        0x8
 *(.vector_11)
 .vector_11     0x9d03f360        0x8 /Applications/microchip/xc32/v1.32/bin/bin/../../lib/gcc/pic32mx/4.5.2/../../../../pic32mx/lib/libpic32.a(vector11.o)
                0x9d03f360                __vector_dispatch_11
                0x00000001                ASSERT (((_vector_spacing == 0x0) || (SIZEOF (.vector_11) <= (_vector_spacing << 0x5))), function at exception vector 11 too large)

.vector_12      0x9d03f380        0x8
 *(.vector_12)
 .vector_12     0x9d03f380        0x8 build/EXPLORER_16_PIC32MX270F256D/debug/_ext/1472/IntQueueTimer.o
                0x9d03f380                __vector_dispatch_12
                0x00000001                ASSERT (((_vector_spacing == 0x0) || (SIZEOF (.vector_12) <= (_vector_spacing << 0x5))), function at exception vector 12 too large)

.vector_13      0x9d03f3a0        0x8
 *(.vector_13)
 .vector_13     0x9d03f3a0        0x8 /Applications/microchip/xc32/v1.32/bin/bin/../../lib/gcc/pic32mx/4.5.2/../../../../pic32mx/lib/libpic32.a(vector13.o)
                0x9d03f3a0                __vector_dispatch_13
                0x00000001                ASSERT (((_vector_spacing == 0x0) || (SIZEOF (.vector_13) <= (_vector_spacing << 0x5))), function at exception vector 13 too large)

.vector_14      0x9d03f3c0        0x8
 *(.vector_14)
 .vector_14     0x9d03f3c0        0x8 /Applications/microchip/xc32/v1.32/bin/bin/../../lib/gcc/pic32mx/4.5.2/../../../../pic32mx/lib/libpic32.a(vector14.o)
                0x9d03f3c0                __vector_dispatch_14
                0x00000001                ASSERT (((_vector_spacing == 0x0) || (SIZEOF (.vector_14) <= (_vector_spacing << 0x5))), function at exception vector 14 too large)

.vector_15      0x9d03f3e0        0x8
 *(.vector_15)
 .vector_15     0x9d03f3e0        0x8 /Applications/microchip/xc32/v1.32/bin/bin/../../lib/gcc/pic32mx/4.5.2/../../../../pic32mx/lib/libpic32.a(vector15.o)
                0x9d03f3e0                __vector_dispatch_15
                0x00000001                ASSERT (((_vector_spacing == 0x0) || (SIZEOF (.vector_15) <= (_vector_spacing << 0x5))), function at exception vector 15 too large)

.vector_16      0x9d03f400        0x8
 *(.vector_16)
 .vector_16     0x9d03f400        0x8 build/EXPLORER_16_PIC32MX270F256D/debug/_ext/1472/IntQueueTimer.o
                0x9d03f400                __vector_dispatch_16
                0x00000001                ASSERT (((_vector_spacing == 0x0) || (SIZEOF (.vector_16) <= (_vector_spacing << 0x5))), function at exception vector 16 too large)

.vector_17      0x9d03f420        0x8
 *(.vector_17)
 .vector_17     0x9d03f420        0x8 /Applications/microchip/xc32/v1.32/bin/bin/../../lib/gcc/pic32mx/4.5.2/../../../../pic32mx/lib/libpic32.a(vector17.o)
                0x9d03f420                __vector_dispatch_17
                0x00000001                ASSERT (((_vector_spacing == 0x0) || (SIZEOF (.vector_17) <= (_vector_spacing << 0x5))), function at exception vector 17 too large)

.vector_18      0x9d03f440        0x8
 *(.vector_18)
 .vector_18     0x9d03f440        0x8 /Applications/microchip/xc32/v1.32/bin/bin/../../lib/gcc/pic32mx/4.5.2/../../../../pic32mx/lib/libpic32.a(vector18.o)
                0x9d03f440                __vector_dispatch_18
                0x00000001                ASSERT (((_vector_spacing == 0x0) || (SIZEOF (.vector_18) <= (_vector_spacing << 0x5))), function at exception vector 18 too large)

.vector_19      0x9d03f460        0x8
 *(.vector_19)
 .vector_19     0x9d03f460        0x8 /Applications/microchip/xc32/v1.32/bin/bin/../../lib/gcc/pic32mx/4.5.2/../../../../pic32mx/lib/libpic32.a(vector19.o)
                0x9d03f460                __vector_dispatch_19
                0x00000001                ASSERT (((_vector_spacing == 0x0) || (SIZEOF (.vector_19) <= (_vector_spacing << 0x5))), function at exception vector 19 too large)

.vector_20      0x9d03f480        0x8
 *(.vector_20)
 .vector_20     0x9d03f480        0x8 /Applications/microchip/xc32/v1.32/bin/bin/../../lib/gcc/pic32mx/4.5.2/../../../../pic32mx/lib/libpic32.a(vector20.o)
                0x9d03f480                __vector_dispatch_20
                0x00000001                ASSERT (((_vector_spacing == 0x0) || (SIZEOF (.vector_20) <= (_vector_spacing << 0x5))), function at exception vector 20 too large)

.vector_21      0x9d03f4a0        0x8
 *(.vector_21)
 .vector_21     0x9d03f4a0        0x8 /Applications/microchip/xc32/v1.32/bin/bin/../../lib/gcc/pic32mx/4.5.2/../../../../pic32mx/lib/libpic32.a(vector21.o)
                0x9d03f4a0                __vector_dispatch_21
                0x00000001                ASSERT (((_vector_spacing == 0x0) || (SIZEOF (.vector_21) <= (_vector_spacing << 0x5))), function at exception vector 21 too large)

.vector_22      0x9d03f4c0        0x8
 *(.vector_22)
 .vector_22     0x9d03f4c0        0x8 /Applications/microchip/xc32/v1.32/bin/bin/../../lib/gcc/pic32mx/4.5.2/../../../../pic32mx/lib/libpic32.a(vector22.o)
                0x9d03f4c0                __vector_dispatch_22
                0x00000001                ASSERT (((_vector_spacing == 0x0) || (SIZEOF (.vector_22) <= (_vector_spacing << 0x5))), function at exception vector 22 too large)

.vector_23      0x9d03f4e0        0x8
 *(.vector_23)
 .vector_23     0x9d03f4e0        0x8 /Applications/microchip/xc32/v1.32/bin/bin/../../lib/gcc/pic32mx/4.5.2/../../../../pic32mx/lib/libpic32.a(vector23.o)
                0x9d03f4e0                __vector_dispatch_23
                0x00000001                ASSERT (((_vector_spacing == 0x0) || (SIZEOF (.vector_23) <= (_vector_spacing << 0x5))), function at exception vector 23 too large)

.vector_24      0x9d03f500        0x8
 *(.vector_24)
 .vector_24     0x9d03f500        0x8 /Applications/microchip/xc32/v1.32/bin/bin/../../lib/gcc/pic32mx/4.5.2/../../../../pic32mx/lib/libpic32.a(vector24.o)
                0x9d03f500                __vector_dispatch_24
                0x00000001                ASSERT (((_vector_spacing == 0x0) || (SIZEOF (.vector_24) <= (_vector_spacing << 0x5))), function at exception vector 24 too large)

.vector_25      0x9d03f520        0x8
 *(.vector_25)
 .vector_25     0x9d03f520        0x8 /Applications/microchip/xc32/v1.32/bin/bin/../../lib/gcc/pic32mx/4.5.2/../../../../pic32mx/lib/libpic32.a(vector25.o)
                0x9d03f520                __vector_dispatch_25
                0x00000001                ASSERT (((_vector_spacing == 0x0) || (SIZEOF (.vector_25) <= (_vector_spacing << 0x5))), function at exception vector 25 too large)

.vector_26      0x9d03f540        0x8
 *(.vector_26)
 .vector_26     0x9d03f540        0x8 /Applications/microchip/xc32/v1.32/bin/bin/../../lib/gcc/pic32mx/4.5.2/../../../../pic32mx/lib/libpic32.a(vector26.o)
                0x9d03f540                __vector_dispatch_26
                0x00000001                ASSERT (((_vector_spacing == 0x0) || (SIZEOF (.vector_26) <= (_vector_spacing << 0x5))), function at exception vector 26 too large)

.vector_27      0x9d03f560        0x8
 *(.vector_27)
 .vector_27     0x9d03f560        0x8 /Applications/microchip/xc32/v1.32/bin/bin/../../lib/gcc/pic32mx/4.5.2/../../../../pic32mx/lib/libpic32.a(vector27.o)
                0x9d03f560                __vector_dispatch_27
                0x00000001                ASSERT (((_vector_spacing == 0x0) || (SIZEOF (.vector_27) <= (_vector_spacing << 0x5))), function at exception vector 27 too large)

.vector_28      0x9d03f580        0x8
 *(.vector_28)
 .vector_28     0x9d03f580        0x8 /Applications/microchip/xc32/v1.32/bin/bin/../../lib/gcc/pic32mx/4.5.2/../../../../pic32mx/lib/libpic32.a(vector28.o)
                0x9d03f580                __vector_dispatch_28
                0x00000001                ASSERT (((_vector_spacing == 0x0) || (SIZEOF (.vector_28) <= (_vector_spacing << 0x5))), function at exception vector 28 too large)

.vector_29      0x9d03f5a0        0x8
 *(.vector_29)
 .vector_29     0x9d03f5a0        0x8 /Applications/microchip/xc32/v1.32/bin/bin/../../lib/gcc/pic32mx/4.5.2/../../../../pic32mx/lib/libpic32.a(vector29.o)
                0x9d03f5a0                __vector_dispatch_29
                0x00000001                ASSERT (((_vector_spacing == 0x0) || (SIZEOF (.vector_29) <= (_vector_spacing << 0x5))), function at exception vector 29 too large)

.vector_30      0x9d03f5c0        0x8
 *(.vector_30)
 .vector_30     0x9d03f5c0        0x8 /Applications/microchip/xc32/v1.32/bin/bin/../../lib/gcc/pic32mx/4.5.2/../../../../pic32mx/lib/libpic32.a(vector30.o)
                0x9d03f5c0                __vector_dispatch_30
                0x00000001                ASSERT (((_vector_spacing == 0x0) || (SIZEOF (.vector_30) <= (_vector_spacing << 0x5))), function at exception vector 30 too large)

.vector_31      0x9d03f5e0        0x8
 *(.vector_31)
 .vector_31     0x9d03f5e0        0x8 /Applications/microchip/xc32/v1.32/bin/bin/../../lib/gcc/pic32mx/4.5.2/../../../../pic32mx/lib/libpic32.a(vector31.o)
                0x9d03f5e0                __vector_dispatch_31
                0x00000001                ASSERT (((_vector_spacing == 0x0) || (SIZEOF (.vector_31) <= (_vector_spacing << 0x5))), function at exception vector 31 too large)

.vector_32      0x9d03f600        0x8
 *(.vector_32)
 .vector_32     0x9d03f600        0x8 build/EXPLORER_16_PIC32MX270F256D/debug/_ext/821501661/serial.o
                0x9d03f600                __vector_dispatch_32
                0x00000001                ASSERT (((_vector_spacing == 0x0) || (SIZEOF (.vector_32) <= (_vector_spacing << 0x5))), function at exception vector 32 too large)

.vector_33      0x9d03f620        0x8
 *(.vector_33)
 .vector_33     0x9d03f620        0x8 /Applications/microchip/xc32/v1.32/bin/bin/../../lib/gcc/pic32mx/4.5.2/../../../../pic32mx/lib/libpic32.a(vector33.o)
                0x9d03f620                __vector_dispatch_33
                0x00000001                ASSERT (((_vector_spacing == 0x0) || (SIZEOF (.vector_33) <= (_vector_spacing << 0x5))), function at exception vector 33 too large)

.vector_34      0x9d03f640        0x8
 *(.vector_34)
 .vector_34     0x9d03f640        0x8 /Applications/microchip/xc32/v1.32/bin/bin/../../lib/gcc/pic32mx/4.5.2/../../../../pic32mx/lib/libpic32.a(vector34.o)
                0x9d03f640                __vector_dispatch_34
                0x00000001                ASSERT (((_vector_spacing == 0x0) || (SIZEOF (.vector_34) <= (_vector_spacing << 0x5))), function at exception vector 34 too large)

.vector_35      0x9d03f660        0x8
 *(.vector_35)
 .vector_35     0x9d03f660        0x8 /Applications/microchip/xc32/v1.32/bin/bin/../../lib/gcc/pic32mx/4.5.2/../../../../pic32mx/lib/libpic32.a(vector35.o)
                0x9d03f660                __vector_dispatch_35
                0x00000001                ASSERT (((_vector_spacing == 0x0) || (SIZEOF (.vector_35) <= (_vector_spacing << 0x5))), function at exception vector 35 too large)

.vector_36      0x9d03f680        0x8
 *(.vector_36)
 .vector_36     0x9d03f680        0x8 /Applications/microchip/xc32/v1.32/bin/bin/../../lib/gcc/pic32mx/4.5.2/../../../../pic32mx/lib/libpic32.a(vector36.o)
                0x9d03f680                __vector_dispatch_36
                0x00000001                ASSERT (((_vector_spacing == 0x0) || (SIZEOF (.vector_36) <= (_vector_spacing << 0x5))), function at exception vector 36 too large)

.vector_37      0x9d03f6a0        0x8
 *(.vector_37)
 .vector_37     0x9d03f6a0        0x8 /Applications/microchip/xc32/v1.32/bin/bin/../../lib/gcc/pic32mx/4.5.2/../../../../pic32mx/lib/libpic32.a(vector37.o)
                0x9d03f6a0                __vector_dispatch_37
                0x00000001                ASSERT (((_vector_spacing == 0x0) || (SIZEOF (.vector_37) <= (_vector_spacing << 0x5))), function at exception vector 37 too large)

.vector_38      0x9d03f6c0        0x8
 *(.vector_38)
 .vector_38     0x9d03f6c0        0x8 /Applications/microchip/xc32/v1.32/bin/bin/../../lib/gcc/pic32mx/4.5.2/../../../../pic32mx/lib/libpic32.a(vector38.o)
                0x9d03f6c0                __vector_dispatch_38
                0x00000001                ASSERT (((_vector_spacing == 0x0) || (SIZEOF (.vector_38) <= (_vector_spacing << 0x5))), function at exception vector 38 too large)

.vector_39      0x9d03f6e0        0x8
 *(.vector_39)
 .vector_39     0x9d03f6e0        0x8 /Applications/microchip/xc32/v1.32/bin/bin/../../lib/gcc/pic32mx/4.5.2/../../../../pic32mx/lib/libpic32.a(vector39.o)
                0x9d03f6e0                __vector_dispatch_39
                0x00000001                ASSERT (((_vector_spacing == 0x0) || (SIZEOF (.vector_39) <= (_vector_spacing << 0x5))), function at exception vector 39 too large)

.vector_40      0x9d03f700        0x8
 *(.vector_40)
 .vector_40     0x9d03f700        0x8 /Applications/microchip/xc32/v1.32/bin/bin/../../lib/gcc/pic32mx/4.5.2/../../../../pic32mx/lib/libpic32.a(vector40.o)
                0x9d03f700                __vector_dispatch_40
                0x00000001                ASSERT (((_vector_spacing == 0x0) || (SIZEOF (.vector_40) <= (_vector_spacing << 0x5))), function at exception vector 40 too large)

.vector_41      0x9d03f720        0x8
 *(.vector_41)
 .vector_41     0x9d03f720        0x8 /Applications/microchip/xc32/v1.32/bin/bin/../../lib/gcc/pic32mx/4.5.2/../../../../pic32mx/lib/libpic32.a(vector41.o)
                0x9d03f720                __vector_dispatch_41
                0x00000001                ASSERT (((_vector_spacing == 0x0) || (SIZEOF (.vector_41) <= (_vector_spacing << 0x5))), function at exception vector 41 too large)

.vector_42      0x9d03f740        0x8
 *(.vector_42)
 .vector_42     0x9d03f740        0x8 /Applications/microchip/xc32/v1.32/bin/bin/../../lib/gcc/pic32mx/4.5.2/../../../../pic32mx/lib/libpic32.a(vector42.o)
                0x9d03f740                __vector_dispatch_42
                0x00000001                ASSERT (((_vector_spacing == 0x0) || (SIZEOF (.vector_42) <= (_vector_spacing << 0x5))), function at exception vector 42 too large)

.vector_43      0x9d03f760        0x8
 *(.vector_43)
 .vector_43     0x9d03f760        0x8 /Applications/microchip/xc32/v1.32/bin/bin/../../lib/gcc/pic32mx/4.5.2/../../../../pic32mx/lib/libpic32.a(vector43.o)
                0x9d03f760                __vector_dispatch_43
                0x00000001                ASSERT (((_vector_spacing == 0x0) || (SIZEOF (.vector_43) <= (_vector_spacing << 0x5))), function at exception vector 43 too large)

.vector_44      0x9d03f780        0x8
 *(.vector_44)
 .vector_44     0x9d03f780        0x8 /Applications/microchip/xc32/v1.32/bin/bin/../../lib/gcc/pic32mx/4.5.2/../../../../pic32mx/lib/libpic32.a(vector44.o)
                0x9d03f780                __vector_dispatch_44
                0x00000001                ASSERT (((_vector_spacing == 0x0) || (SIZEOF (.vector_44) <= (_vector_spacing << 0x5))), function at exception vector 44 too large)

.vector_45      0x9d03f7a0        0x8
 *(.vector_45)
 .vector_45     0x9d03f7a0        0x8 /Applications/microchip/xc32/v1.32/bin/bin/../../lib/gcc/pic32mx/4.5.2/../../../../pic32mx/lib/libpic32.a(vector45.o)
                0x9d03f7a0                __vector_dispatch_45
                0x00000001                ASSERT (((_vector_spacing == 0x0) || (SIZEOF (.vector_45) <= (_vector_spacing << 0x5))), function at exception vector 45 too large)

.vector_46      0x9d03f7c0        0x8
 *(.vector_46)
 .vector_46     0x9d03f7c0        0x8 /Applications/microchip/xc32/v1.32/bin/bin/../../lib/gcc/pic32mx/4.5.2/../../../../pic32mx/lib/libpic32.a(vector46.o)
                0x9d03f7c0                __vector_dispatch_46
                0x00000001                ASSERT (((_vector_spacing == 0x0) || (SIZEOF (.vector_46) <= (_vector_spacing << 0x5))), function at exception vector 46 too large)

.vector_47      0x9d03f7e0        0x8
 *(.vector_47)
 .vector_47     0x9d03f7e0        0x8 /Applications/microchip/xc32/v1.32/bin/bin/../../lib/gcc/pic32mx/4.5.2/../../../../pic32mx/lib/libpic32.a(vector47.o)
                0x9d03f7e0                __vector_dispatch_47
                0x00000001                ASSERT (((_vector_spacing == 0x0) || (SIZEOF (.vector_47) <= (_vector_spacing << 0x5))), function at exception vector 47 too large)

.vector_48      0x9d03f800        0x8
 *(.vector_48)
 .vector_48     0x9d03f800        0x8 /Applications/microchip/xc32/v1.32/bin/bin/../../lib/gcc/pic32mx/4.5.2/../../../../pic32mx/lib/libpic32.a(vector48.o)
                0x9d03f800                __vector_dispatch_48
                0x00000001                ASSERT (((_vector_spacing == 0x0) || (SIZEOF (.vector_48) <= (_vector_spacing << 0x5))), function at exception vector 48 too large)

.vector_49      0x9d03f820        0x8
 *(.vector_49)
 .vector_49     0x9d03f820        0x8 /Applications/microchip/xc32/v1.32/bin/bin/../../lib/gcc/pic32mx/4.5.2/../../../../pic32mx/lib/libpic32.a(vector49.o)
                0x9d03f820                __vector_dispatch_49
                0x00000001                ASSERT (((_vector_spacing == 0x0) || (SIZEOF (.vector_49) <= (_vector_spacing << 0x5))), function at exception vector 49 too large)

.vector_50      0x9d03f840        0x8
 *(.vector_50)
 .vector_50     0x9d03f840        0x8 /Applications/microchip/xc32/v1.32/bin/bin/../../lib/gcc/pic32mx/4.5.2/../../../../pic32mx/lib/libpic32.a(vector50.o)
                0x9d03f840                __vector_dispatch_50
                0x00000001                ASSERT (((_vector_spacing == 0x0) || (SIZEOF (.vector_50) <= (_vector_spacing << 0x5))), function at exception vector 50 too large)

.vector_51      0x9d03f860        0x8
 *(.vector_51)
 .vector_51     0x9d03f860        0x8 /Applications/microchip/xc32/v1.32/bin/bin/../../lib/gcc/pic32mx/4.5.2/../../../../pic32mx/lib/libpic32.a(vector51.o)
                0x9d03f860                __vector_dispatch_51
                0x00000001                ASSERT (((_vector_spacing == 0x0) || (SIZEOF (.vector_51) <= (_vector_spacing << 0x5))), function at exception vector 51 too large)

.vector_52      0x9d03f880        0x8
 *(.vector_52)
 .vector_52     0x9d03f880        0x8 /Applications/microchip/xc32/v1.32/bin/bin/../../lib/gcc/pic32mx/4.5.2/../../../../pic32mx/lib/libpic32.a(vector52.o)
                0x9d03f880                __vector_dispatch_52
                0x00000001                ASSERT (((_vector_spacing == 0x0) || (SIZEOF (.vector_52) <= (_vector_spacing << 0x5))), function at exception vector 52 too large)

.vector_53      0x9d03f8a0        0x8
 *(.vector_53)
 .vector_53     0x9d03f8a0        0x8 /Applications/microchip/xc32/v1.32/bin/bin/../../lib/gcc/pic32mx/4.5.2/../../../../pic32mx/lib/libpic32.a(vector53.o)
                0x9d03f8a0                __vector_dispatch_53
                0x00000001                ASSERT (((_vector_spacing == 0x0) || (SIZEOF (.vector_53) <= (_vector_spacing << 0x5))), function at exception vector 53 too large)

.vector_54      0x9d03f8c0        0x8
 *(.vector_54)
 .vector_54     0x9d03f8c0        0x8 /Applications/microchip/xc32/v1.32/bin/bin/../../lib/gcc/pic32mx/4.5.2/../../../../pic32mx/lib/libpic32.a(vector54.o)
                0x9d03f8c0                __vector_dispatch_54
                0x00000001                ASSERT (((_vector_spacing == 0x0) || (SIZEOF (.vector_54) <= (_vector_spacing << 0x5))), function at exception vector 54 too large)

.vector_55      0x9d03f8e0        0x8
 *(.vector_55)
 .vector_55     0x9d03f8e0        0x8 /Applications/microchip/xc32/v1.32/bin/bin/../../lib/gcc/pic32mx/4.5.2/../../../../pic32mx/lib/libpic32.a(vector55.o)
                0x9d03f8e0                __vector_dispatch_55
                0x00000001                ASSERT (((_vector_spacing == 0x0) || (SIZEOF (.vector_55) <= (_vector_spacing << 0x5))), function at exception vector 55 too large)

.vector_56      0x9d03f900        0x8
 *(.vector_56)
 .vector_56     0x9d03f900        0x8 /Applications/microchip/xc32/v1.32/bin/bin/../../lib/gcc/pic32mx/4.5.2/../../../../pic32mx/lib/libpic32.a(vector56.o)
                0x9d03f900                __vector_dispatch_56
                0x00000001                ASSERT (((_vector_spacing == 0x0) || (SIZEOF (.vector_56) <= (_vector_spacing << 0x5))), function at exception vector 56 too large)

.vector_57      0x9d03f920        0x8
 *(.vector_57)
 .vector_57     0x9d03f920        0x8 /Applications/microchip/xc32/v1.32/bin/bin/../../lib/gcc/pic32mx/4.5.2/../../../../pic32mx/lib/libpic32.a(vector57.o)
                0x9d03f920                __vector_dispatch_57
                0x00000001                ASSERT (((_vector_spacing == 0x0) || (SIZEOF (.vector_57) <= (_vector_spacing << 0x5))), function at exception vector 57 too large)

.vector_58      0x9d03f940        0x8
 *(.vector_58)
 .vector_58     0x9d03f940        0x8 /Applications/microchip/xc32/v1.32/bin/bin/../../lib/gcc/pic32mx/4.5.2/../../../../pic32mx/lib/libpic32.a(vector58.o)
                0x9d03f940                __vector_dispatch_58
                0x00000001                ASSERT (((_vector_spacing == 0x0) || (SIZEOF (.vector_58) <= (_vector_spacing << 0x5))), function at exception vector 58 too large)

.vector_59      0x9d03f960        0x8
 *(.vector_59)
 .vector_59     0x9d03f960        0x8 /Applications/microchip/xc32/v1.32/bin/bin/../../lib/gcc/pic32mx/4.5.2/../../../../pic32mx/lib/libpic32.a(vector59.o)
                0x9d03f960                __vector_dispatch_59
                0x00000001                ASSERT (((_vector_spacing == 0x0) || (SIZEOF (.vector_59) <= (_vector_spacing << 0x5))), function at exception vector 59 too large)

.vector_60      0x9d03f980        0x8
 *(.vector_60)
 .vector_60     0x9d03f980        0x8 /Applications/microchip/xc32/v1.32/bin/bin/../../lib/gcc/pic32mx/4.5.2/../../../../pic32mx/lib/libpic32.a(vector60.o)
                0x9d03f980                __vector_dispatch_60
                0x00000001                ASSERT (((_vector_spacing == 0x0) || (SIZEOF (.vector_60) <= (_vector_spacing << 0x5))), function at exception vector 60 too large)

.vector_61      0x9d03f9a0        0x8
 *(.vector_61)
 .vector_61     0x9d03f9a0        0x8 /Applications/microchip/xc32/v1.32/bin/bin/../../lib/gcc/pic32mx/4.5.2/../../../../pic32mx/lib/libpic32.a(vector61.o)
                0x9d03f9a0                __vector_dispatch_61
                0x00000001                ASSERT (((_vector_spacing == 0x0) || (SIZEOF (.vector_61) <= (_vector_spacing << 0x5))), function at exception vector 61 too large)

.vector_62      0x9d03f9c0        0x8
 *(.vector_62)
 .vector_62     0x9d03f9c0        0x8 /Applications/microchip/xc32/v1.32/bin/bin/../../lib/gcc/pic32mx/4.5.2/../../../../pic32mx/lib/libpic32.a(vector62.o)
                0x9d03f9c0                __vector_dispatch_62
                0x00000001                ASSERT (((_vector_spacing == 0x0) || (SIZEOF (.vector_62) <= (_vector_spacing << 0x5))), function at exception vector 62 too large)

.vector_63      0x9d03f9e0        0x8
 *(.vector_63)
 .vector_63     0x9d03f9e0        0x8 /Applications/microchip/xc32/v1.32/bin/bin/../../lib/gcc/pic32mx/4.5.2/../../../../pic32mx/lib/libpic32.a(vector63.o)
                0x9d03f9e0                __vector_dispatch_63
                0x00000001                ASSERT (((_vector_spacing == 0x0) || (SIZEOF (.vector_63) <= (_vector_spacing << 0x5))), function at exception vector 63 too large)

.startup
 *(.startup)

.text           0x9d000000        0x0
 *(.stub .gnu.linkonce.t.*)
 *(.text.*personality*)
 *(.mips16.fn.*)
 *(.mips16.call.*)
 *(.gnu.warning)
                0x9d000000                . = ALIGN (0x4)

.init           0x9d000000        0x0
 *crti.o(.init)
 *crtbegin.o(.init)
 *(EXCLUDE_FILE(*crtn.o *crtend?.o *crtend.o) .init)
 *crtend.o(.init)
 *crtn.o(.init)
                0x9d000000                . = ALIGN (0x4)

.fini           0x9d000000        0x0
 *(.fini)
                0x9d000000                . = ALIGN (0x4)

.preinit_array  0x9d000000        0x0
                0x9d000000                PROVIDE (__preinit_array_start, .)
 *(.preinit_array)
                0x9d000000                PROVIDE (__preinit_array_end, .)
                0x9d000000                . = ALIGN (0x4)

.init_array     0x9d000000        0x0
                0x9d000000                PROVIDE (__init_array_start, .)
 *(SORT(.init_array.*))
 *(.init_array)
                0x9d000000                PROVIDE (__init_array_end, .)
                0x9d000000                . = ALIGN (0x4)

.fini_array     0x9d000000        0x0
                0x9d000000                PROVIDE (__fini_array_start, .)
 *(SORT(.fini_array.*))
 *(.fini_array)
                0x9d000000                PROVIDE (__fini_array_end, .)
                0x9d000000                . = ALIGN (0x4)

.ctors          0x9d000000        0x0
 *crtbegin.o(.ctors)
 *crtbegin?.o(.ctors)
 *(EXCLUDE_FILE(*crtend?.o *crtend.o) .ctors)
 *(SORT(.ctors.*))
 *(.ctors)
                0x9d000000                . = ALIGN (0x4)

.dtors          0x9d000000        0x0
 *crtbegin.o(.dtors)
 *crtbegin?.o(.dtors)
 *(EXCLUDE_FILE(*crtend?.o *crtend.o) .dtors)
 *(SORT(.dtors.*))
 *(.dtors)
                0x9d000000                . = ALIGN (0x4)

.rodata         0x9d000000        0x0
 *(.gnu.linkonce.r.*)
 *(.rodata1)
                0x9d000000                . = ALIGN (0x4)

.sdata2         0x9fc00490        0x0
 *(.sdata2 .sdata2.* .gnu.linkonce.s2.*)
                0x9fc00490                . = ALIGN (0x4)

.sbss2          0x9fc00490        0x0
 *(.sbss2 .sbss2.* .gnu.linkonce.sb2.*)
                0x9fc00490                . = ALIGN (0x4)

.eh_frame_hdr
 *(.eh_frame_hdr)
                0x9fc00490                . = ALIGN (0x4)

.eh_frame
 *(.eh_frame)
                0x9fc00490                . = ALIGN (0x4)

.gcc_except_table
 *(.gcc_except_table .gcc_except_table.*)
                0x9fc00490                . = ALIGN (0x4)

.dbg_data       0xa0000200        0x0
                0xa0000200                . = (. + DEFINED (_DEBUGGER)?0x200:0x0)

.jcr            0xa0000200        0x0
 *(.jcr)
                0xa0000200                . = ALIGN (0x4)

.eh_frame       0xa0000200       0x30
 *(.eh_frame)
 .eh_frame      0xa0000200       0x20 /Applications/microchip/xc32/v1.32/bin/bin/../../lib/gcc/pic32mx/4.5.2/libgcc.a(_udivdi3.o)
 .eh_frame      0xa0000220       0x10 /Applications/microchip/xc32/v1.32/bin/bin/../../lib/gcc/pic32mx/4.5.2/libgcc.a(_umoddi3.o)
                0xa0000230                . = ALIGN (0x4)

.gcc_except_table
 *(.gcc_except_table .gcc_except_table.*)
                0xa0000230                . = ALIGN (0x4)

.persist        0xa0000230        0x0
                0xa0000230                _persist_begin = .
 *(.persist .persist.*)
 *(.pbss .pbss.*)
                0xa0000230                . = ALIGN (0x4)
                0xa0000230                _persist_end = .

.data           0xa0000230        0x0
 *(.gnu.linkonce.d.*)
 *(.data1)
                0xa0000230                . = ALIGN (0x4)
                0xa0000230                . = .
                0xa0008220                _gp = (ALIGN (0x10) + 0x7ff0)

.got            0xa0000230        0x0
 *(.got.plt)
 *(.got)
                0xa0000230                . = ALIGN (0x4)

.sdata          0xa0000230       0x14
                0xa0000230                _sdata_begin = .
 *(.sdata .sdata.* .gnu.linkonce.s.*)
 .sdata         0xa0000230        0x4 build/EXPLORER_16_PIC32MX270F256D/debug/_ext/332309696/port.o
                0xa0000230                uxInterruptNesting
 .sdata         0xa0000234        0x4 build/EXPLORER_16_PIC32MX270F256D/debug/_ext/1163846883/IntQueue.o
 .sdata         0xa0000238        0x8 build/EXPLORER_16_PIC32MX270F256D/debug/_ext/1472/main_full.o
 .sdata         0xa0000240        0x4 /Applications/microchip/xc32/v1.32/bin/bin/../../lib/gcc/pic32mx/4.5.2/../../../../pic32mx/lib/libc.a(_iob.o)
                0xa0000240                _Files
                0xa0000244                . = ALIGN (0x4)
                0xa0000244                _sdata_end = .

.lit8
 *(.lit8)

.lit4
 *(.lit4)
                0xa0000244                . = ALIGN (0x4)
                0xa0000244                _data_end = .
                0xa0000244                _bss_begin = .

.sbss           0xa0000244      0x16c
                0xa0000244                _sbss_begin = .
 *(.dynsbss)
 *(.sbss .sbss.* .gnu.linkonce.sb.*)
 .sbss          0xa0000244        0x4 build/EXPLORER_16_PIC32MX270F256D/debug/_ext/332309696/port.o
                0xa0000244                uxSavedTaskStackPointer
 .sbss          0xa0000248       0x30 build/EXPLORER_16_PIC32MX270F256D/debug/_ext/449926602/tasks.o
                0xa0000248                pxCurrentTCB
                0xa000024c                uxTasksDeleted
                0xa0000250                uxCurrentNumberOfTasks
                0xa0000254                xTickCount
                0xa0000258                uxTopReadyPriority
                0xa000025c                xSchedulerRunning
                0xa0000260                uxPendedTicks
                0xa0000264                xYieldPending
                0xa0000268                xNumOfOverflows
                0xa000026c                uxTaskNumber
                0xa0000270                xNextTaskUnblockTime
                0xa0000274                uxSchedulerSuspended
 .sbss          0xa0000278       0x10 build/EXPLORER_16_PIC32MX270F256D/debug/_ext/449926602/timers.o
 .sbss          0xa0000288       0x18 build/EXPLORER_16_PIC32MX270F256D/debug/_ext/1884096877/heap_4.o
 .sbss          0xa00002a0       0x20 build/EXPLORER_16_PIC32MX270F256D/debug/_ext/1163846883/blocktim.o
 .sbss          0xa00002c0        0x8 build/EXPLORER_16_PIC32MX270F256D/debug/_ext/1163846883/comtest.o
 .sbss          0xa00002c8       0x14 build/EXPLORER_16_PIC32MX270F256D/debug/_ext/1163846883/semtest.o
 .sbss          0xa00002dc        0xc build/EXPLORER_16_PIC32MX270F256D/debug/_ext/1163846883/QPeek.o
 .sbss          0xa00002e8       0x40 build/EXPLORER_16_PIC32MX270F256D/debug/_ext/1163846883/IntQueue.o
                0xa00002e8                uxValueForNormallyEmptyQueue
                0xa00002ec                uxValueForNormallyFullQueue
 .sbss          0xa0000328       0x20 build/EXPLORER_16_PIC32MX270F256D/debug/_ext/1163846883/GenQTest.o
 .sbss          0xa0000348       0x14 build/EXPLORER_16_PIC32MX270F256D/debug/_ext/821501661/serial.o
 .sbss          0xa000035c        0xc build/EXPLORER_16_PIC32MX270F256D/debug/_ext/1472/timertest.o
                0xa000035c                ulHighFrequencyTimerInterrupts
 .sbss          0xa0000368        0x4 build/EXPLORER_16_PIC32MX270F256D/debug/_ext/1472/main_blinky.o
 .sbss          0xa000036c       0x18 build/EXPLORER_16_PIC32MX270F256D/debug/_ext/1472/main_full.o
                0xa000036c                ulRegTest1Cycles
                0xa0000370                ulRegTest2Cycles
 .sbss          0xa0000384        0x1 /Applications/microchip/xc32/v1.32/bin/bin/../../lib/gcc/pic32mx/4.5.2/../../../../pic32mx/lib/libc.a(_iob.o)
                0xa0000384                _outdone
 *(.scommon)
 *fill*         0xa0000385        0x3 
 .scommon       0xa0000388        0x8 build/EXPLORER_16_PIC32MX270F256D/debug/_ext/449926602/tasks.o
                0xa0000388                pxDelayedTaskList
                0xa000038c                pxOverflowDelayedTaskList
 .scommon       0xa0000390        0xc build/EXPLORER_16_PIC32MX270F256D/debug/_ext/1163846883/QPeek.o
                0xa0000390                xHighPriorityTask
                0xa0000394                xMediumPriorityTask
                0xa0000398                xHighestPriorityTask
 .scommon       0xa000039c       0x10 build/EXPLORER_16_PIC32MX270F256D/debug/_ext/1163846883/IntQueue.o
                0xa000039c                xHighPriorityNormallyEmptyTask2
                0xa00003a0                xHighPriorityNormallyFullTask1
                0xa00003a4                xHighPriorityNormallyEmptyTask1
                0xa00003a8                xHighPriorityNormallyFullTask2
 .scommon       0xa00003ac        0x4 build/EXPLORER_16_PIC32MX270F256D/debug/_ext/1472/lcd.o
                0xa00003ac                xLCDQueue
                0xa00003b0                _sbss_end = .
                0xa00003b0                . = ALIGN (0x4)

.bss            0xa00003b0       0xc8
 *(.dynbss)
 *(COMMON)
 COMMON         0xa00003b0       0xc8 build/EXPLORER_16_PIC32MX270F256D/debug/_ext/449926602/tasks.o
                0xa00003b0                pxReadyTasksLists
                0xa0000414                xPendingReadyList
                0xa0000428                xSuspendedTaskList
                0xa000043c                xDelayedTaskList1
                0xa0000450                xTasksWaitingTermination
                0xa0000464                xDelayedTaskList2
                0xa0000478                . = ALIGN ((. != 0x0)?0x4:0x1)
                0xa0000478                . = ALIGN (0x4)
                0xa0000478                _end = .
                0xa0000478                _bss_end = .
                0x00010000                _bmxdudba_address = 0x10000
                0x00010000                _bmxdupba_address = 0x10000

/DISCARD/
 *(.pdr)
 *(.rel.dyn)
 *(.note.GNU-stack)
 *(.note.GNU-stack)
 *(.gnu_debuglink)
 *(.gnu.lto_*)
 *(.discard)

.gptab.sdata
 *(.gptab.data)
 *(.gptab.sdata)

.gptab.sbss
 *(.gptab.bss)
 *(.gptab.sbss)

.mdebug.abi32   0xa0000478        0x0
 *(.mdebug.abi32)
 .mdebug.abi32  0xa0000478        0x0 /Applications/microchip/xc32/v1.32/bin/bin/../../lib/gcc/pic32mx/4.5.2/../../../../pic32mx/lib/software-debug-break.o
 .mdebug.abi32  0xa0000478        0x0 build/EXPLORER_16_PIC32MX270F256D/debug/_ext/332309696/port.o
 .mdebug.abi32  0xa0000478        0x0 build/EXPLORER_16_PIC32MX270F256D/debug/_ext/449926602/queue.o
 .mdebug.abi32  0xa0000478        0x0 build/EXPLORER_16_PIC32MX270F256D/debug/_ext/449926602/tasks.o
 .mdebug.abi32  0xa0000478        0x0 build/EXPLORER_16_PIC32MX270F256D/debug/_ext/449926602/list.o
 .mdebug.abi32  0xa0000478        0x0 build/EXPLORER_16_PIC32MX270F256D/debug/_ext/449926602/timers.o
 .mdebug.abi32  0xa0000478        0x0 build/EXPLORER_16_PIC32MX270F256D/debug/_ext/1884096877/heap_4.o
 .mdebug.abi32  0xa0000478        0x0 build/EXPLORER_16_PIC32MX270F256D/debug/_ext/1163846883/blocktim.o
 .mdebug.abi32  0xa0000478        0x0 build/EXPLORER_16_PIC32MX270F256D/debug/_ext/1163846883/comtest.o
 .mdebug.abi32  0xa0000478        0x0 build/EXPLORER_16_PIC32MX270F256D/debug/_ext/1163846883/semtest.o
 .mdebug.abi32  0xa0000478        0x0 build/EXPLORER_16_PIC32MX270F256D/debug/_ext/1163846883/QPeek.o
 .mdebug.abi32  0xa0000478        0x0 build/EXPLORER_16_PIC32MX270F256D/debug/_ext/1163846883/IntQueue.o
 .mdebug.abi32  0xa0000478        0x0 build/EXPLORER_16_PIC32MX270F256D/debug/_ext/1163846883/GenQTest.o
 .mdebug.abi32  0xa0000478        0x0 build/EXPLORER_16_PIC32MX270F256D/debug/_ext/1163846883/flash_timer.o
 .mdebug.abi32  0xa0000478        0x0 build/EXPLORER_16_PIC32MX270F256D/debug/_ext/1472/main.o
 .mdebug.abi32  0xa0000478        0x0 build/EXPLORER_16_PIC32MX270F256D/debug/_ext/1472/lcd.o
 .mdebug.abi32  0xa0000478        0x0 build/EXPLORER_16_PIC32MX270F256D/debug/_ext/821501661/serial.o
 .mdebug.abi32  0xa0000478        0x0 build/EXPLORER_16_PIC32MX270F256D/debug/_ext/1472/timertest.o
 .mdebug.abi32  0xa0000478        0x0 build/EXPLORER_16_PIC32MX270F256D/debug/_ext/1472/IntQueueTimer.o
 .mdebug.abi32  0xa0000478        0x0 build/EXPLORER_16_PIC32MX270F256D/debug/_ext/1472/printf-stdarg.o
 .mdebug.abi32  0xa0000478        0x0 build/EXPLORER_16_PIC32MX270F256D/debug/_ext/1472/main_blinky.o
 .mdebug.abi32  0xa0000478        0x0 build/EXPLORER_16_PIC32MX270F256D/debug/_ext/1472/main_full.o
 .mdebug.abi32  0xa0000478        0x0 build/EXPLORER_16_PIC32MX270F256D/debug/_ext/1472/ConfigPerformance.o
 .mdebug.abi32  0xa0000478        0x0 build/EXPLORER_16_PIC32MX270F256D/debug/_ext/809743516/ParTest_Explorer16.o
 .mdebug.abi32  0xa0000478        0x0 /Applications/microchip/xc32/v1.32/bin/bin/../../lib/gcc/pic32mx/4.5.2/../../../../pic32mx/lib/libmchp_peripheral_32MX270F256D.a(int_configure_system_lib.o)
 .mdebug.abi32  0xa0000478        0x0 /Applications/microchip/xc32/v1.32/bin/bin/../../lib/gcc/pic32mx/4.5.2/../../../../pic32mx/lib/libmchp_peripheral_32MX270F256D.a(int_enable_interrupts_lib.o)
 .mdebug.abi32  0xa0000478        0x0 /Applications/microchip/xc32/v1.32/bin/bin/../../lib/gcc/pic32mx/4.5.2/../../../../pic32mx/lib/libmchp_peripheral_32MX270F256D.a(int_disable_interrupts_lib.o)
 .mdebug.abi32  0xa0000478        0x0 /Applications/microchip/xc32/v1.32/bin/bin/../../lib/gcc/pic32mx/4.5.2/../../../../pic32mx/lib/libmchp_peripheral_32MX270F256D.a(int_restore_interrupts_lib.o)
 .mdebug.abi32  0xa0000478        0x0 /Applications/microchip/xc32/v1.32/bin/bin/../../lib/gcc/pic32mx/4.5.2/../../../../pic32mx/lib/libmchp_peripheral_32MX270F256D.a(int_tbl_lib.o)
 .mdebug.abi32  0xa0000478        0x0 /Applications/microchip/xc32/v1.32/bin/bin/../../lib/gcc/pic32mx/4.5.2/../../../../pic32mx/lib/libmchp_peripheral_32MX270F256D.a(uart_lib.o)
 .mdebug.abi32  0xa0000478        0x0 /Applications/microchip/xc32/v1.32/bin/bin/../../lib/gcc/pic32mx/4.5.2/../../../../pic32mx/lib/libpic32.a(default-bootstrap-exception-handler.o)
 .mdebug.abi32  0xa0000478        0x0 /Applications/microchip/xc32/v1.32/bin/bin/../../lib/gcc/pic32mx/4.5.2/../../../../pic32mx/lib/libpic32.a(default-on-reset.o)
 .mdebug.abi32  0xa0000478        0x0 /Applications/microchip/xc32/v1.32/bin/bin/../../lib/gcc/pic32mx/4.5.2/../../../../pic32mx/lib/libpic32.a(default-on-bootstrap.o)
 .mdebug.abi32  0xa0000478        0x0 /Applications/microchip/xc32/v1.32/bin/bin/../../lib/gcc/pic32mx/4.5.2/../../../../pic32mx/lib/libpic32.a(defaultinterrupt.o)
 .mdebug.abi32  0xa0000478        0x0 /Applications/microchip/xc32/v1.32/bin/bin/../../lib/gcc/pic32mx/4.5.2/../../../../pic32mx/lib/libc.a(putchar.o)
 .mdebug.abi32  0xa0000478        0x0 /Applications/microchip/xc32/v1.32/bin/bin/../../lib/gcc/pic32mx/4.5.2/../../../../pic32mx/lib/libc.a(sprintf_cdnopuxX.eo)
 .mdebug.abi32  0xa0000478        0x0 /Applications/microchip/xc32/v1.32/bin/bin/../../lib/gcc/pic32mx/4.5.2/../../../../pic32mx/lib/libc.a(_iob.o)
 .mdebug.abi32  0xa0000478        0x0 /Applications/microchip/xc32/v1.32/bin/bin/../../lib/gcc/pic32mx/4.5.2/../../../../pic32mx/lib/libc.a(_fputc_simple.o)
 .mdebug.abi32  0xa0000478        0x0 /Applications/microchip/xc32/v1.32/bin/bin/../../lib/gcc/pic32mx/4.5.2/../../../../pic32mx/lib/libc.a(doprnt_cdnopuxX.eo)
 .mdebug.abi32  0xa0000478        0x0 /Applications/microchip/xc32/v1.32/bin/bin/../../lib/gcc/pic32mx/4.5.2/../../../../pic32mx/lib/libc.a(_flsbuf_simple.o)
 .mdebug.abi32  0xa0000478        0x0 /Applications/microchip/xc32/v1.32/bin/bin/../../lib/gcc/pic32mx/4.5.2/../../../../pic32mx/lib/libc.a(ctype.o)
 .mdebug.abi32  0xa0000478        0x0 /Applications/microchip/xc32/v1.32/bin/bin/../../lib/gcc/pic32mx/4.5.2/libgcc.a(_udivdi3.o)
 .mdebug.abi32  0xa0000478        0x0 /Applications/microchip/xc32/v1.32/bin/bin/../../lib/gcc/pic32mx/4.5.2/libgcc.a(_umoddi3.o)

.mdebug.abiN32
 *(.mdebug.abiN32)

.mdebug.abi64
 *(.mdebug.abi64)

.mdebug.abiO64
 *(.mdebug.abiO64)

.mdebug.eabi32
 *(.mdebug.eabi32)

.mdebug.eabi64
 *(.mdebug.eabi64)

.gcc_compiled_long32
 *(.gcc_compiled_long32)

.gcc_compiled_long64
 *(.gcc_compiled_long64)

.stab
 *(.stab)

.stabstr
 *(.stabstr)

.stab.excl
 *(.stab.excl)

.stab.exclstr
 *(.stab.exclstr)

.stab.index
 *(.stab.index)

.stab.indexstr
 *(.stab.indexstr)

.comment        0x00000000       0xf6
 *(.comment)
 .comment       0x00000000       0x3c /Applications/microchip/xc32/v1.32/bin/bin/../../lib/gcc/pic32mx/4.5.2/../../../../pic32mx/lib/software-debug-break.o
                                 0x3d (size before relaxing)
 .comment       0x00000000       0x3d build/EXPLORER_16_PIC32MX270F256D/debug/_ext/332309696/port.o
 .comment       0x00000000       0x3d build/EXPLORER_16_PIC32MX270F256D/debug/_ext/449926602/queue.o
 .comment       0x00000000       0x3d build/EXPLORER_16_PIC32MX270F256D/debug/_ext/449926602/tasks.o
 .comment       0x00000000       0x3d build/EXPLORER_16_PIC32MX270F256D/debug/_ext/449926602/list.o
 .comment       0x00000000       0x3d build/EXPLORER_16_PIC32MX270F256D/debug/_ext/449926602/timers.o
 .comment       0x00000000       0x3d build/EXPLORER_16_PIC32MX270F256D/debug/_ext/1884096877/heap_4.o
 .comment       0x00000000       0x3d build/EXPLORER_16_PIC32MX270F256D/debug/_ext/1163846883/blocktim.o
 .comment       0x00000000       0x3d build/EXPLORER_16_PIC32MX270F256D/debug/_ext/1163846883/comtest.o
 .comment       0x00000000       0x3d build/EXPLORER_16_PIC32MX270F256D/debug/_ext/1163846883/semtest.o
 .comment       0x00000000       0x3d build/EXPLORER_16_PIC32MX270F256D/debug/_ext/1163846883/QPeek.o
 .comment       0x00000000       0x3d build/EXPLORER_16_PIC32MX270F256D/debug/_ext/1163846883/IntQueue.o
 .comment       0x00000000       0x3d build/EXPLORER_16_PIC32MX270F256D/debug/_ext/1163846883/GenQTest.o
 .comment       0x00000000       0x3d build/EXPLORER_16_PIC32MX270F256D/debug/_ext/1163846883/flash_timer.o
 .comment       0x00000000       0x3d build/EXPLORER_16_PIC32MX270F256D/debug/_ext/1472/main.o
 .comment       0x00000000       0x3d build/EXPLORER_16_PIC32MX270F256D/debug/_ext/1472/lcd.o
 .comment       0x00000000       0x3d build/EXPLORER_16_PIC32MX270F256D/debug/_ext/821501661/serial.o
 .comment       0x00000000       0x3d build/EXPLORER_16_PIC32MX270F256D/debug/_ext/1472/timertest.o
 .comment       0x00000000       0x3d build/EXPLORER_16_PIC32MX270F256D/debug/_ext/1472/IntQueueTimer.o
 .comment       0x00000000       0x3d build/EXPLORER_16_PIC32MX270F256D/debug/_ext/1472/printf-stdarg.o
 .comment       0x00000000       0x3d build/EXPLORER_16_PIC32MX270F256D/debug/_ext/1472/main_blinky.o
 .comment       0x00000000       0x3d build/EXPLORER_16_PIC32MX270F256D/debug/_ext/1472/main_full.o
 .comment       0x00000000       0x3d build/EXPLORER_16_PIC32MX270F256D/debug/_ext/1472/ConfigPerformance.o
 .comment       0x00000000       0x3d build/EXPLORER_16_PIC32MX270F256D/debug/_ext/809743516/ParTest_Explorer16.o
 .comment       0x0000003c       0x3c /Applications/microchip/xc32/v1.32/bin/bin/../../lib/gcc/pic32mx/4.5.2/../../../../pic32mx/lib/libmchp_peripheral_32MX270F256D.a(int_configure_system_lib.o)
                                 0x3d (size before relaxing)
 .comment       0x00000000       0x3d /Applications/microchip/xc32/v1.32/bin/bin/../../lib/gcc/pic32mx/4.5.2/../../../../pic32mx/lib/libmchp_peripheral_32MX270F256D.a(int_enable_interrupts_lib.o)
 .comment       0x00000000       0x3d /Applications/microchip/xc32/v1.32/bin/bin/../../lib/gcc/pic32mx/4.5.2/../../../../pic32mx/lib/libmchp_peripheral_32MX270F256D.a(int_disable_interrupts_lib.o)
 .comment       0x00000000       0x3d /Applications/microchip/xc32/v1.32/bin/bin/../../lib/gcc/pic32mx/4.5.2/../../../../pic32mx/lib/libmchp_peripheral_32MX270F256D.a(int_restore_interrupts_lib.o)
 .comment       0x00000000       0x3d /Applications/microchip/xc32/v1.32/bin/bin/../../lib/gcc/pic32mx/4.5.2/../../../../pic32mx/lib/libmchp_peripheral_32MX270F256D.a(int_tbl_lib.o)
 .comment       0x00000000       0x3d /Applications/microchip/xc32/v1.32/bin/bin/../../lib/gcc/pic32mx/4.5.2/../../../../pic32mx/lib/libmchp_peripheral_32MX270F256D.a(uart_lib.o)
 .comment       0x00000078       0x18 /Applications/microchip/xc32/v1.32/bin/bin/../../lib/gcc/pic32mx/4.5.2/../../../../pic32mx/lib/libpic32.a(memcmp.o)
                                 0x19 (size before relaxing)
 .comment       0x00000090       0x18 /Applications/microchip/xc32/v1.32/bin/bin/../../lib/gcc/pic32mx/4.5.2/../../../../pic32mx/lib/libpic32.a(memset.o)
                                 0x19 (size before relaxing)
 .comment       0x00000000       0x3d /Applications/microchip/xc32/v1.32/bin/bin/../../lib/gcc/pic32mx/4.5.2/../../../../pic32mx/lib/libpic32.a(default-bootstrap-exception-handler.o)
 .comment       0x00000000       0x3d /Applications/microchip/xc32/v1.32/bin/bin/../../lib/gcc/pic32mx/4.5.2/../../../../pic32mx/lib/libpic32.a(default-on-reset.o)
 .comment       0x00000000       0x3d /Applications/microchip/xc32/v1.32/bin/bin/../../lib/gcc/pic32mx/4.5.2/../../../../pic32mx/lib/libpic32.a(default-on-bootstrap.o)
 .comment       0x00000000       0x3d /Applications/microchip/xc32/v1.32/bin/bin/../../lib/gcc/pic32mx/4.5.2/../../../../pic32mx/lib/libpic32.a(defaultinterrupt.o)
 .comment       0x00000000       0x3d /Applications/microchip/xc32/v1.32/bin/bin/../../lib/gcc/pic32mx/4.5.2/../../../../pic32mx/lib/libc.a(putchar.o)
 .comment       0x00000000       0x3d /Applications/microchip/xc32/v1.32/bin/bin/../../lib/gcc/pic32mx/4.5.2/../../../../pic32mx/lib/libc.a(sprintf_cdnopuxX.eo)
 .comment       0x00000000       0x3d /Applications/microchip/xc32/v1.32/bin/bin/../../lib/gcc/pic32mx/4.5.2/../../../../pic32mx/lib/libc.a(_iob.o)
 .comment       0x00000000       0x3d /Applications/microchip/xc32/v1.32/bin/bin/../../lib/gcc/pic32mx/4.5.2/../../../../pic32mx/lib/libc.a(_fputc_simple.o)
 .comment       0x00000000       0x3d /Applications/microchip/xc32/v1.32/bin/bin/../../lib/gcc/pic32mx/4.5.2/../../../../pic32mx/lib/libc.a(doprnt_cdnopuxX.eo)
 .comment       0x00000000       0x3d /Applications/microchip/xc32/v1.32/bin/bin/../../lib/gcc/pic32mx/4.5.2/../../../../pic32mx/lib/libc.a(_flsbuf_simple.o)
 .comment       0x000000a8       0x4e /Applications/microchip/xc32/v1.32/bin/bin/../../lib/gcc/pic32mx/4.5.2/../../../../pic32mx/lib/libc.a(ctype.o)
                                 0x8b (size before relaxing)
 .comment       0x00000000       0x3d /Applications/microchip/xc32/v1.32/bin/bin/../../lib/gcc/pic32mx/4.5.2/libgcc.a(_udivdi3.o)
 .comment       0x00000000       0x3d /Applications/microchip/xc32/v1.32/bin/bin/../../lib/gcc/pic32mx/4.5.2/libgcc.a(_umoddi3.o)

.debug
 *(.debug)

.line
 *(.line)

.debug_srcinfo
 *(.debug_srcinfo)

.debug_sfnames
 *(.debug_sfnames)

.debug_aranges  0x00000000      0x638
 *(.debug_aranges)
 .debug_aranges
                0x00000000       0x20 /Applications/microchip/xc32/v1.32/bin/bin/../../lib/gcc/pic32mx/4.5.2/../../../../pic32mx/lib/software-debug-break.o
 .debug_aranges
                0x00000020       0x20 build/EXPLORER_16_PIC32MX270F256D/debug/_ext/332309696/port.o
 .debug_aranges
                0x00000040       0x20 build/EXPLORER_16_PIC32MX270F256D/debug/_ext/332309696/port_asm.o
 .debug_aranges
                0x00000060       0x20 build/EXPLORER_16_PIC32MX270F256D/debug/_ext/449926602/queue.o
 .debug_aranges
                0x00000080       0x20 build/EXPLORER_16_PIC32MX270F256D/debug/_ext/449926602/tasks.o
 .debug_aranges
                0x000000a0       0x20 build/EXPLORER_16_PIC32MX270F256D/debug/_ext/449926602/list.o
 .debug_aranges
                0x000000c0       0x20 build/EXPLORER_16_PIC32MX270F256D/debug/_ext/449926602/timers.o
 .debug_aranges
                0x000000e0       0x20 build/EXPLORER_16_PIC32MX270F256D/debug/_ext/1884096877/heap_4.o
 .debug_aranges
                0x00000100       0x20 build/EXPLORER_16_PIC32MX270F256D/debug/_ext/1163846883/blocktim.o
 .debug_aranges
                0x00000120       0x20 build/EXPLORER_16_PIC32MX270F256D/debug/_ext/1163846883/comtest.o
 .debug_aranges
                0x00000140       0x20 build/EXPLORER_16_PIC32MX270F256D/debug/_ext/1163846883/semtest.o
 .debug_aranges
                0x00000160       0x20 build/EXPLORER_16_PIC32MX270F256D/debug/_ext/1163846883/QPeek.o
 .debug_aranges
                0x00000180       0x20 build/EXPLORER_16_PIC32MX270F256D/debug/_ext/1163846883/IntQueue.o
 .debug_aranges
                0x000001a0       0x20 build/EXPLORER_16_PIC32MX270F256D/debug/_ext/1163846883/GenQTest.o
 .debug_aranges
                0x000001c0       0x20 build/EXPLORER_16_PIC32MX270F256D/debug/_ext/1163846883/flash_timer.o
 .debug_aranges
                0x000001e0       0x20 build/EXPLORER_16_PIC32MX270F256D/debug/_ext/1472/main.o
 .debug_aranges
                0x00000200       0x20 build/EXPLORER_16_PIC32MX270F256D/debug/_ext/1472/RegisterTestTasks.o
 .debug_aranges
                0x00000220       0x20 build/EXPLORER_16_PIC32MX270F256D/debug/_ext/1472/lcd.o
 .debug_aranges
                0x00000240       0x20 build/EXPLORER_16_PIC32MX270F256D/debug/_ext/821501661/serial.o
 .debug_aranges
                0x00000260       0x20 build/EXPLORER_16_PIC32MX270F256D/debug/_ext/821501661/serial_isr.o
 .debug_aranges
                0x00000280       0x20 build/EXPLORER_16_PIC32MX270F256D/debug/_ext/1472/timertest.o
 .debug_aranges
                0x000002a0       0x20 build/EXPLORER_16_PIC32MX270F256D/debug/_ext/1472/timertest_isr.o
 .debug_aranges
                0x000002c0       0x20 build/EXPLORER_16_PIC32MX270F256D/debug/_ext/1472/IntQueueTimer.o
 .debug_aranges
                0x000002e0       0x20 build/EXPLORER_16_PIC32MX270F256D/debug/_ext/1472/IntQueueTimer_isr.o
 .debug_aranges
                0x00000300       0x20 build/EXPLORER_16_PIC32MX270F256D/debug/_ext/1472/printf-stdarg.o
 .debug_aranges
                0x00000320       0x20 build/EXPLORER_16_PIC32MX270F256D/debug/_ext/1472/main_blinky.o
 .debug_aranges
                0x00000340       0x20 build/EXPLORER_16_PIC32MX270F256D/debug/_ext/1472/main_full.o
 .debug_aranges
                0x00000360       0x20 build/EXPLORER_16_PIC32MX270F256D/debug/_ext/1472/ConfigPerformance.o
 .debug_aranges
                0x00000380       0x20 build/EXPLORER_16_PIC32MX270F256D/debug/_ext/809743516/ParTest_Explorer16.o
 .debug_aranges
                0x000003a0       0x20 /Applications/microchip/xc32/v1.32/bin/bin/../../lib/gcc/pic32mx/4.5.2/../../../../pic32mx/lib/libmchp_peripheral_32MX270F256D.a(int_configure_system_lib.o)
 .debug_aranges
                0x000003c0       0x20 /Applications/microchip/xc32/v1.32/bin/bin/../../lib/gcc/pic32mx/4.5.2/../../../../pic32mx/lib/libmchp_peripheral_32MX270F256D.a(int_enable_interrupts_lib.o)
 .debug_aranges
                0x000003e0       0x20 /Applications/microchip/xc32/v1.32/bin/bin/../../lib/gcc/pic32mx/4.5.2/../../../../pic32mx/lib/libmchp_peripheral_32MX270F256D.a(int_disable_interrupts_lib.o)
 .debug_aranges
                0x00000400       0x20 /Applications/microchip/xc32/v1.32/bin/bin/../../lib/gcc/pic32mx/4.5.2/../../../../pic32mx/lib/libmchp_peripheral_32MX270F256D.a(int_restore_interrupts_lib.o)
 .debug_aranges
                0x00000420       0x60 /Applications/microchip/xc32/v1.32/bin/bin/../../lib/gcc/pic32mx/4.5.2/../../../../pic32mx/lib/libmchp_peripheral_32MX270F256D.a(int_tbl_lib.o)
 .debug_aranges
                0x00000480       0x58 /Applications/microchip/xc32/v1.32/bin/bin/../../lib/gcc/pic32mx/4.5.2/../../../../pic32mx/lib/libmchp_peripheral_32MX270F256D.a(uart_lib.o)
 .debug_aranges
                0x000004d8       0x20 /Applications/microchip/xc32/v1.32/bin/bin/../../lib/gcc/pic32mx/4.5.2/../../../../pic32mx/lib/libpic32.a(default-bootstrap-exception-handler.o)
 .debug_aranges
                0x000004f8       0x20 /Applications/microchip/xc32/v1.32/bin/bin/../../lib/gcc/pic32mx/4.5.2/../../../../pic32mx/lib/libpic32.a(default-on-reset.o)
 .debug_aranges
                0x00000518       0x20 /Applications/microchip/xc32/v1.32/bin/bin/../../lib/gcc/pic32mx/4.5.2/../../../../pic32mx/lib/libpic32.a(default-on-bootstrap.o)
 .debug_aranges
                0x00000538       0x20 /Applications/microchip/xc32/v1.32/bin/bin/../../lib/gcc/pic32mx/4.5.2/../../../../pic32mx/lib/libpic32.a(defaultinterrupt.o)
 .debug_aranges
                0x00000558       0x20 /Applications/microchip/xc32/v1.32/bin/bin/../../lib/gcc/pic32mx/4.5.2/../../../../pic32mx/lib/libc.a(putchar.o)
 .debug_aranges
                0x00000578       0x20 /Applications/microchip/xc32/v1.32/bin/bin/../../lib/gcc/pic32mx/4.5.2/../../../../pic32mx/lib/libc.a(sprintf_cdnopuxX.eo)
 .debug_aranges
                0x00000598       0x20 /Applications/microchip/xc32/v1.32/bin/bin/../../lib/gcc/pic32mx/4.5.2/../../../../pic32mx/lib/libc.a(_fputc_simple.o)
 .debug_aranges
                0x000005b8       0x20 /Applications/microchip/xc32/v1.32/bin/bin/../../lib/gcc/pic32mx/4.5.2/../../../../pic32mx/lib/libc.a(doprnt_cdnopuxX.eo)
 .debug_aranges
                0x000005d8       0x20 /Applications/microchip/xc32/v1.32/bin/bin/../../lib/gcc/pic32mx/4.5.2/../../../../pic32mx/lib/libc.a(_flsbuf_simple.o)
 .debug_aranges
                0x000005f8       0x20 /Applications/microchip/xc32/v1.32/bin/bin/../../lib/gcc/pic32mx/4.5.2/libgcc.a(_udivdi3.o)
 .debug_aranges
                0x00000618       0x20 /Applications/microchip/xc32/v1.32/bin/bin/../../lib/gcc/pic32mx/4.5.2/libgcc.a(_umoddi3.o)

.debug_pubnames
                0x00000000     0x168e
 *(.debug_pubnames)
 .debug_pubnames
                0x00000000       0x30 /Applications/microchip/xc32/v1.32/bin/bin/../../lib/gcc/pic32mx/4.5.2/../../../../pic32mx/lib/software-debug-break.o
 .debug_pubnames
                0x00000030      0x130 build/EXPLORER_16_PIC32MX270F256D/debug/_ext/332309696/port.o
 .debug_pubnames
                0x00000160      0x20b build/EXPLORER_16_PIC32MX270F256D/debug/_ext/449926602/queue.o
 .debug_pubnames
                0x0000036b      0x6ea build/EXPLORER_16_PIC32MX270F256D/debug/_ext/449926602/tasks.o
 .debug_pubnames
                0x00000a55       0x72 build/EXPLORER_16_PIC32MX270F256D/debug/_ext/449926602/list.o
 .debug_pubnames
                0x00000ac7       0xb1 build/EXPLORER_16_PIC32MX270F256D/debug/_ext/449926602/timers.o
 .debug_pubnames
                0x00000b78       0x88 build/EXPLORER_16_PIC32MX270F256D/debug/_ext/1884096877/heap_4.o
 .debug_pubnames
                0x00000c00       0x53 build/EXPLORER_16_PIC32MX270F256D/debug/_ext/1163846883/blocktim.o
 .debug_pubnames
                0x00000c53       0x4d build/EXPLORER_16_PIC32MX270F256D/debug/_ext/1163846883/comtest.o
 .debug_pubnames
                0x00000ca0       0x4e build/EXPLORER_16_PIC32MX270F256D/debug/_ext/1163846883/semtest.o
 .debug_pubnames
                0x00000cee       0x95 build/EXPLORER_16_PIC32MX270F256D/debug/_ext/1163846883/QPeek.o
 .debug_pubnames
                0x00000d83      0x150 build/EXPLORER_16_PIC32MX270F256D/debug/_ext/1163846883/IntQueue.o
 .debug_pubnames
                0x00000ed3       0x54 build/EXPLORER_16_PIC32MX270F256D/debug/_ext/1163846883/GenQTest.o
 .debug_pubnames
                0x00000f27       0x2b build/EXPLORER_16_PIC32MX270F256D/debug/_ext/1163846883/flash_timer.o
 .debug_pubnames
                0x00000f52       0xc1 build/EXPLORER_16_PIC32MX270F256D/debug/_ext/1472/main.o
 .debug_pubnames
                0x00001013       0x32 build/EXPLORER_16_PIC32MX270F256D/debug/_ext/1472/lcd.o
 .debug_pubnames
                0x00001045       0x7c build/EXPLORER_16_PIC32MX270F256D/debug/_ext/821501661/serial.o
 .debug_pubnames
                0x000010c1       0x61 build/EXPLORER_16_PIC32MX270F256D/debug/_ext/1472/timertest.o
 .debug_pubnames
                0x00001122       0x66 build/EXPLORER_16_PIC32MX270F256D/debug/_ext/1472/IntQueueTimer.o
 .debug_pubnames
                0x00001188       0x40 build/EXPLORER_16_PIC32MX270F256D/debug/_ext/1472/printf-stdarg.o
 .debug_pubnames
                0x000011c8       0x22 build/EXPLORER_16_PIC32MX270F256D/debug/_ext/1472/main_blinky.o
 .debug_pubnames
                0x000011ea       0x4a build/EXPLORER_16_PIC32MX270F256D/debug/_ext/1472/main_full.o
 .debug_pubnames
                0x00001234       0x5c build/EXPLORER_16_PIC32MX270F256D/debug/_ext/1472/ConfigPerformance.o
 .debug_pubnames
                0x00001290       0x52 build/EXPLORER_16_PIC32MX270F256D/debug/_ext/809743516/ParTest_Explorer16.o
 .debug_pubnames
                0x000012e2       0x29 /Applications/microchip/xc32/v1.32/bin/bin/../../lib/gcc/pic32mx/4.5.2/../../../../pic32mx/lib/libmchp_peripheral_32MX270F256D.a(int_configure_system_lib.o)
 .debug_pubnames
                0x0000130b       0x2a /Applications/microchip/xc32/v1.32/bin/bin/../../lib/gcc/pic32mx/4.5.2/../../../../pic32mx/lib/libmchp_peripheral_32MX270F256D.a(int_enable_interrupts_lib.o)
 .debug_pubnames
                0x00001335       0x2b /Applications/microchip/xc32/v1.32/bin/bin/../../lib/gcc/pic32mx/4.5.2/../../../../pic32mx/lib/libmchp_peripheral_32MX270F256D.a(int_disable_interrupts_lib.o)
 .debug_pubnames
                0x00001360       0x2b /Applications/microchip/xc32/v1.32/bin/bin/../../lib/gcc/pic32mx/4.5.2/../../../../pic32mx/lib/libmchp_peripheral_32MX270F256D.a(int_restore_interrupts_lib.o)
 .debug_pubnames
                0x0000138b       0xca /Applications/microchip/xc32/v1.32/bin/bin/../../lib/gcc/pic32mx/4.5.2/../../../../pic32mx/lib/libmchp_peripheral_32MX270F256D.a(int_tbl_lib.o)
 .debug_pubnames
                0x00001455       0xb1 /Applications/microchip/xc32/v1.32/bin/bin/../../lib/gcc/pic32mx/4.5.2/../../../../pic32mx/lib/libmchp_peripheral_32MX270F256D.a(uart_lib.o)
 .debug_pubnames
                0x00001506       0x33 /Applications/microchip/xc32/v1.32/bin/bin/../../lib/gcc/pic32mx/4.5.2/../../../../pic32mx/lib/libpic32.a(default-bootstrap-exception-handler.o)
 .debug_pubnames
                0x00001539       0x20 /Applications/microchip/xc32/v1.32/bin/bin/../../lib/gcc/pic32mx/4.5.2/../../../../pic32mx/lib/libpic32.a(default-on-reset.o)
 .debug_pubnames
                0x00001559       0x24 /Applications/microchip/xc32/v1.32/bin/bin/../../lib/gcc/pic32mx/4.5.2/../../../../pic32mx/lib/libpic32.a(default-on-bootstrap.o)
 .debug_pubnames
                0x0000157d       0x28 /Applications/microchip/xc32/v1.32/bin/bin/../../lib/gcc/pic32mx/4.5.2/../../../../pic32mx/lib/libpic32.a(defaultinterrupt.o)
 .debug_pubnames
                0x000015a5       0x1e /Applications/microchip/xc32/v1.32/bin/bin/../../lib/gcc/pic32mx/4.5.2/../../../../pic32mx/lib/libc.a(putchar.o)
 .debug_pubnames
                0x000015c3       0x28 /Applications/microchip/xc32/v1.32/bin/bin/../../lib/gcc/pic32mx/4.5.2/../../../../pic32mx/lib/libc.a(sprintf_cdnopuxX.eo)
 .debug_pubnames
                0x000015eb       0x1c /Applications/microchip/xc32/v1.32/bin/bin/../../lib/gcc/pic32mx/4.5.2/../../../../pic32mx/lib/libc.a(_fputc_simple.o)
 .debug_pubnames
                0x00001607       0x29 /Applications/microchip/xc32/v1.32/bin/bin/../../lib/gcc/pic32mx/4.5.2/../../../../pic32mx/lib/libc.a(doprnt_cdnopuxX.eo)
 .debug_pubnames
                0x00001630       0x1e /Applications/microchip/xc32/v1.32/bin/bin/../../lib/gcc/pic32mx/4.5.2/../../../../pic32mx/lib/libc.a(_flsbuf_simple.o)
 .debug_pubnames
                0x0000164e       0x20 /Applications/microchip/xc32/v1.32/bin/bin/../../lib/gcc/pic32mx/4.5.2/libgcc.a(_udivdi3.o)
 .debug_pubnames
                0x0000166e       0x20 /Applications/microchip/xc32/v1.32/bin/bin/../../lib/gcc/pic32mx/4.5.2/libgcc.a(_umoddi3.o)

.debug_info     0x00000000    0x11815
 *(.debug_info .gnu.linkonce.wi.*)
 .debug_info    0x00000000       0xce /Applications/microchip/xc32/v1.32/bin/bin/../../lib/gcc/pic32mx/4.5.2/../../../../pic32mx/lib/software-debug-break.o
 .debug_info    0x000000ce      0xed4 build/EXPLORER_16_PIC32MX270F256D/debug/_ext/332309696/port.o
 .debug_info    0x00000fa2       0xc9 build/EXPLORER_16_PIC32MX270F256D/debug/_ext/332309696/port_asm.o
 .debug_info    0x0000106b     0x1094 build/EXPLORER_16_PIC32MX270F256D/debug/_ext/449926602/queue.o
 .debug_info    0x000020ff     0x2022 build/EXPLORER_16_PIC32MX270F256D/debug/_ext/449926602/tasks.o
 .debug_info    0x00004121      0x472 build/EXPLORER_16_PIC32MX270F256D/debug/_ext/449926602/list.o
 .debug_info    0x00004593      0xd94 build/EXPLORER_16_PIC32MX270F256D/debug/_ext/449926602/timers.o
 .debug_info    0x00005327      0x5b9 build/EXPLORER_16_PIC32MX270F256D/debug/_ext/1884096877/heap_4.o
 .debug_info    0x000058e0      0x477 build/EXPLORER_16_PIC32MX270F256D/debug/_ext/1163846883/blocktim.o
 .debug_info    0x00005d57      0x3d5 build/EXPLORER_16_PIC32MX270F256D/debug/_ext/1163846883/comtest.o
 .debug_info    0x0000612c      0x4ee build/EXPLORER_16_PIC32MX270F256D/debug/_ext/1163846883/semtest.o
 .debug_info    0x0000661a      0x4a3 build/EXPLORER_16_PIC32MX270F256D/debug/_ext/1163846883/QPeek.o
 .debug_info    0x00006abd      0xaef build/EXPLORER_16_PIC32MX270F256D/debug/_ext/1163846883/IntQueue.o
 .debug_info    0x000075ac      0x62f build/EXPLORER_16_PIC32MX270F256D/debug/_ext/1163846883/GenQTest.o
 .debug_info    0x00007bdb      0x293 build/EXPLORER_16_PIC32MX270F256D/debug/_ext/1163846883/flash_timer.o
 .debug_info    0x00007e6e     0x1446 build/EXPLORER_16_PIC32MX270F256D/debug/_ext/1472/main.o
 .debug_info    0x000092b4       0xae build/EXPLORER_16_PIC32MX270F256D/debug/_ext/1472/RegisterTestTasks.o
 .debug_info    0x00009362     0x1220 build/EXPLORER_16_PIC32MX270F256D/debug/_ext/1472/lcd.o
 .debug_info    0x0000a582     0x2653 build/EXPLORER_16_PIC32MX270F256D/debug/_ext/821501661/serial.o
 .debug_info    0x0000cbd5       0xae build/EXPLORER_16_PIC32MX270F256D/debug/_ext/821501661/serial_isr.o
 .debug_info    0x0000cc83      0xb23 build/EXPLORER_16_PIC32MX270F256D/debug/_ext/1472/timertest.o
 .debug_info    0x0000d7a6       0xaa build/EXPLORER_16_PIC32MX270F256D/debug/_ext/1472/timertest_isr.o
 .debug_info    0x0000d850      0xe1e build/EXPLORER_16_PIC32MX270F256D/debug/_ext/1472/IntQueueTimer.o
 .debug_info    0x0000e66e       0xae build/EXPLORER_16_PIC32MX270F256D/debug/_ext/1472/IntQueueTimer_isr.o
 .debug_info    0x0000e71c      0x51a build/EXPLORER_16_PIC32MX270F256D/debug/_ext/1472/printf-stdarg.o
 .debug_info    0x0000ec36      0x35e build/EXPLORER_16_PIC32MX270F256D/debug/_ext/1472/main_blinky.o
 .debug_info    0x0000ef94      0x4aa build/EXPLORER_16_PIC32MX270F256D/debug/_ext/1472/main_full.o
 .debug_info    0x0000f43e      0x480 build/EXPLORER_16_PIC32MX270F256D/debug/_ext/1472/ConfigPerformance.o
 .debug_info    0x0000f8be      0x385 build/EXPLORER_16_PIC32MX270F256D/debug/_ext/809743516/ParTest_Explorer16.o
 .debug_info    0x0000fc43       0xae /Applications/microchip/xc32/v1.32/bin/bin/../../lib/gcc/pic32mx/4.5.2/../../../../pic32mx/lib/libmchp_peripheral_32MX270F256D.a(int_configure_system_lib.o)
 .debug_info    0x0000fcf1       0xb0 /Applications/microchip/xc32/v1.32/bin/bin/../../lib/gcc/pic32mx/4.5.2/../../../../pic32mx/lib/libmchp_peripheral_32MX270F256D.a(int_enable_interrupts_lib.o)
 .debug_info    0x0000fda1       0xb2 /Applications/microchip/xc32/v1.32/bin/bin/../../lib/gcc/pic32mx/4.5.2/../../../../pic32mx/lib/libmchp_peripheral_32MX270F256D.a(int_disable_interrupts_lib.o)
 .debug_info    0x0000fe53       0xb2 /Applications/microchip/xc32/v1.32/bin/bin/../../lib/gcc/pic32mx/4.5.2/../../../../pic32mx/lib/libmchp_peripheral_32MX270F256D.a(int_restore_interrupts_lib.o)
 .debug_info    0x0000ff05      0x192 /Applications/microchip/xc32/v1.32/bin/bin/../../lib/gcc/pic32mx/4.5.2/../../../../pic32mx/lib/libmchp_peripheral_32MX270F256D.a(int_tbl_lib.o)
 .debug_info    0x00010097      0x171 /Applications/microchip/xc32/v1.32/bin/bin/../../lib/gcc/pic32mx/4.5.2/../../../../pic32mx/lib/libmchp_peripheral_32MX270F256D.a(uart_lib.o)
 .debug_info    0x00010208       0xde /Applications/microchip/xc32/v1.32/bin/bin/../../lib/gcc/pic32mx/4.5.2/../../../../pic32mx/lib/libpic32.a(default-bootstrap-exception-handler.o)
 .debug_info    0x000102e6       0xb8 /Applications/microchip/xc32/v1.32/bin/bin/../../lib/gcc/pic32mx/4.5.2/../../../../pic32mx/lib/libpic32.a(default-on-reset.o)
 .debug_info    0x0001039e       0xc0 /Applications/microchip/xc32/v1.32/bin/bin/../../lib/gcc/pic32mx/4.5.2/../../../../pic32mx/lib/libpic32.a(default-on-bootstrap.o)
 .debug_info    0x0001045e       0xd2 /Applications/microchip/xc32/v1.32/bin/bin/../../lib/gcc/pic32mx/4.5.2/../../../../pic32mx/lib/libpic32.a(defaultinterrupt.o)
 .debug_info    0x00010530       0xb3 /Applications/microchip/xc32/v1.32/bin/bin/../../lib/gcc/pic32mx/4.5.2/../../../../pic32mx/lib/libc.a(putchar.o)
 .debug_info    0x000105e3       0xbd /Applications/microchip/xc32/v1.32/bin/bin/../../lib/gcc/pic32mx/4.5.2/../../../../pic32mx/lib/libc.a(sprintf_cdnopuxX.eo)
 .debug_info    0x000106a0        0x0 /Applications/microchip/xc32/v1.32/bin/bin/../../lib/gcc/pic32mx/4.5.2/../../../../pic32mx/lib/libc.a(_iob.o)
 .debug_info    0x000106a0       0xaf /Applications/microchip/xc32/v1.32/bin/bin/../../lib/gcc/pic32mx/4.5.2/../../../../pic32mx/lib/libc.a(_fputc_simple.o)
 .debug_info    0x0001074f       0xbe /Applications/microchip/xc32/v1.32/bin/bin/../../lib/gcc/pic32mx/4.5.2/../../../../pic32mx/lib/libc.a(doprnt_cdnopuxX.eo)
 .debug_info    0x0001080d       0xb2 /Applications/microchip/xc32/v1.32/bin/bin/../../lib/gcc/pic32mx/4.5.2/../../../../pic32mx/lib/libc.a(_flsbuf_simple.o)
 .debug_info    0x000108bf        0x0 /Applications/microchip/xc32/v1.32/bin/bin/../../lib/gcc/pic32mx/4.5.2/../../../../pic32mx/lib/libc.a(ctype.o)
 .debug_info    0x000108bf      0x790 /Applications/microchip/xc32/v1.32/bin/bin/../../lib/gcc/pic32mx/4.5.2/libgcc.a(_udivdi3.o)
 .debug_info    0x0001104f      0x7c6 /Applications/microchip/xc32/v1.32/bin/bin/../../lib/gcc/pic32mx/4.5.2/libgcc.a(_umoddi3.o)

.debug_abbrev   0x00000000     0x277f
 *(.debug_abbrev)
 .debug_abbrev  0x00000000       0x23 /Applications/microchip/xc32/v1.32/bin/bin/../../lib/gcc/pic32mx/4.5.2/../../../../pic32mx/lib/software-debug-break.o
 .debug_abbrev  0x00000023      0x2b8 build/EXPLORER_16_PIC32MX270F256D/debug/_ext/332309696/port.o
 .debug_abbrev  0x000002db       0x14 build/EXPLORER_16_PIC32MX270F256D/debug/_ext/332309696/port_asm.o
 .debug_abbrev  0x000002ef      0x1b0 build/EXPLORER_16_PIC32MX270F256D/debug/_ext/449926602/queue.o
 .debug_abbrev  0x0000049f      0x234 build/EXPLORER_16_PIC32MX270F256D/debug/_ext/449926602/tasks.o
 .debug_abbrev  0x000006d3       0xf8 build/EXPLORER_16_PIC32MX270F256D/debug/_ext/449926602/list.o
 .debug_abbrev  0x000007cb      0x271 build/EXPLORER_16_PIC32MX270F256D/debug/_ext/449926602/timers.o
 .debug_abbrev  0x00000a3c      0x18c build/EXPLORER_16_PIC32MX270F256D/debug/_ext/1884096877/heap_4.o
 .debug_abbrev  0x00000bc8      0x10a build/EXPLORER_16_PIC32MX270F256D/debug/_ext/1163846883/blocktim.o
 .debug_abbrev  0x00000cd2       0xed build/EXPLORER_16_PIC32MX270F256D/debug/_ext/1163846883/comtest.o
 .debug_abbrev  0x00000dbf      0x140 build/EXPLORER_16_PIC32MX270F256D/debug/_ext/1163846883/semtest.o
 .debug_abbrev  0x00000eff      0x12e build/EXPLORER_16_PIC32MX270F256D/debug/_ext/1163846883/QPeek.o
 .debug_abbrev  0x0000102d      0x166 build/EXPLORER_16_PIC32MX270F256D/debug/_ext/1163846883/IntQueue.o
 .debug_abbrev  0x00001193      0x161 build/EXPLORER_16_PIC32MX270F256D/debug/_ext/1163846883/GenQTest.o
 .debug_abbrev  0x000012f4       0x88 build/EXPLORER_16_PIC32MX270F256D/debug/_ext/1163846883/flash_timer.o
 .debug_abbrev  0x0000137c      0x318 build/EXPLORER_16_PIC32MX270F256D/debug/_ext/1472/main.o
 .debug_abbrev  0x00001694       0x14 build/EXPLORER_16_PIC32MX270F256D/debug/_ext/1472/RegisterTestTasks.o
 .debug_abbrev  0x000016a8      0x260 build/EXPLORER_16_PIC32MX270F256D/debug/_ext/1472/lcd.o
 .debug_abbrev  0x00001908      0x2a0 build/EXPLORER_16_PIC32MX270F256D/debug/_ext/821501661/serial.o
 .debug_abbrev  0x00001ba8       0x14 build/EXPLORER_16_PIC32MX270F256D/debug/_ext/821501661/serial_isr.o
 .debug_abbrev  0x00001bbc      0x125 build/EXPLORER_16_PIC32MX270F256D/debug/_ext/1472/timertest.o
 .debug_abbrev  0x00001ce1       0x14 build/EXPLORER_16_PIC32MX270F256D/debug/_ext/1472/timertest_isr.o
 .debug_abbrev  0x00001cf5       0xdf build/EXPLORER_16_PIC32MX270F256D/debug/_ext/1472/IntQueueTimer.o
 .debug_abbrev  0x00001dd4       0x14 build/EXPLORER_16_PIC32MX270F256D/debug/_ext/1472/IntQueueTimer_isr.o
 .debug_abbrev  0x00001de8      0x142 build/EXPLORER_16_PIC32MX270F256D/debug/_ext/1472/printf-stdarg.o
 .debug_abbrev  0x00001f2a       0xc1 build/EXPLORER_16_PIC32MX270F256D/debug/_ext/1472/main_blinky.o
 .debug_abbrev  0x00001feb      0x126 build/EXPLORER_16_PIC32MX270F256D/debug/_ext/1472/main_full.o
 .debug_abbrev  0x00002111      0x106 build/EXPLORER_16_PIC32MX270F256D/debug/_ext/1472/ConfigPerformance.o
 .debug_abbrev  0x00002217       0xd5 build/EXPLORER_16_PIC32MX270F256D/debug/_ext/809743516/ParTest_Explorer16.o
 .debug_abbrev  0x000022ec       0x23 /Applications/microchip/xc32/v1.32/bin/bin/../../lib/gcc/pic32mx/4.5.2/../../../../pic32mx/lib/libmchp_peripheral_32MX270F256D.a(int_configure_system_lib.o)
 .debug_abbrev  0x0000230f       0x23 /Applications/microchip/xc32/v1.32/bin/bin/../../lib/gcc/pic32mx/4.5.2/../../../../pic32mx/lib/libmchp_peripheral_32MX270F256D.a(int_enable_interrupts_lib.o)
 .debug_abbrev  0x00002332       0x23 /Applications/microchip/xc32/v1.32/bin/bin/../../lib/gcc/pic32mx/4.5.2/../../../../pic32mx/lib/libmchp_peripheral_32MX270F256D.a(int_disable_interrupts_lib.o)
 .debug_abbrev  0x00002355       0x23 /Applications/microchip/xc32/v1.32/bin/bin/../../lib/gcc/pic32mx/4.5.2/../../../../pic32mx/lib/libmchp_peripheral_32MX270F256D.a(int_restore_interrupts_lib.o)
 .debug_abbrev  0x00002378       0x23 /Applications/microchip/xc32/v1.32/bin/bin/../../lib/gcc/pic32mx/4.5.2/../../../../pic32mx/lib/libmchp_peripheral_32MX270F256D.a(int_tbl_lib.o)
 .debug_abbrev  0x0000239b       0x36 /Applications/microchip/xc32/v1.32/bin/bin/../../lib/gcc/pic32mx/4.5.2/../../../../pic32mx/lib/libmchp_peripheral_32MX270F256D.a(uart_lib.o)
 .debug_abbrev  0x000023d1       0x23 /Applications/microchip/xc32/v1.32/bin/bin/../../lib/gcc/pic32mx/4.5.2/../../../../pic32mx/lib/libpic32.a(default-bootstrap-exception-handler.o)
 .debug_abbrev  0x000023f4       0x23 /Applications/microchip/xc32/v1.32/bin/bin/../../lib/gcc/pic32mx/4.5.2/../../../../pic32mx/lib/libpic32.a(default-on-reset.o)
 .debug_abbrev  0x00002417       0x23 /Applications/microchip/xc32/v1.32/bin/bin/../../lib/gcc/pic32mx/4.5.2/../../../../pic32mx/lib/libpic32.a(default-on-bootstrap.o)
 .debug_abbrev  0x0000243a       0x23 /Applications/microchip/xc32/v1.32/bin/bin/../../lib/gcc/pic32mx/4.5.2/../../../../pic32mx/lib/libpic32.a(defaultinterrupt.o)
 .debug_abbrev  0x0000245d       0x23 /Applications/microchip/xc32/v1.32/bin/bin/../../lib/gcc/pic32mx/4.5.2/../../../../pic32mx/lib/libc.a(putchar.o)
 .debug_abbrev  0x00002480       0x23 /Applications/microchip/xc32/v1.32/bin/bin/../../lib/gcc/pic32mx/4.5.2/../../../../pic32mx/lib/libc.a(sprintf_cdnopuxX.eo)
 .debug_abbrev  0x000024a3        0x1 /Applications/microchip/xc32/v1.32/bin/bin/../../lib/gcc/pic32mx/4.5.2/../../../../pic32mx/lib/libc.a(_iob.o)
 .debug_abbrev  0x000024a4       0x23 /Applications/microchip/xc32/v1.32/bin/bin/../../lib/gcc/pic32mx/4.5.2/../../../../pic32mx/lib/libc.a(_fputc_simple.o)
 .debug_abbrev  0x000024c7       0x23 /Applications/microchip/xc32/v1.32/bin/bin/../../lib/gcc/pic32mx/4.5.2/../../../../pic32mx/lib/libc.a(doprnt_cdnopuxX.eo)
 .debug_abbrev  0x000024ea       0x23 /Applications/microchip/xc32/v1.32/bin/bin/../../lib/gcc/pic32mx/4.5.2/../../../../pic32mx/lib/libc.a(_flsbuf_simple.o)
 .debug_abbrev  0x0000250d        0x1 /Applications/microchip/xc32/v1.32/bin/bin/../../lib/gcc/pic32mx/4.5.2/../../../../pic32mx/lib/libc.a(ctype.o)
 .debug_abbrev  0x0000250e      0x132 /Applications/microchip/xc32/v1.32/bin/bin/../../lib/gcc/pic32mx/4.5.2/libgcc.a(_udivdi3.o)
 .debug_abbrev  0x00002640      0x13f /Applications/microchip/xc32/v1.32/bin/bin/../../lib/gcc/pic32mx/4.5.2/libgcc.a(_umoddi3.o)

.debug_line     0x00000000     0x4757
 *(.debug_line)
 .debug_line    0x00000000       0x8a /Applications/microchip/xc32/v1.32/bin/bin/../../lib/gcc/pic32mx/4.5.2/../../../../pic32mx/lib/software-debug-break.o
 .debug_line    0x0000008a      0x1fa build/EXPLORER_16_PIC32MX270F256D/debug/_ext/332309696/port.o
 .debug_line    0x00000284       0xe5 build/EXPLORER_16_PIC32MX270F256D/debug/_ext/332309696/port_asm.o
 .debug_line    0x00000369      0x461 build/EXPLORER_16_PIC32MX270F256D/debug/_ext/449926602/queue.o
 .debug_line    0x000007ca      0x6b9 build/EXPLORER_16_PIC32MX270F256D/debug/_ext/449926602/tasks.o
 .debug_line    0x00000e83      0x1ea build/EXPLORER_16_PIC32MX270F256D/debug/_ext/449926602/list.o
 .debug_line    0x0000106d      0x30b build/EXPLORER_16_PIC32MX270F256D/debug/_ext/449926602/timers.o
 .debug_line    0x00001378      0x1a2 build/EXPLORER_16_PIC32MX270F256D/debug/_ext/1884096877/heap_4.o
 .debug_line    0x0000151a      0x285 build/EXPLORER_16_PIC32MX270F256D/debug/_ext/1163846883/blocktim.o
 .debug_line    0x0000179f      0x29c build/EXPLORER_16_PIC32MX270F256D/debug/_ext/1163846883/comtest.o
 .debug_line    0x00001a3b      0x25e build/EXPLORER_16_PIC32MX270F256D/debug/_ext/1163846883/semtest.o
 .debug_line    0x00001c99      0x27b build/EXPLORER_16_PIC32MX270F256D/debug/_ext/1163846883/QPeek.o
 .debug_line    0x00001f14      0x338 build/EXPLORER_16_PIC32MX270F256D/debug/_ext/1163846883/IntQueue.o
 .debug_line    0x0000224c      0x2fe build/EXPLORER_16_PIC32MX270F256D/debug/_ext/1163846883/GenQTest.o
 .debug_line    0x0000254a      0x1eb build/EXPLORER_16_PIC32MX270F256D/debug/_ext/1163846883/flash_timer.o
 .debug_line    0x00002735      0x28e build/EXPLORER_16_PIC32MX270F256D/debug/_ext/1472/main.o
 .debug_line    0x000029c3      0x1c6 build/EXPLORER_16_PIC32MX270F256D/debug/_ext/1472/RegisterTestTasks.o
 .debug_line    0x00002b89      0x333 build/EXPLORER_16_PIC32MX270F256D/debug/_ext/1472/lcd.o
 .debug_line    0x00002ebc      0x3c5 build/EXPLORER_16_PIC32MX270F256D/debug/_ext/821501661/serial.o
 .debug_line    0x00003281       0x4d build/EXPLORER_16_PIC32MX270F256D/debug/_ext/821501661/serial_isr.o
 .debug_line    0x000032ce       0xfe build/EXPLORER_16_PIC32MX270F256D/debug/_ext/1472/timertest.o
 .debug_line    0x000033cc       0x4a build/EXPLORER_16_PIC32MX270F256D/debug/_ext/1472/timertest_isr.o
 .debug_line    0x00003416      0x154 build/EXPLORER_16_PIC32MX270F256D/debug/_ext/1472/IntQueueTimer.o
 .debug_line    0x0000356a       0x5a build/EXPLORER_16_PIC32MX270F256D/debug/_ext/1472/IntQueueTimer_isr.o
 .debug_line    0x000035c4      0x181 build/EXPLORER_16_PIC32MX270F256D/debug/_ext/1472/printf-stdarg.o
 .debug_line    0x00003745      0x20e build/EXPLORER_16_PIC32MX270F256D/debug/_ext/1472/main_blinky.o
 .debug_line    0x00003953      0x241 build/EXPLORER_16_PIC32MX270F256D/debug/_ext/1472/main_full.o
 .debug_line    0x00003b94      0x106 build/EXPLORER_16_PIC32MX270F256D/debug/_ext/1472/ConfigPerformance.o
 .debug_line    0x00003c9a      0x107 build/EXPLORER_16_PIC32MX270F256D/debug/_ext/809743516/ParTest_Explorer16.o
 .debug_line    0x00003da1       0x71 /Applications/microchip/xc32/v1.32/bin/bin/../../lib/gcc/pic32mx/4.5.2/../../../../pic32mx/lib/libmchp_peripheral_32MX270F256D.a(int_configure_system_lib.o)
 .debug_line    0x00003e12       0x72 /Applications/microchip/xc32/v1.32/bin/bin/../../lib/gcc/pic32mx/4.5.2/../../../../pic32mx/lib/libmchp_peripheral_32MX270F256D.a(int_enable_interrupts_lib.o)
 .debug_line    0x00003e84       0x73 /Applications/microchip/xc32/v1.32/bin/bin/../../lib/gcc/pic32mx/4.5.2/../../../../pic32mx/lib/libmchp_peripheral_32MX270F256D.a(int_disable_interrupts_lib.o)
 .debug_line    0x00003ef7       0x73 /Applications/microchip/xc32/v1.32/bin/bin/../../lib/gcc/pic32mx/4.5.2/../../../../pic32mx/lib/libmchp_peripheral_32MX270F256D.a(int_restore_interrupts_lib.o)
 .debug_line    0x00003f6a       0x64 /Applications/microchip/xc32/v1.32/bin/bin/../../lib/gcc/pic32mx/4.5.2/../../../../pic32mx/lib/libmchp_peripheral_32MX270F256D.a(int_tbl_lib.o)
 .debug_line    0x00003fce       0x62 /Applications/microchip/xc32/v1.32/bin/bin/../../lib/gcc/pic32mx/4.5.2/../../../../pic32mx/lib/libmchp_peripheral_32MX270F256D.a(uart_lib.o)
 .debug_line    0x00004030       0x97 /Applications/microchip/xc32/v1.32/bin/bin/../../lib/gcc/pic32mx/4.5.2/../../../../pic32mx/lib/libpic32.a(default-bootstrap-exception-handler.o)
 .debug_line    0x000040c7       0x84 /Applications/microchip/xc32/v1.32/bin/bin/../../lib/gcc/pic32mx/4.5.2/../../../../pic32mx/lib/libpic32.a(default-on-reset.o)
 .debug_line    0x0000414b       0x88 /Applications/microchip/xc32/v1.32/bin/bin/../../lib/gcc/pic32mx/4.5.2/../../../../pic32mx/lib/libpic32.a(default-on-bootstrap.o)
 .debug_line    0x000041d3       0x96 /Applications/microchip/xc32/v1.32/bin/bin/../../lib/gcc/pic32mx/4.5.2/../../../../pic32mx/lib/libpic32.a(defaultinterrupt.o)
 .debug_line    0x00004269       0x71 /Applications/microchip/xc32/v1.32/bin/bin/../../lib/gcc/pic32mx/4.5.2/../../../../pic32mx/lib/libc.a(putchar.o)
 .debug_line    0x000042da       0x71 /Applications/microchip/xc32/v1.32/bin/bin/../../lib/gcc/pic32mx/4.5.2/../../../../pic32mx/lib/libc.a(sprintf_cdnopuxX.eo)
 .debug_line    0x0000434b        0x0 /Applications/microchip/xc32/v1.32/bin/bin/../../lib/gcc/pic32mx/4.5.2/../../../../pic32mx/lib/libc.a(_iob.o)
 .debug_line    0x0000434b       0x6f /Applications/microchip/xc32/v1.32/bin/bin/../../lib/gcc/pic32mx/4.5.2/../../../../pic32mx/lib/libc.a(_fputc_simple.o)
 .debug_line    0x000043ba       0x70 /Applications/microchip/xc32/v1.32/bin/bin/../../lib/gcc/pic32mx/4.5.2/../../../../pic32mx/lib/libc.a(doprnt_cdnopuxX.eo)
 .debug_line    0x0000442a       0x70 /Applications/microchip/xc32/v1.32/bin/bin/../../lib/gcc/pic32mx/4.5.2/../../../../pic32mx/lib/libc.a(_flsbuf_simple.o)
 .debug_line    0x0000449a        0x0 /Applications/microchip/xc32/v1.32/bin/bin/../../lib/gcc/pic32mx/4.5.2/../../../../pic32mx/lib/libc.a(ctype.o)
 .debug_line    0x0000449a      0x168 /Applications/microchip/xc32/v1.32/bin/bin/../../lib/gcc/pic32mx/4.5.2/libgcc.a(_udivdi3.o)
 .debug_line    0x00004602      0x155 /Applications/microchip/xc32/v1.32/bin/bin/../../lib/gcc/pic32mx/4.5.2/libgcc.a(_umoddi3.o)

.debug_frame    0x00000000     0x16ac
 *(.debug_frame)
 .debug_frame   0x00000000       0x20 /Applications/microchip/xc32/v1.32/bin/bin/../../lib/gcc/pic32mx/4.5.2/../../../../pic32mx/lib/software-debug-break.o
 .debug_frame   0x00000020       0xb0 build/EXPLORER_16_PIC32MX270F256D/debug/_ext/332309696/port.o
 .debug_frame   0x000000d0      0x288 build/EXPLORER_16_PIC32MX270F256D/debug/_ext/449926602/queue.o
 .debug_frame   0x00000358      0x530 build/EXPLORER_16_PIC32MX270F256D/debug/_ext/449926602/tasks.o
 .debug_frame   0x00000888       0x60 build/EXPLORER_16_PIC32MX270F256D/debug/_ext/449926602/list.o
 .debug_frame   0x000008e8      0x134 build/EXPLORER_16_PIC32MX270F256D/debug/_ext/449926602/timers.o
 .debug_frame   0x00000a1c       0x8c build/EXPLORER_16_PIC32MX270F256D/debug/_ext/1884096877/heap_4.o
 .debug_frame   0x00000aa8       0x74 build/EXPLORER_16_PIC32MX270F256D/debug/_ext/1163846883/blocktim.o
 .debug_frame   0x00000b1c       0x78 build/EXPLORER_16_PIC32MX270F256D/debug/_ext/1163846883/comtest.o
 .debug_frame   0x00000b94       0x60 build/EXPLORER_16_PIC32MX270F256D/debug/_ext/1163846883/semtest.o
 .debug_frame   0x00000bf4       0xb0 build/EXPLORER_16_PIC32MX270F256D/debug/_ext/1163846883/QPeek.o
 .debug_frame   0x00000ca4      0x150 build/EXPLORER_16_PIC32MX270F256D/debug/_ext/1163846883/IntQueue.o
 .debug_frame   0x00000df4       0xb0 build/EXPLORER_16_PIC32MX270F256D/debug/_ext/1163846883/GenQTest.o
 .debug_frame   0x00000ea4       0x4c build/EXPLORER_16_PIC32MX270F256D/debug/_ext/1163846883/flash_timer.o
 .debug_frame   0x00000ef0       0x8c build/EXPLORER_16_PIC32MX270F256D/debug/_ext/1472/main.o
 .debug_frame   0x00000f7c       0x80 build/EXPLORER_16_PIC32MX270F256D/debug/_ext/1472/lcd.o
 .debug_frame   0x00000ffc       0x88 build/EXPLORER_16_PIC32MX270F256D/debug/_ext/821501661/serial.o
 .debug_frame   0x00001084       0x30 build/EXPLORER_16_PIC32MX270F256D/debug/_ext/1472/timertest.o
 .debug_frame   0x000010b4       0x50 build/EXPLORER_16_PIC32MX270F256D/debug/_ext/1472/IntQueueTimer.o
 .debug_frame   0x00001104       0xe8 build/EXPLORER_16_PIC32MX270F256D/debug/_ext/1472/printf-stdarg.o
 .debug_frame   0x000011ec       0x70 build/EXPLORER_16_PIC32MX270F256D/debug/_ext/1472/main_blinky.o
 .debug_frame   0x0000125c       0x88 build/EXPLORER_16_PIC32MX270F256D/debug/_ext/1472/main_full.o
 .debug_frame   0x000012e4       0x30 build/EXPLORER_16_PIC32MX270F256D/debug/_ext/1472/ConfigPerformance.o
 .debug_frame   0x00001314       0x40 build/EXPLORER_16_PIC32MX270F256D/debug/_ext/809743516/ParTest_Explorer16.o
 .debug_frame   0x00001354       0x20 /Applications/microchip/xc32/v1.32/bin/bin/../../lib/gcc/pic32mx/4.5.2/../../../../pic32mx/lib/libmchp_peripheral_32MX270F256D.a(int_configure_system_lib.o)
 .debug_frame   0x00001374       0x20 /Applications/microchip/xc32/v1.32/bin/bin/../../lib/gcc/pic32mx/4.5.2/../../../../pic32mx/lib/libmchp_peripheral_32MX270F256D.a(int_enable_interrupts_lib.o)
 .debug_frame   0x00001394       0x20 /Applications/microchip/xc32/v1.32/bin/bin/../../lib/gcc/pic32mx/4.5.2/../../../../pic32mx/lib/libmchp_peripheral_32MX270F256D.a(int_disable_interrupts_lib.o)
 .debug_frame   0x000013b4       0x20 /Applications/microchip/xc32/v1.32/bin/bin/../../lib/gcc/pic32mx/4.5.2/../../../../pic32mx/lib/libmchp_peripheral_32MX270F256D.a(int_restore_interrupts_lib.o)
 .debug_frame   0x000013d4       0xa0 /Applications/microchip/xc32/v1.32/bin/bin/../../lib/gcc/pic32mx/4.5.2/../../../../pic32mx/lib/libmchp_peripheral_32MX270F256D.a(int_tbl_lib.o)
 .debug_frame   0x00001474       0x90 /Applications/microchip/xc32/v1.32/bin/bin/../../lib/gcc/pic32mx/4.5.2/../../../../pic32mx/lib/libmchp_peripheral_32MX270F256D.a(uart_lib.o)
 .debug_frame   0x00001504       0x28 /Applications/microchip/xc32/v1.32/bin/bin/../../lib/gcc/pic32mx/4.5.2/../../../../pic32mx/lib/libpic32.a(default-bootstrap-exception-handler.o)
 .debug_frame   0x0000152c       0x20 /Applications/microchip/xc32/v1.32/bin/bin/../../lib/gcc/pic32mx/4.5.2/../../../../pic32mx/lib/libpic32.a(default-on-reset.o)
 .debug_frame   0x0000154c       0x20 /Applications/microchip/xc32/v1.32/bin/bin/../../lib/gcc/pic32mx/4.5.2/../../../../pic32mx/lib/libpic32.a(default-on-bootstrap.o)
 .debug_frame   0x0000156c       0x20 /Applications/microchip/xc32/v1.32/bin/bin/../../lib/gcc/pic32mx/4.5.2/../../../../pic32mx/lib/libpic32.a(defaultinterrupt.o)
 .debug_frame   0x0000158c       0x28 /Applications/microchip/xc32/v1.32/bin/bin/../../lib/gcc/pic32mx/4.5.2/../../../../pic32mx/lib/libc.a(putchar.o)