Archive member included because of file (symbol)

/Applications/microchip/xc32/v1.32/bin/bin/../../lib/gcc/pic32mx/4.5.2/../../../../pic32mx/lib/libmchp_peripheral_32MX270F256D.a(int_configure_system_lib.o)
                              build/EXPLORER_16_PIC32MX270F256D/production/_ext/1472/main.o (INTConfigureSystem)
/Applications/microchip/xc32/v1.32/bin/bin/../../lib/gcc/pic32mx/4.5.2/../../../../pic32mx/lib/libmchp_peripheral_32MX270F256D.a(int_enable_interrupts_lib.o)
                              build/EXPLORER_16_PIC32MX270F256D/production/_ext/1472/main_blinky.o (INTEnableInterrupts)
/Applications/microchip/xc32/v1.32/bin/bin/../../lib/gcc/pic32mx/4.5.2/../../../../pic32mx/lib/libmchp_peripheral_32MX270F256D.a(int_disable_interrupts_lib.o)
                              build/EXPLORER_16_PIC32MX270F256D/production/_ext/1472/main.o (INTDisableInterrupts)
/Applications/microchip/xc32/v1.32/bin/bin/../../lib/gcc/pic32mx/4.5.2/../../../../pic32mx/lib/libmchp_peripheral_32MX270F256D.a(int_restore_interrupts_lib.o)
                              build/EXPLORER_16_PIC32MX270F256D/production/_ext/1472/main.o (INTRestoreInterrupts)
/Applications/microchip/xc32/v1.32/bin/bin/../../lib/gcc/pic32mx/4.5.2/../../../../pic32mx/lib/libmchp_peripheral_32MX270F256D.a(int_tbl_lib.o)
                              build/EXPLORER_16_PIC32MX270F256D/production/_ext/821501661/serial.o (INTEnable)
/Applications/microchip/xc32/v1.32/bin/bin/../../lib/gcc/pic32mx/4.5.2/../../../../pic32mx/lib/libmchp_peripheral_32MX270F256D.a(uart_lib.o)
                              build/EXPLORER_16_PIC32MX270F256D/production/_ext/821501661/serial.o (UARTEnable)
/Applications/microchip/xc32/v1.32/bin/bin/../../lib/gcc/pic32mx/4.5.2/../../../../pic32mx/lib/libpic32.a(memcmp.o)
                              build/EXPLORER_16_PIC32MX270F256D/production/_ext/332309696/port.o (memcmp)
/Applications/microchip/xc32/v1.32/bin/bin/../../lib/gcc/pic32mx/4.5.2/../../../../pic32mx/lib/libpic32.a(memcpy.o)
                              build/EXPLORER_16_PIC32MX270F256D/production/_ext/449926602/queue.o (memcpy)
/Applications/microchip/xc32/v1.32/bin/bin/../../lib/gcc/pic32mx/4.5.2/../../../../pic32mx/lib/libpic32.a(memset.o)
                              build/EXPLORER_16_PIC32MX270F256D/production/_ext/332309696/port.o (memset)
/Applications/microchip/xc32/v1.32/bin/bin/../../lib/gcc/pic32mx/4.5.2/../../../../pic32mx/lib/libpic32.a(default-bootstrap-exception-handler.o)
                              /Applications/microchip/xc32/v1.32/bin/bin/../../lib/gcc/pic32mx/4.5.2/../../../../pic32mx/lib/./proc/32MX270F256D/crt0_mips32r2.o (_bootstrap_exception_handler)
/Applications/microchip/xc32/v1.32/bin/bin/../../lib/gcc/pic32mx/4.5.2/../../../../pic32mx/lib/libpic32.a(default-on-reset.o)
                              /Applications/microchip/xc32/v1.32/bin/bin/../../lib/gcc/pic32mx/4.5.2/../../../../pic32mx/lib/./proc/32MX270F256D/crt0_mips32r2.o (_on_reset)
/Applications/microchip/xc32/v1.32/bin/bin/../../lib/gcc/pic32mx/4.5.2/../../../../pic32mx/lib/libpic32.a(default-on-bootstrap.o)
                              /Applications/microchip/xc32/v1.32/bin/bin/../../lib/gcc/pic32mx/4.5.2/../../../../pic32mx/lib/./proc/32MX270F256D/crt0_mips32r2.o (_on_bootstrap)
/Applications/microchip/xc32/v1.32/bin/bin/../../lib/gcc/pic32mx/4.5.2/../../../../pic32mx/lib/libpic32.a(default-nmi-handler.o)
                              /Applications/microchip/xc32/v1.32/bin/bin/../../lib/gcc/pic32mx/4.5.2/../../../../pic32mx/lib/./proc/32MX270F256D/crt0_mips32r2.o (_nmi_handler)
/Applications/microchip/xc32/v1.32/bin/bin/../../lib/gcc/pic32mx/4.5.2/../../../../pic32mx/lib/libpic32.a(general-exception.o)
                              /Applications/microchip/xc32/v1.32/bin/bin/../../lib/gcc/pic32mx/4.5.2/../../../../pic32mx/lib/./proc/32MX270F256D/crt0_mips32r2.o (_general_exception_context)
/Applications/microchip/xc32/v1.32/bin/bin/../../lib/gcc/pic32mx/4.5.2/../../../../pic32mx/lib/libpic32.a(vector0.o)
                              /Applications/microchip/xc32/v1.32/bin/bin/../../lib/gcc/pic32mx/4.5.2/../../../../pic32mx/lib/./proc/32MX270F256D/default_isr_vectors.o (__vector_dispatch_0)
/Applications/microchip/xc32/v1.32/bin/bin/../../lib/gcc/pic32mx/4.5.2/../../../../pic32mx/lib/libpic32.a(vector2.o)
                              /Applications/microchip/xc32/v1.32/bin/bin/../../lib/gcc/pic32mx/4.5.2/../../../../pic32mx/lib/./proc/32MX270F256D/default_isr_vectors.o (__vector_dispatch_2)
/Applications/microchip/xc32/v1.32/bin/bin/../../lib/gcc/pic32mx/4.5.2/../../../../pic32mx/lib/libpic32.a(vector3.o)
                              /Applications/microchip/xc32/v1.32/bin/bin/../../lib/gcc/pic32mx/4.5.2/../../../../pic32mx/lib/./proc/32MX270F256D/default_isr_vectors.o (__vector_dispatch_3)
/Applications/microchip/xc32/v1.32/bin/bin/../../lib/gcc/pic32mx/4.5.2/../../../../pic32mx/lib/libpic32.a(vector5.o)
[...]
Memory Configuration

Name             Origin             Length             Attributes
kseg0_program_mem 0x9d000000         0x0003f000         xr
exception_mem    0x9d03f000         0x00001000
debug_exec_mem   0x9fc00490         0x00000760
kseg0_boot_mem   0x9fc00490         0x00000000
kseg1_boot_mem   0xbfc00000         0x00000490
config3          0xbfc00bf0         0x00000004
config2          0xbfc00bf4         0x00000004
config1          0xbfc00bf8         0x00000004
config0          0xbfc00bfc         0x00000004
kseg1_data_mem   0xa0000000         0x00010000         w !x
sfrs             0xbf800000         0x00100000
configsfrs       0xbfc00bf0         0x00000010
*default*        0x00000000         0xffffffff

Linker script and memory map

LOAD /Applications/microchip/xc32/v1.32/bin/bin/../../lib/gcc/pic32mx/4.5.2/../../../../pic32mx/lib/./proc/32MX270F256D/crt0_mips32r2.o
LOAD /Applications/microchip/xc32/v1.32/bin/bin/../../lib/gcc/pic32mx/4.5.2/../../../../pic32mx/lib/debug-exception-return.o
LOAD build/EXPLORER_16_PIC32MX270F256D/production/_ext/332309696/port.o
LOAD build/EXPLORER_16_PIC32MX270F256D/production/_ext/332309696/port_asm.o
LOAD build/EXPLORER_16_PIC32MX270F256D/production/_ext/449926602/queue.o
LOAD build/EXPLORER_16_PIC32MX270F256D/production/_ext/449926602/tasks.o
LOAD build/EXPLORER_16_PIC32MX270F256D/production/_ext/449926602/list.o
LOAD build/EXPLORER_16_PIC32MX270F256D/production/_ext/449926602/timers.o
LOAD build/EXPLORER_16_PIC32MX270F256D/production/_ext/1884096877/heap_4.o
LOAD build/EXPLORER_16_PIC32MX270F256D/production/_ext/1163846883/blocktim.o
LOAD build/EXPLORER_16_PIC32MX270F256D/production/_ext/1163846883/comtest.o
LOAD build/EXPLORER_16_PIC32MX270F256D/production/_ext/1163846883/semtest.o
LOAD build/EXPLORER_16_PIC32MX270F256D/production/_ext/1163846883/QPeek.o
LOAD build/EXPLORER_16_PIC32MX270F256D/production/_ext/1163846883/IntQueue.o
LOAD build/EXPLORER_16_PIC32MX270F256D/production/_ext/1163846883/GenQTest.o
LOAD build/EXPLORER_16_PIC32MX270F256D/production/_ext/1163846883/flash_timer.o
LOAD build/EXPLORER_16_PIC32MX270F256D/production/_ext/1472/main.o
LOAD build/EXPLORER_16_PIC32MX270F256D/production/_ext/1472/RegisterTestTasks.o
LOAD build/EXPLORER_16_PIC32MX270F256D/production/_ext/1472/lcd.o
LOAD build/EXPLORER_16_PIC32MX270F256D/production/_ext/821501661/serial.o
LOAD build/EXPLORER_16_PIC32MX270F256D/production/_ext/821501661/serial_isr.o
LOAD build/EXPLORER_16_PIC32MX270F256D/production/_ext/1472/timertest.o
LOAD build/EXPLORER_16_PIC32MX270F256D/production/_ext/1472/timertest_isr.o
LOAD build/EXPLORER_16_PIC32MX270F256D/production/_ext/1472/IntQueueTimer.o
LOAD build/EXPLORER_16_PIC32MX270F256D/production/_ext/1472/IntQueueTimer_isr.o
LOAD build/EXPLORER_16_PIC32MX270F256D/production/_ext/1472/printf-stdarg.o
LOAD build/EXPLORER_16_PIC32MX270F256D/production/_ext/1472/main_blinky.o
LOAD build/EXPLORER_16_PIC32MX270F256D/production/_ext/1472/main_full.o
LOAD build/EXPLORER_16_PIC32MX270F256D/production/_ext/1472/ConfigPerformance.o
LOAD build/EXPLORER_16_PIC32MX270F256D/production/_ext/809743516/ParTest_Explorer16.o
                0x00000001                __MPLAB_BUILD = 0x1
LOAD /Applications/microchip/xc32/v1.32/bin/bin/../../lib/gcc/pic32mx/4.5.2/../../../../pic32mx/lib/./proc/32MX270F256D/default_isr_vectors.o
LOAD /Applications/microchip/xc32/v1.32/bin/bin/../../lib/gcc/pic32mx/4.5.2/../../../../pic32mx/lib/pic32_software_reset.o
                0x00000400                PROVIDE (_min_stack_size, 0x400)
LOAD /Applications/microchip/xc32/v1.32/bin/bin/../../lib/gcc/pic32mx/4.5.2/../../../../pic32mx/lib/./proc/32MX270F256D/processor.o
START GROUP
LOAD /Applications/microchip/xc32/v1.32/bin/bin/../../lib/gcc/pic32mx/4.5.2/../../../../pic32mx/lib/libmchp_peripheral.a
END GROUP
START GROUP
LOAD /Applications/microchip/xc32/v1.32/bin/bin/../../lib/gcc/pic32mx/4.5.2/../../../../pic32mx/lib/libmchp_peripheral_32MX270F256D.a
END GROUP
                0x00000001                PROVIDE (_vector_spacing, 0x1)
                0x9d03f000                _ebase_address = 0x9d03f000
                0xbfc00000                _RESET_ADDR = 0xbfc00000
                0xbfc00380                _BEV_EXCPT_ADDR = 0xbfc00380
                0xbfc00480                _DBG_EXCPT_ADDR = 0xbfc00480
                0x9fc00490                _DBG_CODE_ADDR = 0x9fc00490
                0x00000760                _DBG_CODE_SIZE = 0x760
                0x9d03f180                _GEN_EXCPT_ADDR = (_ebase_address + 0x180)

.config_BFC00BF0
                0xbfc00bf0        0x4
 *(.config_BFC00BF0)
 .config_BFC00BF0
                0xbfc00bf0        0x4 build/EXPLORER_16_PIC32MX270F256D/production/_ext/1472/main.o

.config_BFC00BF4
                0xbfc00bf4        0x4
 *(.config_BFC00BF4)
 .config_BFC00BF4
                0xbfc00bf4        0x4 build/EXPLORER_16_PIC32MX270F256D/production/_ext/1472/main.o

.config_BFC00BF8
                0xbfc00bf8        0x4
 *(.config_BFC00BF8)
 .config_BFC00BF8
                0xbfc00bf8        0x4 build/EXPLORER_16_PIC32MX270F256D/production/_ext/1472/main.o

.config_BFC00BFC
                0xbfc00bfc        0x4
 *(.config_BFC00BFC)
 .config_BFC00BFC
                0xbfc00bfc        0x4 build/EXPLORER_16_PIC32MX270F256D/production/_ext/1472/main.o
                0xbfc02000                PROVIDE (_DBG_CODE_ADDR, 0xbfc02000)
                0x00000ff0                PROVIDE (_DBG_CODE_SIZE, 0xff0)

.reset          0xbfc00000      0x1c4
 *(.reset)
 .reset         0xbfc00000      0x1c4 /Applications/microchip/xc32/v1.32/bin/bin/../../lib/gcc/pic32mx/4.5.2/../../../../pic32mx/lib/./proc/32MX270F256D/crt0_mips32r2.o
                0xbfc00000                _reset
 *(.reset.startup)

.bev_excpt      0xbfc00380       0x10
 *(.bev_handler)
 .bev_handler   0xbfc00380       0x10 /Applications/microchip/xc32/v1.32/bin/bin/../../lib/gcc/pic32mx/4.5.2/../../../../pic32mx/lib/./proc/32MX270F256D/crt0_mips32r2.o

.dbg_excpt      0xbfc00480        0x0
                0xbfc00480                . = (. + DEFINED (_DEBUGGER)?0x8:0x0)

.dbg_code       0x9fc00490        0x0
                0x9fc00490                . = (. + DEFINED (_DEBUGGER)?_DBG_CODE_SIZE:0x0)

.app_excpt      0x9d03f180       0x10
 *(.gen_handler)
 .gen_handler   0x9d03f180       0x10 /Applications/microchip/xc32/v1.32/bin/bin/../../lib/gcc/pic32mx/4.5.2/../../../../pic32mx/lib/./proc/32MX270F256D/crt0_mips32r2.o

.vector_0       0x9d03f200        0x8
 *(.vector_0)
 .vector_0      0x9d03f200        0x8 /Applications/microchip/xc32/v1.32/bin/bin/../../lib/gcc/pic32mx/4.5.2/../../../../pic32mx/lib/libpic32.a(vector0.o)
                0x9d03f200                __vector_dispatch_0
                0x00000001                ASSERT (((_vector_spacing == 0x0) || (SIZEOF (.vector_0) <= (_vector_spacing << 0x5))), function at exception vector 0 too large)

.vector_1       0x9d03f220        0x8
 *(.vector_1)
 .vector_1      0x9d03f220        0x8 build/EXPLORER_16_PIC32MX270F256D/production/_ext/332309696/port.o
                0x9d03f220                __vector_dispatch_1
                0x00000001                ASSERT (((_vector_spacing == 0x0) || (SIZEOF (.vector_1) <= (_vector_spacing << 0x5))), function at exception vector 1 too large)

.vector_2       0x9d03f240        0x8
 *(.vector_2)
 .vector_2      0x9d03f240        0x8 /Applications/microchip/xc32/v1.32/bin/bin/../../lib/gcc/pic32mx/4.5.2/../../../../pic32mx/lib/libpic32.a(vector2.o)
                0x9d03f240                __vector_dispatch_2
                0x00000001                ASSERT (((_vector_spacing == 0x0) || (SIZEOF (.vector_2) <= (_vector_spacing << 0x5))), function at exception vector 2 too large)

.vector_3       0x9d03f260        0x8
 *(.vector_3)
 .vector_3      0x9d03f260        0x8 /Applications/microchip/xc32/v1.32/bin/bin/../../lib/gcc/pic32mx/4.5.2/../../../../pic32mx/lib/libpic32.a(vector3.o)
                0x9d03f260                __vector_dispatch_3
                0x00000001                ASSERT (((_vector_spacing == 0x0) || (SIZEOF (.vector_3) <= (_vector_spacing << 0x5))), function at exception vector 3 too large)

.vector_4       0x9d03f280        0x8
 *(.vector_4)
 .vector_4      0x9d03f280        0x8 build/EXPLORER_16_PIC32MX270F256D/production/_ext/332309696/port.o
                0x9d03f280                __vector_dispatch_4
                0x00000001                ASSERT (((_vector_spacing == 0x0) || (SIZEOF (.vector_4) <= (_vector_spacing << 0x5))), function at exception vector 4 too large)

.vector_5       0x9d03f2a0        0x8
 *(.vector_5)
 .vector_5      0x9d03f2a0        0x8 /Applications/microchip/xc32/v1.32/bin/bin/../../lib/gcc/pic32mx/4.5.2/../../../../pic32mx/lib/libpic32.a(vector5.o)
                0x9d03f2a0                __vector_dispatch_5
                0x00000001                ASSERT (((_vector_spacing == 0x0) || (SIZEOF (.vector_5) <= (_vector_spacing << 0x5))), function at exception vector 5 too large)

.vector_6       0x9d03f2c0        0x8
 *(.vector_6)
 .vector_6      0x9d03f2c0        0x8 /Applications/microchip/xc32/v1.32/bin/bin/../../lib/gcc/pic32mx/4.5.2/../../../../pic32mx/lib/libpic32.a(vector6.o)
                0x9d03f2c0                __vector_dispatch_6
                0x00000001                ASSERT (((_vector_spacing == 0x0) || (SIZEOF (.vector_6) <= (_vector_spacing << 0x5))), function at exception vector 6 too large)

.vector_7       0x9d03f2e0        0x8
 *(.vector_7)
 .vector_7      0x9d03f2e0        0x8 /Applications/microchip/xc32/v1.32/bin/bin/../../lib/gcc/pic32mx/4.5.2/../../../../pic32mx/lib/libpic32.a(vector7.o)
                0x9d03f2e0                __vector_dispatch_7
                0x00000001                ASSERT (((_vector_spacing == 0x0) || (SIZEOF (.vector_7) <= (_vector_spacing << 0x5))), function at exception vector 7 too large)

.vector_8       0x9d03f300        0x8
 *(.vector_8)
 .vector_8      0x9d03f300        0x8 build/EXPLORER_16_PIC32MX270F256D/production/_ext/1472/timertest.o
                0x9d03f300                __vector_dispatch_8
                0x00000001                ASSERT (((_vector_spacing == 0x0) || (SIZEOF (.vector_8) <= (_vector_spacing << 0x5))), function at exception vector 8 too large)

.vector_9       0x9d03f320        0x8
 *(.vector_9)
 .vector_9      0x9d03f320        0x8 /Applications/microchip/xc32/v1.32/bin/bin/../../lib/gcc/pic32mx/4.5.2/../../../../pic32mx/lib/libpic32.a(vector9.o)
                0x9d03f320                __vector_dispatch_9
                0x00000001                ASSERT (((_vector_spacing == 0x0) || (SIZEOF (.vector_9) <= (_vector_spacing << 0x5))), function at exception vector 9 too large)

.vector_10      0x9d03f340        0x8
 *(.vector_10)
 .vector_10     0x9d03f340        0x8 /Applications/microchip/xc32/v1.32/bin/bin/../../lib/gcc/pic32mx/4.5.2/../../../../pic32mx/lib/libpic32.a(vector10.o)
                0x9d03f340                __vector_dispatch_10
                0x00000001                ASSERT (((_vector_spacing == 0x0) || (SIZEOF (.vector_10) <= (_vector_spacing << 0x5))), function at exception vector 10 too large)

.vector_11      0x9d03f360        0x8
 *(.vector_11)
 .vector_11     0x9d03f360        0x8 /Applications/microchip/xc32/v1.32/bin/bin/../../lib/gcc/pic32mx/4.5.2/../../../../pic32mx/lib/libpic32.a(vector11.o)
                0x9d03f360                __vector_dispatch_11
                0x00000001                ASSERT (((_vector_spacing == 0x0) || (SIZEOF (.vector_11) <= (_vector_spacing << 0x5))), function at exception vector 11 too large)

.vector_12      0x9d03f380        0x8
 *(.vector_12)
 .vector_12     0x9d03f380        0x8 build/EXPLORER_16_PIC32MX270F256D/production/_ext/1472/IntQueueTimer.o
                0x9d03f380                __vector_dispatch_12
                0x00000001                ASSERT (((_vector_spacing == 0x0) || (SIZEOF (.vector_12) <= (_vector_spacing << 0x5))), function at exception vector 12 too large)

.vector_13      0x9d03f3a0        0x8
 *(.vector_13)
 .vector_13     0x9d03f3a0        0x8 /Applications/microchip/xc32/v1.32/bin/bin/../../lib/gcc/pic32mx/4.5.2/../../../../pic32mx/lib/libpic32.a(vector13.o)
                0x9d03f3a0                __vector_dispatch_13
                0x00000001                ASSERT (((_vector_spacing == 0x0) || (SIZEOF (.vector_13) <= (_vector_spacing << 0x5))), function at exception vector 13 too large)

.vector_14      0x9d03f3c0        0x8
 *(.vector_14)
 .vector_14     0x9d03f3c0        0x8 /Applications/microchip/xc32/v1.32/bin/bin/../../lib/gcc/pic32mx/4.5.2/../../../../pic32mx/lib/libpic32.a(vector14.o)
                0x9d03f3c0                __vector_dispatch_14
                0x00000001                ASSERT (((_vector_spacing == 0x0) || (SIZEOF (.vector_14) <= (_vector_spacing << 0x5))), function at exception vector 14 too large)

.vector_15      0x9d03f3e0        0x8
 *(.vector_15)
 .vector_15     0x9d03f3e0        0x8 /Applications/microchip/xc32/v1.32/bin/bin/../../lib/gcc/pic32mx/4.5.2/../../../../pic32mx/lib/libpic32.a(vector15.o)
                0x9d03f3e0                __vector_dispatch_15
                0x00000001                ASSERT (((_vector_spacing == 0x0) || (SIZEOF (.vector_15) <= (_vector_spacing << 0x5))), function at exception vector 15 too large)

.vector_16      0x9d03f400        0x8
 *(.vector_16)
 .vector_16     0x9d03f400        0x8 build/EXPLORER_16_PIC32MX270F256D/production/_ext/1472/IntQueueTimer.o
                0x9d03f400                __vector_dispatch_16
                0x00000001                ASSERT (((_vector_spacing == 0x0) || (SIZEOF (.vector_16) <= (_vector_spacing << 0x5))), function at exception vector 16 too large)

.vector_17      0x9d03f420        0x8
 *(.vector_17)
 .vector_17     0x9d03f420        0x8 /Applications/microchip/xc32/v1.32/bin/bin/../../lib/gcc/pic32mx/4.5.2/../../../../pic32mx/lib/libpic32.a(vector17.o)
                0x9d03f420                __vector_dispatch_17
                0x00000001                ASSERT (((_vector_spacing == 0x0) || (SIZEOF (.vector_17) <= (_vector_spacing << 0x5))), function at exception vector 17 too large)

.vector_18      0x9d03f440        0x8
 *(.vector_18)
 .vector_18     0x9d03f440        0x8 /Applications/microchip/xc32/v1.32/bin/bin/../../lib/gcc/pic32mx/4.5.2/../../../../pic32mx/lib/libpic32.a(vector18.o)
                0x9d03f440                __vector_dispatch_18
                0x00000001                ASSERT (((_vector_spacing == 0x0) || (SIZEOF (.vector_18) <= (_vector_spacing << 0x5))), function at exception vector 18 too large)

.vector_19      0x9d03f460        0x8
 *(.vector_19)
 .vector_19     0x9d03f460        0x8 /Applications/microchip/xc32/v1.32/bin/bin/../../lib/gcc/pic32mx/4.5.2/../../../../pic32mx/lib/libpic32.a(vector19.o)
                0x9d03f460                __vector_dispatch_19
                0x00000001                ASSERT (((_vector_spacing == 0x0) || (SIZEOF (.vector_19) <= (_vector_spacing << 0x5))), function at exception vector 19 too large)

.vector_20      0x9d03f480        0x8
 *(.vector_20)
 .vector_20     0x9d03f480        0x8 /Applications/microchip/xc32/v1.32/bin/bin/../../lib/gcc/pic32mx/4.5.2/../../../../pic32mx/lib/libpic32.a(vector20.o)
                0x9d03f480                __vector_dispatch_20
                0x00000001                ASSERT (((_vector_spacing == 0x0) || (SIZEOF (.vector_20) <= (_vector_spacing << 0x5))), function at exception vector 20 too large)

.vector_21      0x9d03f4a0        0x8
 *(.vector_21)
 .vector_21     0x9d03f4a0        0x8 /Applications/microchip/xc32/v1.32/bin/bin/../../lib/gcc/pic32mx/4.5.2/../../../../pic32mx/lib/libpic32.a(vector21.o)
                0x9d03f4a0                __vector_dispatch_21
                0x00000001                ASSERT (((_vector_spacing == 0x0) || (SIZEOF (.vector_21) <= (_vector_spacing << 0x5))), function at exception vector 21 too large)

.vector_22      0x9d03f4c0        0x8
 *(.vector_22)
 .vector_22     0x9d03f4c0        0x8 /Applications/microchip/xc32/v1.32/bin/bin/../../lib/gcc/pic32mx/4.5.2/../../../../pic32mx/lib/libpic32.a(vector22.o)
                0x9d03f4c0                __vector_dispatch_22
                0x00000001                ASSERT (((_vector_spacing == 0x0) || (SIZEOF (.vector_22) <= (_vector_spacing << 0x5))), function at exception vector 22 too large)

.vector_23      0x9d03f4e0        0x8
 *(.vector_23)
 .vector_23     0x9d03f4e0        0x8 /Applications/microchip/xc32/v1.32/bin/bin/../../lib/gcc/pic32mx/4.5.2/../../../../pic32mx/lib/libpic32.a(vector23.o)
                0x9d03f4e0                __vector_dispatch_23
                0x00000001                ASSERT (((_vector_spacing == 0x0) || (SIZEOF (.vector_23) <= (_vector_spacing << 0x5))), function at exception vector 23 too large)

.vector_24      0x9d03f500        0x8
 *(.vector_24)
 .vector_24     0x9d03f500        0x8 /Applications/microchip/xc32/v1.32/bin/bin/../../lib/gcc/pic32mx/4.5.2/../../../../pic32mx/lib/libpic32.a(vector24.o)
                0x9d03f500                __vector_dispatch_24
                0x00000001                ASSERT (((_vector_spacing == 0x0) || (SIZEOF (.vector_24) <= (_vector_spacing << 0x5))), function at exception vector 24 too large)

.vector_25      0x9d03f520        0x8
 *(.vector_25)
 .vector_25     0x9d03f520        0x8 /Applications/microchip/xc32/v1.32/bin/bin/../../lib/gcc/pic32mx/4.5.2/../../../../pic32mx/lib/libpic32.a(vector25.o)
                0x9d03f520                __vector_dispatch_25
                0x00000001                ASSERT (((_vector_spacing == 0x0) || (SIZEOF (.vector_25) <= (_vector_spacing << 0x5))), function at exception vector 25 too large)

.vector_26      0x9d03f540        0x8
 *(.vector_26)
 .vector_26     0x9d03f540        0x8 /Applications/microchip/xc32/v1.32/bin/bin/../../lib/gcc/pic32mx/4.5.2/../../../../pic32mx/lib/libpic32.a(vector26.o)
                0x9d03f540                __vector_dispatch_26
                0x00000001                ASSERT (((_vector_spacing == 0x0) || (SIZEOF (.vector_26) <= (_vector_spacing << 0x5))), function at exception vector 26 too large)

.vector_27      0x9d03f560        0x8
 *(.vector_27)
 .vector_27     0x9d03f560        0x8 /Applications/microchip/xc32/v1.32/bin/bin/../../lib/gcc/pic32mx/4.5.2/../../../../pic32mx/lib/libpic32.a(vector27.o)
                0x9d03f560                __vector_dispatch_27
                0x00000001                ASSERT (((_vector_spacing == 0x0) || (SIZEOF (.vector_27) <= (_vector_spacing << 0x5))), function at exception vector 27 too large)

.vector_28      0x9d03f580        0x8
 *(.vector_28)
 .vector_28     0x9d03f580        0x8 /Applications/microchip/xc32/v1.32/bin/bin/../../lib/gcc/pic32mx/4.5.2/../../../../pic32mx/lib/libpic32.a(vector28.o)
                0x9d03f580                __vector_dispatch_28
                0x00000001                ASSERT (((_vector_spacing == 0x0) || (SIZEOF (.vector_28) <= (_vector_spacing << 0x5))), function at exception vector 28 too large)

.vector_29      0x9d03f5a0        0x8
 *(.vector_29)
 .vector_29     0x9d03f5a0        0x8 /Applications/microchip/xc32/v1.32/bin/bin/../../lib/gcc/pic32mx/4.5.2/../../../../pic32mx/lib/libpic32.a(vector29.o)
                0x9d03f5a0                __vector_dispatch_29
                0x00000001                ASSERT (((_vector_spacing == 0x0) || (SIZEOF (.vector_29) <= (_vector_spacing << 0x5))), function at exception vector 29 too large)

.vector_30      0x9d03f5c0        0x8
 *(.vector_30)
 .vector_30     0x9d03f5c0        0x8 /Applications/microchip/xc32/v1.32/bin/bin/../../lib/gcc/pic32mx/4.5.2/../../../../pic32mx/lib/libpic32.a(vector30.o)
                0x9d03f5c0                __vector_dispatch_30
                0x00000001                ASSERT (((_vector_spacing == 0x0) || (SIZEOF (.vector_30) <= (_vector_spacing << 0x5))), function at exception vector 30 too large)

.vector_31      0x9d03f5e0        0x8
 *(.vector_31)
 .vector_31     0x9d03f5e0        0x8 /Applications/microchip/xc32/v1.32/bin/bin/../../lib/gcc/pic32mx/4.5.2/../../../../pic32mx/lib/libpic32.a(vector31.o)
                0x9d03f5e0                __vector_dispatch_31
                0x00000001                ASSERT (((_vector_spacing == 0x0) || (SIZEOF (.vector_31) <= (_vector_spacing << 0x5))), function at exception vector 31 too large)

.vector_32      0x9d03f600        0x8
 *(.vector_32)
 .vector_32     0x9d03f600        0x8 build/EXPLORER_16_PIC32MX270F256D/production/_ext/821501661/serial.o
                0x9d03f600                __vector_dispatch_32
                0x00000001                ASSERT (((_vector_spacing == 0x0) || (SIZEOF (.vector_32) <= (_vector_spacing << 0x5))), function at exception vector 32 too large)

.vector_33      0x9d03f620        0x8
 *(.vector_33)
 .vector_33     0x9d03f620        0x8 /Applications/microchip/xc32/v1.32/bin/bin/../../lib/gcc/pic32mx/4.5.2/../../../../pic32mx/lib/libpic32.a(vector33.o)
                0x9d03f620                __vector_dispatch_33
                0x00000001                ASSERT (((_vector_spacing == 0x0) || (SIZEOF (.vector_33) <= (_vector_spacing << 0x5))), function at exception vector 33 too large)

.vector_34      0x9d03f640        0x8
 *(.vector_34)
 .vector_34     0x9d03f640        0x8 /Applications/microchip/xc32/v1.32/bin/bin/../../lib/gcc/pic32mx/4.5.2/../../../../pic32mx/lib/libpic32.a(vector34.o)
                0x9d03f640                __vector_dispatch_34
                0x00000001                ASSERT (((_vector_spacing == 0x0) || (SIZEOF (.vector_34) <= (_vector_spacing << 0x5))), function at exception vector 34 too large)

.vector_35      0x9d03f660        0x8
 *(.vector_35)
 .vector_35     0x9d03f660        0x8 /Applications/microchip/xc32/v1.32/bin/bin/../../lib/gcc/pic32mx/4.5.2/../../../../pic32mx/lib/libpic32.a(vector35.o)
                0x9d03f660                __vector_dispatch_35
                0x00000001                ASSERT (((_vector_spacing == 0x0) || (SIZEOF (.vector_35) <= (_vector_spacing << 0x5))), function at exception vector 35 too large)

.vector_36      0x9d03f680        0x8
 *(.vector_36)
 .vector_36     0x9d03f680        0x8 /Applications/microchip/xc32/v1.32/bin/bin/../../lib/gcc/pic32mx/4.5.2/../../../../pic32mx/lib/libpic32.a(vector36.o)
                0x9d03f680                __vector_dispatch_36
                0x00000001                ASSERT (((_vector_spacing == 0x0) || (SIZEOF (.vector_36) <= (_vector_spacing << 0x5))), function at exception vector 36 too large)

.vector_37      0x9d03f6a0        0x8
 *(.vector_37)
 .vector_37     0x9d03f6a0        0x8 /Applications/microchip/xc32/v1.32/bin/bin/../../lib/gcc/pic32mx/4.5.2/../../../../pic32mx/lib/libpic32.a(vector37.o)
                0x9d03f6a0                __vector_dispatch_37
                0x00000001                ASSERT (((_vector_spacing == 0x0) || (SIZEOF (.vector_37) <= (_vector_spacing << 0x5))), function at exception vector 37 too large)

.vector_38      0x9d03f6c0        0x8
 *(.vector_38)
 .vector_38     0x9d03f6c0        0x8 /Applications/microchip/xc32/v1.32/bin/bin/../../lib/gcc/pic32mx/4.5.2/../../../../pic32mx/lib/libpic32.a(vector38.o)
                0x9d03f6c0                __vector_dispatch_38
                0x00000001                ASSERT (((_vector_spacing == 0x0) || (SIZEOF (.vector_38) <= (_vector_spacing << 0x5))), function at exception vector 38 too large)

.vector_39      0x9d03f6e0        0x8
 *(.vector_39)
 .vector_39     0x9d03f6e0        0x8 /Applications/microchip/xc32/v1.32/bin/bin/../../lib/gcc/pic32mx/4.5.2/../../../../pic32mx/lib/libpic32.a(vector39.o)
                0x9d03f6e0                __vector_dispatch_39
                0x00000001                ASSERT (((_vector_spacing == 0x0) || (SIZEOF (.vector_39) <= (_vector_spacing << 0x5))), function at exception vector 39 too large)

.vector_40      0x9d03f700        0x8
 *(.vector_40)
 .vector_40     0x9d03f700        0x8 /Applications/microchip/xc32/v1.32/bin/bin/../../lib/gcc/pic32mx/4.5.2/../../../../pic32mx/lib/libpic32.a(vector40.o)
                0x9d03f700                __vector_dispatch_40
                0x00000001                ASSERT (((_vector_spacing == 0x0) || (SIZEOF (.vector_40) <= (_vector_spacing << 0x5))), function at exception vector 40 too large)

.vector_41      0x9d03f720        0x8
 *(.vector_41)
 .vector_41     0x9d03f720        0x8 /Applications/microchip/xc32/v1.32/bin/bin/../../lib/gcc/pic32mx/4.5.2/../../../../pic32mx/lib/libpic32.a(vector41.o)
                0x9d03f720                __vector_dispatch_41
                0x00000001                ASSERT (((_vector_spacing == 0x0) || (SIZEOF (.vector_41) <= (_vector_spacing << 0x5))), function at exception vector 41 too large)

.vector_42      0x9d03f740        0x8
 *(.vector_42)
 .vector_42     0x9d03f740        0x8 /Applications/microchip/xc32/v1.32/bin/bin/../../lib/gcc/pic32mx/4.5.2/../../../../pic32mx/lib/libpic32.a(vector42.o)
                0x9d03f740                __vector_dispatch_42
                0x00000001                ASSERT (((_vector_spacing == 0x0) || (SIZEOF (.vector_42) <= (_vector_spacing << 0x5))), function at exception vector 42 too large)

.vector_43      0x9d03f760        0x8
 *(.vector_43)
 .vector_43     0x9d03f760        0x8 /Applications/microchip/xc32/v1.32/bin/bin/../../lib/gcc/pic32mx/4.5.2/../../../../pic32mx/lib/libpic32.a(vector43.o)
                0x9d03f760                __vector_dispatch_43
                0x00000001                ASSERT (((_vector_spacing == 0x0) || (SIZEOF (.vector_43) <= (_vector_spacing << 0x5))), function at exception vector 43 too large)

.vector_44      0x9d03f780        0x8
 *(.vector_44)
 .vector_44     0x9d03f780        0x8 /Applications/microchip/xc32/v1.32/bin/bin/../../lib/gcc/pic32mx/4.5.2/../../../../pic32mx/lib/libpic32.a(vector44.o)
                0x9d03f780                __vector_dispatch_44
                0x00000001                ASSERT (((_vector_spacing == 0x0) || (SIZEOF (.vector_44) <= (_vector_spacing << 0x5))), function at exception vector 44 too large)

.vector_45      0x9d03f7a0        0x8
 *(.vector_45)
 .vector_45     0x9d03f7a0        0x8 /Applications/microchip/xc32/v1.32/bin/bin/../../lib/gcc/pic32mx/4.5.2/../../../../pic32mx/lib/libpic32.a(vector45.o)
                0x9d03f7a0                __vector_dispatch_45
                0x00000001                ASSERT (((_vector_spacing == 0x0) || (SIZEOF (.vector_45) <= (_vector_spacing << 0x5))), function at exception vector 45 too large)

.vector_46      0x9d03f7c0        0x8
 *(.vector_46)
 .vector_46     0x9d03f7c0        0x8 /Applications/microchip/xc32/v1.32/bin/bin/../../lib/gcc/pic32mx/4.5.2/../../../../pic32mx/lib/libpic32.a(vector46.o)
                0x9d03f7c0                __vector_dispatch_46
                0x00000001                ASSERT (((_vector_spacing == 0x0) || (SIZEOF (.vector_46) <= (_vector_spacing << 0x5))), function at exception vector 46 too large)

.vector_47      0x9d03f7e0        0x8
 *(.vector_47)
 .vector_47     0x9d03f7e0        0x8 /Applications/microchip/xc32/v1.32/bin/bin/../../lib/gcc/pic32mx/4.5.2/../../../../pic32mx/lib/libpic32.a(vector47.o)
                0x9d03f7e0                __vector_dispatch_47
                0x00000001                ASSERT (((_vector_spacing == 0x0) || (SIZEOF (.vector_47) <= (_vector_spacing << 0x5))), function at exception vector 47 too large)

.vector_48      0x9d03f800        0x8
 *(.vector_48)
 .vector_48     0x9d03f800        0x8 /Applications/microchip/xc32/v1.32/bin/bin/../../lib/gcc/pic32mx/4.5.2/../../../../pic32mx/lib/libpic32.a(vector48.o)
                0x9d03f800                __vector_dispatch_48
                0x00000001                ASSERT (((_vector_spacing == 0x0) || (SIZEOF (.vector_48) <= (_vector_spacing << 0x5))), function at exception vector 48 too large)

.vector_49      0x9d03f820        0x8
 *(.vector_49)
 .vector_49     0x9d03f820        0x8 /Applications/microchip/xc32/v1.32/bin/bin/../../lib/gcc/pic32mx/4.5.2/../../../../pic32mx/lib/libpic32.a(vector49.o)
                0x9d03f820                __vector_dispatch_49
                0x00000001                ASSERT (((_vector_spacing == 0x0) || (SIZEOF (.vector_49) <= (_vector_spacing << 0x5))), function at exception vector 49 too large)

.vector_50      0x9d03f840        0x8
 *(.vector_50)
 .vector_50     0x9d03f840        0x8 /Applications/microchip/xc32/v1.32/bin/bin/../../lib/gcc/pic32mx/4.5.2/../../../../pic32mx/lib/libpic32.a(vector50.o)
                0x9d03f840                __vector_dispatch_50
                0x00000001                ASSERT (((_vector_spacing == 0x0) || (SIZEOF (.vector_50) <= (_vector_spacing << 0x5))), function at exception vector 50 too large)

.vector_51      0x9d03f860        0x8
 *(.vector_51)
 .vector_51     0x9d03f860        0x8 /Applications/microchip/xc32/v1.32/bin/bin/../../lib/gcc/pic32mx/4.5.2/../../../../pic32mx/lib/libpic32.a(vector51.o)
                0x9d03f860                __vector_dispatch_51
                0x00000001                ASSERT (((_vector_spacing == 0x0) || (SIZEOF (.vector_51) <= (_vector_spacing << 0x5))), function at exception vector 51 too large)

.vector_52      0x9d03f880        0x8
 *(.vector_52)
 .vector_52     0x9d03f880        0x8 /Applications/microchip/xc32/v1.32/bin/bin/../../lib/gcc/pic32mx/4.5.2/../../../../pic32mx/lib/libpic32.a(vector52.o)
                0x9d03f880                __vector_dispatch_52
                0x00000001                ASSERT (((_vector_spacing == 0x0) || (SIZEOF (.vector_52) <= (_vector_spacing << 0x5))), function at exception vector 52 too large)

.vector_53      0x9d03f8a0        0x8
 *(.vector_53)
 .vector_53     0x9d03f8a0        0x8 /Applications/microchip/xc32/v1.32/bin/bin/../../lib/gcc/pic32mx/4.5.2/../../../../pic32mx/lib/libpic32.a(vector53.o)
                0x9d03f8a0                __vector_dispatch_53
                0x00000001                ASSERT (((_vector_spacing == 0x0) || (SIZEOF (.vector_53) <= (_vector_spacing << 0x5))), function at exception vector 53 too large)

.vector_54      0x9d03f8c0        0x8
 *(.vector_54)
 .vector_54     0x9d03f8c0        0x8 /Applications/microchip/xc32/v1.32/bin/bin/../../lib/gcc/pic32mx/4.5.2/../../../../pic32mx/lib/libpic32.a(vector54.o)
                0x9d03f8c0                __vector_dispatch_54
                0x00000001                ASSERT (((_vector_spacing == 0x0) || (SIZEOF (.vector_54) <= (_vector_spacing << 0x5))), function at exception vector 54 too large)

.vector_55      0x9d03f8e0        0x8
 *(.vector_55)
 .vector_55     0x9d03f8e0        0x8 /Applications/microchip/xc32/v1.32/bin/bin/../../lib/gcc/pic32mx/4.5.2/../../../../pic32mx/lib/libpic32.a(vector55.o)
                0x9d03f8e0                __vector_dispatch_55
                0x00000001                ASSERT (((_vector_spacing == 0x0) || (SIZEOF (.vector_55) <= (_vector_spacing << 0x5))), function at exception vector 55 too large)

.vector_56      0x9d03f900        0x8
 *(.vector_56)
 .vector_56     0x9d03f900        0x8 /Applications/microchip/xc32/v1.32/bin/bin/../../lib/gcc/pic32mx/4.5.2/../../../../pic32mx/lib/libpic32.a(vector56.o)
                0x9d03f900                __vector_dispatch_56
                0x00000001                ASSERT (((_vector_spacing == 0x0) || (SIZEOF (.vector_56) <= (_vector_spacing << 0x5))), function at exception vector 56 too large)

.vector_57      0x9d03f920        0x8
 *(.vector_57)
 .vector_57     0x9d03f920        0x8 /Applications/microchip/xc32/v1.32/bin/bin/../../lib/gcc/pic32mx/4.5.2/../../../../pic32mx/lib/libpic32.a(vector57.o)
                0x9d03f920                __vector_dispatch_57
                0x00000001                ASSERT (((_vector_spacing == 0x0) || (SIZEOF (.vector_57) <= (_vector_spacing << 0x5))), function at exception vector 57 too large)

.vector_58      0x9d03f940        0x8
 *(.vector_58)
 .vector_58     0x9d03f940        0x8 /Applications/microchip/xc32/v1.32/bin/bin/../../lib/gcc/pic32mx/4.5.2/../../../../pic32mx/lib/libpic32.a(vector58.o)
                0x9d03f940                __vector_dispatch_58
                0x00000001                ASSERT (((_vector_spacing == 0x0) || (SIZEOF (.vector_58) <= (_vector_spacing << 0x5))), function at exception vector 58 too large)

.vector_59      0x9d03f960        0x8
 *(.vector_59)
 .vector_59     0x9d03f960        0x8 /Applications/microchip/xc32/v1.32/bin/bin/../../lib/gcc/pic32mx/4.5.2/../../../../pic32mx/lib/libpic32.a(vector59.o)
                0x9d03f960                __vector_dispatch_59
                0x00000001                ASSERT (((_vector_spacing == 0x0) || (SIZEOF (.vector_59) <= (_vector_spacing << 0x5))), function at exception vector 59 too large)

.vector_60      0x9d03f980        0x8
 *(.vector_60)
 .vector_60     0x9d03f980        0x8 /Applications/microchip/xc32/v1.32/bin/bin/../../lib/gcc/pic32mx/4.5.2/../../../../pic32mx/lib/libpic32.a(vector60.o)
                0x9d03f980                __vector_dispatch_60
                0x00000001                ASSERT (((_vector_spacing == 0x0) || (SIZEOF (.vector_60) <= (_vector_spacing << 0x5))), function at exception vector 60 too large)

.vector_61      0x9d03f9a0        0x8
 *(.vector_61)
 .vector_61     0x9d03f9a0        0x8 /Applications/microchip/xc32/v1.32/bin/bin/../../lib/gcc/pic32mx/4.5.2/../../../../pic32mx/lib/libpic32.a(vector61.o)
                0x9d03f9a0                __vector_dispatch_61
                0x00000001                ASSERT (((_vector_spacing == 0x0) || (SIZEOF (.vector_61) <= (_vector_spacing << 0x5))), function at exception vector 61 too large)

.vector_62      0x9d03f9c0        0x8
 *(.vector_62)
 .vector_62     0x9d03f9c0        0x8 /Applications/microchip/xc32/v1.32/bin/bin/../../lib/gcc/pic32mx/4.5.2/../../../../pic32mx/lib/libpic32.a(vector62.o)
                0x9d03f9c0                __vector_dispatch_62
                0x00000001                ASSERT (((_vector_spacing == 0x0) || (SIZEOF (.vector_62) <= (_vector_spacing << 0x5))), function at exception vector 62 too large)

.vector_63      0x9d03f9e0        0x8
 *(.vector_63)
 .vector_63     0x9d03f9e0        0x8 /Applications/microchip/xc32/v1.32/bin/bin/../../lib/gcc/pic32mx/4.5.2/../../../../pic32mx/lib/libpic32.a(vector63.o)
                0x9d03f9e0                __vector_dispatch_63
                0x00000001                ASSERT (((_vector_spacing == 0x0) || (SIZEOF (.vector_63) <= (_vector_spacing << 0x5))), function at exception vector 63 too large)

.startup
 *(.startup)

.text           0x9d000000        0x0
 *(.stub .gnu.linkonce.t.*)
 *(.text.*personality*)
 *(.mips16.fn.*)
 *(.mips16.call.*)
 *(.gnu.warning)
                0x9d000000                . = ALIGN (0x4)

.init           0x9d000000        0x0
 *crti.o(.init)
 *crtbegin.o(.init)
 *(EXCLUDE_FILE(*crtn.o *crtend?.o *crtend.o) .init)
 *crtend.o(.init)
 *crtn.o(.init)
                0x9d000000                . = ALIGN (0x4)

.fini           0x9d000000        0x0
 *(.fini)
                0x9d000000                . = ALIGN (0x4)

.preinit_array  0x9d000000        0x0
                0x9d000000                PROVIDE (__preinit_array_start, .)
 *(.preinit_array)
                0x9d000000                PROVIDE (__preinit_array_end, .)
                0x9d000000                . = ALIGN (0x4)

.init_array     0x9d000000        0x0
                0x9d000000                PROVIDE (__init_array_start, .)
 *(SORT(.init_array.*))
 *(.init_array)
                0x9d000000                PROVIDE (__init_array_end, .)
                0x9d000000                . = ALIGN (0x4)

.fini_array     0x9d000000        0x0
                0x9d000000                PROVIDE (__fini_array_start, .)
 *(SORT(.fini_array.*))
 *(.fini_array)
                0x9d000000                PROVIDE (__fini_array_end, .)
                0x9d000000                . = ALIGN (0x4)

.ctors          0x9d000000        0x0
 *crtbegin.o(.ctors)
 *crtbegin?.o(.ctors)
 *(EXCLUDE_FILE(*crtend?.o *crtend.o) .ctors)
 *(SORT(.ctors.*))
 *(.ctors)
                0x9d000000                . = ALIGN (0x4)

.dtors          0x9d000000        0x0
 *crtbegin.o(.dtors)
 *crtbegin?.o(.dtors)
 *(EXCLUDE_FILE(*crtend?.o *crtend.o) .dtors)
 *(SORT(.dtors.*))
 *(.dtors)
                0x9d000000                . = ALIGN (0x4)

.rodata         0x9d000000        0x0
 *(.gnu.linkonce.r.*)
 *(.rodata1)
                0x9d000000                . = ALIGN (0x4)

.sdata2         0x9fc00490        0x0
 *(.sdata2 .sdata2.* .gnu.linkonce.s2.*)
                0x9fc00490                . = ALIGN (0x4)

.sbss2          0x9fc00490        0x0
 *(.sbss2 .sbss2.* .gnu.linkonce.sb2.*)
                0x9fc00490                . = ALIGN (0x4)

.eh_frame_hdr
 *(.eh_frame_hdr)
                0x9fc00490                . = ALIGN (0x4)

.eh_frame
 *(.eh_frame)
                0x9fc00490                . = ALIGN (0x4)

.gcc_except_table
 *(.gcc_except_table .gcc_except_table.*)
                0x9fc00490                . = ALIGN (0x4)

.dbg_data       0xa0000000        0x0
                0xa0000000                . = (. + DEFINED (_DEBUGGER)?0x200:0x0)

.jcr            0xa0000000        0x0
 *(.jcr)
                0xa0000000                . = ALIGN (0x4)

.eh_frame       0xa0000000       0x30
 *(.eh_frame)
 .eh_frame      0xa0000000       0x20 /Applications/microchip/xc32/v1.32/bin/bin/../../lib/gcc/pic32mx/4.5.2/libgcc.a(_udivdi3.o)
 .eh_frame      0xa0000020       0x10 /Applications/microchip/xc32/v1.32/bin/bin/../../lib/gcc/pic32mx/4.5.2/libgcc.a(_umoddi3.o)
                0xa0000030                . = ALIGN (0x4)

.gcc_except_table
 *(.gcc_except_table .gcc_except_table.*)
                0xa0000030                . = ALIGN (0x4)

.persist        0xa0000030        0x0
                0xa0000030                _persist_begin = .
 *(.persist .persist.*)
 *(.pbss .pbss.*)
                0xa0000030                . = ALIGN (0x4)
                0xa0000030                _persist_end = .

.data           0xa0000030        0x0
 *(.gnu.linkonce.d.*)
 *(.data1)
                0xa0000030                . = ALIGN (0x4)
                0xa0000030                . = .
                0xa0008020                _gp = (ALIGN (0x10) + 0x7ff0)

.got            0xa0000030        0x0
 *(.got.plt)
 *(.got)
                0xa0000030                . = ALIGN (0x4)

.sdata          0xa0000030       0x14
                0xa0000030                _sdata_begin = .
 *(.sdata .sdata.* .gnu.linkonce.s.*)
 .sdata         0xa0000030        0x4 build/EXPLORER_16_PIC32MX270F256D/production/_ext/332309696/port.o
                0xa0000030                uxInterruptNesting
 .sdata         0xa0000034        0x4 build/EXPLORER_16_PIC32MX270F256D/production/_ext/1163846883/IntQueue.o
 .sdata         0xa0000038        0x8 build/EXPLORER_16_PIC32MX270F256D/production/_ext/1472/main_full.o
 .sdata         0xa0000040        0x4 /Applications/microchip/xc32/v1.32/bin/bin/../../lib/gcc/pic32mx/4.5.2/../../../../pic32mx/lib/libc.a(_iob.o)
                0xa0000040                _Files
                0xa0000044                . = ALIGN (0x4)
                0xa0000044                _sdata_end = .

.lit8
 *(.lit8)

.lit4
 *(.lit4)
                0xa0000044                . = ALIGN (0x4)
                0xa0000044                _data_end = .
                0xa0000044                _bss_begin = .

.sbss           0xa0000044      0x16c
                0xa0000044                _sbss_begin = .
 *(.dynsbss)
 *(.sbss .sbss.* .gnu.linkonce.sb.*)
 .sbss          0xa0000044        0x4 build/EXPLORER_16_PIC32MX270F256D/production/_ext/332309696/port.o
                0xa0000044                uxSavedTaskStackPointer
 .sbss          0xa0000048       0x38 build/EXPLORER_16_PIC32MX270F256D/production/_ext/449926602/tasks.o
                0xa0000048                pxCurrentTCB
 .sbss          0xa0000080       0x10 build/EXPLORER_16_PIC32MX270F256D/production/_ext/449926602/timers.o
 .sbss          0xa0000090       0x18 build/EXPLORER_16_PIC32MX270F256D/production/_ext/1884096877/heap_4.o
 .sbss          0xa00000a8       0x20 build/EXPLORER_16_PIC32MX270F256D/production/_ext/1163846883/blocktim.o
 .sbss          0xa00000c8        0x8 build/EXPLORER_16_PIC32MX270F256D/production/_ext/1163846883/comtest.o
 .sbss          0xa00000d0       0x14 build/EXPLORER_16_PIC32MX270F256D/production/_ext/1163846883/semtest.o
 .sbss          0xa00000e4        0xc build/EXPLORER_16_PIC32MX270F256D/production/_ext/1163846883/QPeek.o
 .sbss          0xa00000f0       0x40 build/EXPLORER_16_PIC32MX270F256D/production/_ext/1163846883/IntQueue.o
                0xa00000f0                uxValueForNormallyEmptyQueue
                0xa00000f4                uxValueForNormallyFullQueue
 .sbss          0xa0000130       0x20 build/EXPLORER_16_PIC32MX270F256D/production/_ext/1163846883/GenQTest.o
 .sbss          0xa0000150       0x14 build/EXPLORER_16_PIC32MX270F256D/production/_ext/821501661/serial.o
 .sbss          0xa0000164        0xc build/EXPLORER_16_PIC32MX270F256D/production/_ext/1472/timertest.o
                0xa0000164                ulHighFrequencyTimerInterrupts
 .sbss          0xa0000170        0x4 build/EXPLORER_16_PIC32MX270F256D/production/_ext/1472/main_blinky.o
 .sbss          0xa0000174       0x18 build/EXPLORER_16_PIC32MX270F256D/production/_ext/1472/main_full.o
                0xa0000174                ulRegTest1Cycles
                0xa0000178                ulRegTest2Cycles
 .sbss          0xa000018c        0x1 /Applications/microchip/xc32/v1.32/bin/bin/../../lib/gcc/pic32mx/4.5.2/../../../../pic32mx/lib/libc.a(_iob.o)
                0xa000018c                _outdone
 *(.scommon)
 *fill*         0xa000018d        0x3 
 .scommon       0xa0000190        0xc build/EXPLORER_16_PIC32MX270F256D/production/_ext/1163846883/QPeek.o
                0xa0000190                xHighPriorityTask
                0xa0000194                xMediumPriorityTask
                0xa0000198                xHighestPriorityTask
 .scommon       0xa000019c       0x10 build/EXPLORER_16_PIC32MX270F256D/production/_ext/1163846883/IntQueue.o
                0xa000019c                xHighPriorityNormallyEmptyTask2
                0xa00001a0                xHighPriorityNormallyFullTask1
                0xa00001a4                xHighPriorityNormallyEmptyTask1
                0xa00001a8                xHighPriorityNormallyFullTask2
 .scommon       0xa00001ac        0x4 build/EXPLORER_16_PIC32MX270F256D/production/_ext/1472/lcd.o
                0xa00001ac                xLCDQueue
                0xa00001b0                _sbss_end = .
                0xa00001b0                . = ALIGN (0x4)

.bss            0xa00001b0        0x0
 *(.dynbss)
 *(COMMON)
                0xa00001b0                . = ALIGN ((. != 0x0)?0x4:0x1)
                0xa00001b0                . = ALIGN (0x4)
                0xa00001b0                _end = .
                0xa00001b0                _bss_end = .
                0x00010000                _bmxdudba_address = 0x10000
                0x00010000                _bmxdupba_address = 0x10000

/DISCARD/
 *(.pdr)
 *(.rel.dyn)
 *(.note.GNU-stack)
 *(.note.GNU-stack)
 *(.gnu_debuglink)
 *(.gnu.lto_*)
 *(.discard)

.gptab.sdata
 *(.gptab.data)
 *(.gptab.sdata)

.gptab.sbss
 *(.gptab.bss)
 *(.gptab.sbss)

.mdebug.abi32   0xa00001b0        0x0
 *(.mdebug.abi32)
 .mdebug.abi32  0xa00001b0        0x0 build/EXPLORER_16_PIC32MX270F256D/production/_ext/332309696/port.o
 .mdebug.abi32  0xa00001b0        0x0 build/EXPLORER_16_PIC32MX270F256D/production/_ext/449926602/queue.o
 .mdebug.abi32  0xa00001b0        0x0 build/EXPLORER_16_PIC32MX270F256D/production/_ext/449926602/tasks.o
 .mdebug.abi32  0xa00001b0        0x0 build/EXPLORER_16_PIC32MX270F256D/production/_ext/449926602/list.o
 .mdebug.abi32  0xa00001b0        0x0 build/EXPLORER_16_PIC32MX270F256D/production/_ext/449926602/timers.o
 .mdebug.abi32  0xa00001b0        0x0 build/EXPLORER_16_PIC32MX270F256D/production/_ext/1884096877/heap_4.o
 .mdebug.abi32  0xa00001b0        0x0 build/EXPLORER_16_PIC32MX270F256D/production/_ext/1163846883/blocktim.o
 .mdebug.abi32  0xa00001b0        0x0 build/EXPLORER_16_PIC32MX270F256D/production/_ext/1163846883/comtest.o
 .mdebug.abi32  0xa00001b0        0x0 build/EXPLORER_16_PIC32MX270F256D/production/_ext/1163846883/semtest.o
 .mdebug.abi32  0xa00001b0        0x0 build/EXPLORER_16_PIC32MX270F256D/production/_ext/1163846883/QPeek.o
 .mdebug.abi32  0xa00001b0        0x0 build/EXPLORER_16_PIC32MX270F256D/production/_ext/1163846883/IntQueue.o
 .mdebug.abi32  0xa00001b0        0x0 build/EXPLORER_16_PIC32MX270F256D/production/_ext/1163846883/GenQTest.o
 .mdebug.abi32  0xa00001b0        0x0 build/EXPLORER_16_PIC32MX270F256D/production/_ext/1163846883/flash_timer.o
 .mdebug.abi32  0xa00001b0        0x0 build/EXPLORER_16_PIC32MX270F256D/production/_ext/1472/main.o
 .mdebug.abi32  0xa00001b0        0x0 build/EXPLORER_16_PIC32MX270F256D/production/_ext/1472/lcd.o
 .mdebug.abi32  0xa00001b0        0x0 build/EXPLORER_16_PIC32MX270F256D/production/_ext/821501661/serial.o
 .mdebug.abi32  0xa00001b0        0x0 build/EXPLORER_16_PIC32MX270F256D/production/_ext/1472/timertest.o
 .mdebug.abi32  0xa00001b0        0x0 build/EXPLORER_16_PIC32MX270F256D/production/_ext/1472/IntQueueTimer.o
 .mdebug.abi32  0xa00001b0        0x0 build/EXPLORER_16_PIC32MX270F256D/production/_ext/1472/printf-stdarg.o
 .mdebug.abi32  0xa00001b0        0x0 build/EXPLORER_16_PIC32MX270F256D/production/_ext/1472/main_blinky.o
 .mdebug.abi32  0xa00001b0        0x0 build/EXPLORER_16_PIC32MX270F256D/production/_ext/1472/main_full.o
 .mdebug.abi32  0xa00001b0        0x0 build/EXPLORER_16_PIC32MX270F256D/production/_ext/1472/ConfigPerformance.o
 .mdebug.abi32  0xa00001b0        0x0 build/EXPLORER_16_PIC32MX270F256D/production/_ext/809743516/ParTest_Explorer16.o
 .mdebug.abi32  0xa00001b0        0x0 /Applications/microchip/xc32/v1.32/bin/bin/../../lib/gcc/pic32mx/4.5.2/../../../../pic32mx/lib/libmchp_peripheral_32MX270F256D.a(int_configure_system_lib.o)
 .mdebug.abi32  0xa00001b0        0x0 /Applications/microchip/xc32/v1.32/bin/bin/../../lib/gcc/pic32mx/4.5.2/../../../../pic32mx/lib/libmchp_peripheral_32MX270F256D.a(int_enable_interrupts_lib.o)
 .mdebug.abi32  0xa00001b0        0x0 /Applications/microchip/xc32/v1.32/bin/bin/../../lib/gcc/pic32mx/4.5.2/../../../../pic32mx/lib/libmchp_peripheral_32MX270F256D.a(int_disable_interrupts_lib.o)
 .mdebug.abi32  0xa00001b0        0x0 /Applications/microchip/xc32/v1.32/bin/bin/../../lib/gcc/pic32mx/4.5.2/../../../../pic32mx/lib/libmchp_peripheral_32MX270F256D.a(int_restore_interrupts_lib.o)
 .mdebug.abi32  0xa00001b0        0x0 /Applications/microchip/xc32/v1.32/bin/bin/../../lib/gcc/pic32mx/4.5.2/../../../../pic32mx/lib/libmchp_peripheral_32MX270F256D.a(int_tbl_lib.o)
 .mdebug.abi32  0xa00001b0        0x0 /Applications/microchip/xc32/v1.32/bin/bin/../../lib/gcc/pic32mx/4.5.2/../../../../pic32mx/lib/libmchp_peripheral_32MX270F256D.a(uart_lib.o)
 .mdebug.abi32  0xa00001b0        0x0 /Applications/microchip/xc32/v1.32/bin/bin/../../lib/gcc/pic32mx/4.5.2/../../../../pic32mx/lib/libpic32.a(default-bootstrap-exception-handler.o)
 .mdebug.abi32  0xa00001b0        0x0 /Applications/microchip/xc32/v1.32/bin/bin/../../lib/gcc/pic32mx/4.5.2/../../../../pic32mx/lib/libpic32.a(default-on-reset.o)
 .mdebug.abi32  0xa00001b0        0x0 /Applications/microchip/xc32/v1.32/bin/bin/../../lib/gcc/pic32mx/4.5.2/../../../../pic32mx/lib/libpic32.a(default-on-bootstrap.o)
 .mdebug.abi32  0xa00001b0        0x0 /Applications/microchip/xc32/v1.32/bin/bin/../../lib/gcc/pic32mx/4.5.2/../../../../pic32mx/lib/libpic32.a(defaultinterrupt.o)
 .mdebug.abi32  0xa00001b0        0x0 /Applications/microchip/xc32/v1.32/bin/bin/../../lib/gcc/pic32mx/4.5.2/../../../../pic32mx/lib/libc.a(putchar.o)
 .mdebug.abi32  0xa00001b0        0x0 /Applications/microchip/xc32/v1.32/bin/bin/../../lib/gcc/pic32mx/4.5.2/../../../../pic32mx/lib/libc.a(sprintf_cdnopuxX.eo)
 .mdebug.abi32  0xa00001b0        0x0 /Applications/microchip/xc32/v1.32/bin/bin/../../lib/gcc/pic32mx/4.5.2/../../../../pic32mx/lib/libc.a(_iob.o)
 .mdebug.abi32  0xa00001b0        0x0 /Applications/microchip/xc32/v1.32/bin/bin/../../lib/gcc/pic32mx/4.5.2/../../../../pic32mx/lib/libc.a(_fputc_simple.o)
 .mdebug.abi32  0xa00001b0        0x0 /Applications/microchip/xc32/v1.32/bin/bin/../../lib/gcc/pic32mx/4.5.2/../../../../pic32mx/lib/libc.a(doprnt_cdnopuxX.eo)
 .mdebug.abi32  0xa00001b0        0x0 /Applications/microchip/xc32/v1.32/bin/bin/../../lib/gcc/pic32mx/4.5.2/../../../../pic32mx/lib/libc.a(_flsbuf_simple.o)
 .mdebug.abi32  0xa00001b0        0x0 /Applications/microchip/xc32/v1.32/bin/bin/../../lib/gcc/pic32mx/4.5.2/../../../../pic32mx/lib/libc.a(ctype.o)
 .mdebug.abi32  0xa00001b0        0x0 /Applications/microchip/xc32/v1.32/bin/bin/../../lib/gcc/pic32mx/4.5.2/libgcc.a(_udivdi3.o)
 .mdebug.abi32  0xa00001b0        0x0 /Applications/microchip/xc32/v1.32/bin/bin/../../lib/gcc/pic32mx/4.5.2/libgcc.a(_umoddi3.o)

.mdebug.abiN32
 *(.mdebug.abiN32)

.mdebug.abi64
 *(.mdebug.abi64)

.mdebug.abiO64
 *(.mdebug.abiO64)

.mdebug.eabi32
 *(.mdebug.eabi32)

.mdebug.eabi64
 *(.mdebug.eabi64)

.gcc_compiled_long32
 *(.gcc_compiled_long32)

.gcc_compiled_long64
 *(.gcc_compiled_long64)

.stab
 *(.stab)

.stabstr
 *(.stabstr)

.stab.excl
 *(.stab.excl)

.stab.exclstr
 *(.stab.exclstr)

.stab.index
 *(.stab.index)

.stab.indexstr
 *(.stab.indexstr)

.comment        0x00000000       0xf6
 *(.comment)
 .comment       0x00000000       0x3c build/EXPLORER_16_PIC32MX270F256D/production/_ext/332309696/port.o
                                 0x3d (size before relaxing)
 .comment       0x00000000       0x3d build/EXPLORER_16_PIC32MX270F256D/production/_ext/449926602/queue.o
 .comment       0x00000000       0x3d build/EXPLORER_16_PIC32MX270F256D/production/_ext/449926602/tasks.o
 .comment       0x00000000       0x3d build/EXPLORER_16_PIC32MX270F256D/production/_ext/449926602/list.o
 .comment       0x00000000       0x3d build/EXPLORER_16_PIC32MX270F256D/production/_ext/449926602/timers.o
 .comment       0x00000000       0x3d build/EXPLORER_16_PIC32MX270F256D/production/_ext/1884096877/heap_4.o
 .comment       0x00000000       0x3d build/EXPLORER_16_PIC32MX270F256D/production/_ext/1163846883/blocktim.o
 .comment       0x00000000       0x3d build/EXPLORER_16_PIC32MX270F256D/production/_ext/1163846883/comtest.o
 .comment       0x00000000       0x3d build/EXPLORER_16_PIC32MX270F256D/production/_ext/1163846883/semtest.o
 .comment       0x00000000       0x3d build/EXPLORER_16_PIC32MX270F256D/production/_ext/1163846883/QPeek.o
 .comment       0x00000000       0x3d build/EXPLORER_16_PIC32MX270F256D/production/_ext/1163846883/IntQueue.o
 .comment       0x00000000       0x3d build/EXPLORER_16_PIC32MX270F256D/production/_ext/1163846883/GenQTest.o
 .comment       0x00000000       0x3d build/EXPLORER_16_PIC32MX270F256D/production/_ext/1163846883/flash_timer.o
 .comment       0x00000000       0x3d build/EXPLORER_16_PIC32MX270F256D/production/_ext/1472/main.o
 .comment       0x00000000       0x3d build/EXPLORER_16_PIC32MX270F256D/production/_ext/1472/lcd.o
 .comment       0x00000000       0x3d build/EXPLORER_16_PIC32MX270F256D/production/_ext/821501661/serial.o
 .comment       0x00000000       0x3d build/EXPLORER_16_PIC32MX270F256D/production/_ext/1472/timertest.o
 .comment       0x00000000       0x3d build/EXPLORER_16_PIC32MX270F256D/production/_ext/1472/IntQueueTimer.o
 .comment       0x00000000       0x3d build/EXPLORER_16_PIC32MX270F256D/production/_ext/1472/printf-stdarg.o
 .comment       0x00000000       0x3d build/EXPLORER_16_PIC32MX270F256D/production/_ext/1472/main_blinky.o
 .comment       0x00000000       0x3d build/EXPLORER_16_PIC32MX270F256D/production/_ext/1472/main_full.o
 .comment       0x00000000       0x3d build/EXPLORER_16_PIC32MX270F256D/production/_ext/1472/ConfigPerformance.o
 .comment       0x00000000       0x3d build/EXPLORER_16_PIC32MX270F256D/production/_ext/809743516/ParTest_Explorer16.o
 .comment       0x0000003c       0x3c /Applications/microchip/xc32/v1.32/bin/bin/../../lib/gcc/pic32mx/4.5.2/../../../../pic32mx/lib/libmchp_peripheral_32MX270F256D.a(int_configure_system_lib.o)
                                 0x3d (size before relaxing)
 .comment       0x00000000       0x3d /Applications/microchip/xc32/v1.32/bin/bin/../../lib/gcc/pic32mx/4.5.2/../../../../pic32mx/lib/libmchp_peripheral_32MX270F256D.a(int_enable_interrupts_lib.o)
 .comment       0x00000000       0x3d /Applications/microchip/xc32/v1.32/bin/bin/../../lib/gcc/pic32mx/4.5.2/../../../../pic32mx/lib/libmchp_peripheral_32MX270F256D.a(int_disable_interrupts_lib.o)
 .comment       0x00000000       0x3d /Applications/microchip/xc32/v1.32/bin/bin/../../lib/gcc/pic32mx/4.5.2/../../../../pic32mx/lib/libmchp_peripheral_32MX270F256D.a(int_restore_interrupts_lib.o)
 .comment       0x00000000       0x3d /Applications/microchip/xc32/v1.32/bin/bin/../../lib/gcc/pic32mx/4.5.2/../../../../pic32mx/lib/libmchp_peripheral_32MX270F256D.a(int_tbl_lib.o)
 .comment       0x00000000       0x3d /Applications/microchip/xc32/v1.32/bin/bin/../../lib/gcc/pic32mx/4.5.2/../../../../pic32mx/lib/libmchp_peripheral_32MX270F256D.a(uart_lib.o)
 .comment       0x00000078       0x18 /Applications/microchip/xc32/v1.32/bin/bin/../../lib/gcc/pic32mx/4.5.2/../../../../pic32mx/lib/libpic32.a(memcmp.o)
                                 0x19 (size before relaxing)
 .comment       0x00000090       0x18 /Applications/microchip/xc32/v1.32/bin/bin/../../lib/gcc/pic32mx/4.5.2/../../../../pic32mx/lib/libpic32.a(memset.o)
                                 0x19 (size before relaxing)
 .comment       0x00000000       0x3d /Applications/microchip/xc32/v1.32/bin/bin/../../lib/gcc/pic32mx/4.5.2/../../../../pic32mx/lib/libpic32.a(default-bootstrap-exception-handler.o)
 .comment       0x00000000       0x3d /Applications/microchip/xc32/v1.32/bin/bin/../../lib/gcc/pic32mx/4.5.2/../../../../pic32mx/lib/libpic32.a(default-on-reset.o)
 .comment       0x00000000       0x3d /Applications/microchip/xc32/v1.32/bin/bin/../../lib/gcc/pic32mx/4.5.2/../../../../pic32mx/lib/libpic32.a(default-on-bootstrap.o)
 .comment       0x00000000       0x3d /Applications/microchip/xc32/v1.32/bin/bin/../../lib/gcc/pic32mx/4.5.2/../../../../pic32mx/lib/libpic32.a(defaultinterrupt.o)
 .comment       0x00000000       0x3d /Applications/microchip/xc32/v1.32/bin/bin/../../lib/gcc/pic32mx/4.5.2/../../../../pic32mx/lib/libc.a(putchar.o)
 .comment       0x00000000       0x3d /Applications/microchip/xc32/v1.32/bin/bin/../../lib/gcc/pic32mx/4.5.2/../../../../pic32mx/lib/libc.a(sprintf_cdnopuxX.eo)
 .comment       0x00000000       0x3d /Applications/microchip/xc32/v1.32/bin/bin/../../lib/gcc/pic32mx/4.5.2/../../../../pic32mx/lib/libc.a(_iob.o)
 .comment       0x00000000       0x3d /Applications/microchip/xc32/v1.32/bin/bin/../../lib/gcc/pic32mx/4.5.2/../../../../pic32mx/lib/libc.a(_fputc_simple.o)
 .comment       0x00000000       0x3d /Applications/microchip/xc32/v1.32/bin/bin/../../lib/gcc/pic32mx/4.5.2/../../../../pic32mx/lib/libc.a(doprnt_cdnopuxX.eo)
 .comment       0x00000000       0x3d /Applications/microchip/xc32/v1.32/bin/bin/../../lib/gcc/pic32mx/4.5.2/../../../../pic32mx/lib/libc.a(_flsbuf_simple.o)
 .comment       0x000000a8       0x4e /Applications/microchip/xc32/v1.32/bin/bin/../../lib/gcc/pic32mx/4.5.2/../../../../pic32mx/lib/libc.a(ctype.o)
                                 0x8b (size before relaxing)
 .comment       0x00000000       0x3d /Applications/microchip/xc32/v1.32/bin/bin/../../lib/gcc/pic32mx/4.5.2/libgcc.a(_udivdi3.o)
 .comment       0x00000000       0x3d /Applications/microchip/xc32/v1.32/bin/bin/../../lib/gcc/pic32mx/4.5.2/libgcc.a(_umoddi3.o)

.debug
 *(.debug)

.line
 *(.line)

.debug_srcinfo
 *(.debug_srcinfo)

.debug_sfnames
 *(.debug_sfnames)

.debug_aranges  0x00000000      0x618
 *(.debug_aranges)
 .debug_aranges
                0x00000000       0x20 build/EXPLORER_16_PIC32MX270F256D/production/_ext/332309696/port.o
 .debug_aranges
                0x00000020       0x20 build/EXPLORER_16_PIC32MX270F256D/production/_ext/332309696/port_asm.o
 .debug_aranges
                0x00000040       0x20 build/EXPLORER_16_PIC32MX270F256D/production/_ext/449926602/queue.o
 .debug_aranges
                0x00000060       0x20 build/EXPLORER_16_PIC32MX270F256D/production/_ext/449926602/tasks.o
 .debug_aranges
                0x00000080       0x20 build/EXPLORER_16_PIC32MX270F256D/production/_ext/449926602/list.o
 .debug_aranges
                0x000000a0       0x20 build/EXPLORER_16_PIC32MX270F256D/production/_ext/449926602/timers.o
 .debug_aranges
                0x000000c0       0x20 build/EXPLORER_16_PIC32MX270F256D/production/_ext/1884096877/heap_4.o
 .debug_aranges
                0x000000e0       0x20 build/EXPLORER_16_PIC32MX270F256D/production/_ext/1163846883/blocktim.o
 .debug_aranges
                0x00000100       0x20 build/EXPLORER_16_PIC32MX270F256D/production/_ext/1163846883/comtest.o
 .debug_aranges
                0x00000120       0x20 build/EXPLORER_16_PIC32MX270F256D/production/_ext/1163846883/semtest.o
 .debug_aranges
                0x00000140       0x20 build/EXPLORER_16_PIC32MX270F256D/production/_ext/1163846883/QPeek.o
 .debug_aranges
                0x00000160       0x20 build/EXPLORER_16_PIC32MX270F256D/production/_ext/1163846883/IntQueue.o
 .debug_aranges
                0x00000180       0x20 build/EXPLORER_16_PIC32MX270F256D/production/_ext/1163846883/GenQTest.o
 .debug_aranges
                0x000001a0       0x20 build/EXPLORER_16_PIC32MX270F256D/production/_ext/1163846883/flash_timer.o
 .debug_aranges
                0x000001c0       0x20 build/EXPLORER_16_PIC32MX270F256D/production/_ext/1472/main.o
 .debug_aranges
                0x000001e0       0x20 build/EXPLORER_16_PIC32MX270F256D/production/_ext/1472/RegisterTestTasks.o
 .debug_aranges
                0x00000200       0x20 build/EXPLORER_16_PIC32MX270F256D/production/_ext/1472/lcd.o
 .debug_aranges
                0x00000220       0x20 build/EXPLORER_16_PIC32MX270F256D/production/_ext/821501661/serial.o
 .debug_aranges
                0x00000240       0x20 build/EXPLORER_16_PIC32MX270F256D/production/_ext/821501661/serial_isr.o
 .debug_aranges
                0x00000260       0x20 build/EXPLORER_16_PIC32MX270F256D/production/_ext/1472/timertest.o
 .debug_aranges
                0x00000280       0x20 build/EXPLORER_16_PIC32MX270F256D/production/_ext/1472/timertest_isr.o
 .debug_aranges
                0x000002a0       0x20 build/EXPLORER_16_PIC32MX270F256D/production/_ext/1472/IntQueueTimer.o
 .debug_aranges
                0x000002c0       0x20 build/EXPLORER_16_PIC32MX270F256D/production/_ext/1472/IntQueueTimer_isr.o
 .debug_aranges
                0x000002e0       0x20 build/EXPLORER_16_PIC32MX270F256D/production/_ext/1472/printf-stdarg.o
 .debug_aranges
                0x00000300       0x20 build/EXPLORER_16_PIC32MX270F256D/production/_ext/1472/main_blinky.o
 .debug_aranges
                0x00000320       0x20 build/EXPLORER_16_PIC32MX270F256D/production/_ext/1472/main_full.o
 .debug_aranges
                0x00000340       0x20 build/EXPLORER_16_PIC32MX270F256D/production/_ext/1472/ConfigPerformance.o
 .debug_aranges
                0x00000360       0x20 build/EXPLORER_16_PIC32MX270F256D/production/_ext/809743516/ParTest_Explorer16.o
 .debug_aranges
                0x00000380       0x20 /Applications/microchip/xc32/v1.32/bin/bin/../../lib/gcc/pic32mx/4.5.2/../../../../pic32mx/lib/libmchp_peripheral_32MX270F256D.a(int_configure_system_lib.o)
 .debug_aranges
                0x000003a0       0x20 /Applications/microchip/xc32/v1.32/bin/bin/../../lib/gcc/pic32mx/4.5.2/../../../../pic32mx/lib/libmchp_peripheral_32MX270F256D.a(int_enable_interrupts_lib.o)
 .debug_aranges
                0x000003c0       0x20 /Applications/microchip/xc32/v1.32/bin/bin/../../lib/gcc/pic32mx/4.5.2/../../../../pic32mx/lib/libmchp_peripheral_32MX270F256D.a(int_disable_interrupts_lib.o)
 .debug_aranges
                0x000003e0       0x20 /Applications/microchip/xc32/v1.32/bin/bin/../../lib/gcc/pic32mx/4.5.2/../../../../pic32mx/lib/libmchp_peripheral_32MX270F256D.a(int_restore_interrupts_lib.o)
 .debug_aranges
                0x00000400       0x60 /Applications/microchip/xc32/v1.32/bin/bin/../../lib/gcc/pic32mx/4.5.2/../../../../pic32mx/lib/libmchp_peripheral_32MX270F256D.a(int_tbl_lib.o)
 .debug_aranges
                0x00000460       0x58 /Applications/microchip/xc32/v1.32/bin/bin/../../lib/gcc/pic32mx/4.5.2/../../../../pic32mx/lib/libmchp_peripheral_32MX270F256D.a(uart_lib.o)
 .debug_aranges
                0x000004b8       0x20 /Applications/microchip/xc32/v1.32/bin/bin/../../lib/gcc/pic32mx/4.5.2/../../../../pic32mx/lib/libpic32.a(default-bootstrap-exception-handler.o)
 .debug_aranges
                0x000004d8       0x20 /Applications/microchip/xc32/v1.32/bin/bin/../../lib/gcc/pic32mx/4.5.2/../../../../pic32mx/lib/libpic32.a(default-on-reset.o)
 .debug_aranges
                0x000004f8       0x20 /Applications/microchip/xc32/v1.32/bin/bin/../../lib/gcc/pic32mx/4.5.2/../../../../pic32mx/lib/libpic32.a(default-on-bootstrap.o)
 .debug_aranges
                0x00000518       0x20 /Applications/microchip/xc32/v1.32/bin/bin/../../lib/gcc/pic32mx/4.5.2/../../../../pic32mx/lib/libpic32.a(defaultinterrupt.o)
 .debug_aranges
                0x00000538       0x20 /Applications/microchip/xc32/v1.32/bin/bin/../../lib/gcc/pic32mx/4.5.2/../../../../pic32mx/lib/libc.a(putchar.o)
 .debug_aranges
                0x00000558       0x20 /Applications/microchip/xc32/v1.32/bin/bin/../../lib/gcc/pic32mx/4.5.2/../../../../pic32mx/lib/libc.a(sprintf_cdnopuxX.eo)
 .debug_aranges
                0x00000578       0x20 /Applications/microchip/xc32/v1.32/bin/bin/../../lib/gcc/pic32mx/4.5.2/../../../../pic32mx/lib/libc.a(_fputc_simple.o)
 .debug_aranges
                0x00000598       0x20 /Applications/microchip/xc32/v1.32/bin/bin/../../lib/gcc/pic32mx/4.5.2/../../../../pic32mx/lib/libc.a(doprnt_cdnopuxX.eo)
 .debug_aranges
                0x000005b8       0x20 /Applications/microchip/xc32/v1.32/bin/bin/../../lib/gcc/pic32mx/4.5.2/../../../../pic32mx/lib/libc.a(_flsbuf_simple.o)
 .debug_aranges
                0x000005d8       0x20 /Applications/microchip/xc32/v1.32/bin/bin/../../lib/gcc/pic32mx/4.5.2/libgcc.a(_udivdi3.o)
 .debug_aranges
                0x000005f8       0x20 /Applications/microchip/xc32/v1.32/bin/bin/../../lib/gcc/pic32mx/4.5.2/libgcc.a(_umoddi3.o)

.debug_pubnames
                0x00000000     0x13a3
 *(.debug_pubnames)
 .debug_pubnames
                0x00000000      0x130 build/EXPLORER_16_PIC32MX270F256D/production/_ext/332309696/port.o
 .debug_pubnames
                0x00000130      0x20b build/EXPLORER_16_PIC32MX270F256D/production/_ext/449926602/queue.o
 .debug_pubnames
                0x0000033b      0x42f build/EXPLORER_16_PIC32MX270F256D/production/_ext/449926602/tasks.o
 .debug_pubnames
                0x0000076a       0x72 build/EXPLORER_16_PIC32MX270F256D/production/_ext/449926602/list.o
 .debug_pubnames
                0x000007dc       0xb1 build/EXPLORER_16_PIC32MX270F256D/production/_ext/449926602/timers.o
 .debug_pubnames
                0x0000088d       0x88 build/EXPLORER_16_PIC32MX270F256D/production/_ext/1884096877/heap_4.o
 .debug_pubnames
                0x00000915       0x53 build/EXPLORER_16_PIC32MX270F256D/production/_ext/1163846883/blocktim.o
 .debug_pubnames
                0x00000968       0x4d build/EXPLORER_16_PIC32MX270F256D/production/_ext/1163846883/comtest.o
 .debug_pubnames
                0x000009b5       0x4e build/EXPLORER_16_PIC32MX270F256D/production/_ext/1163846883/semtest.o
 .debug_pubnames
                0x00000a03       0x95 build/EXPLORER_16_PIC32MX270F256D/production/_ext/1163846883/QPeek.o
 .debug_pubnames
                0x00000a98      0x150 build/EXPLORER_16_PIC32MX270F256D/production/_ext/1163846883/IntQueue.o
 .debug_pubnames
                0x00000be8       0x54 build/EXPLORER_16_PIC32MX270F256D/production/_ext/1163846883/GenQTest.o
 .debug_pubnames
                0x00000c3c       0x2b build/EXPLORER_16_PIC32MX270F256D/production/_ext/1163846883/flash_timer.o
 .debug_pubnames
                0x00000c67       0xc1 build/EXPLORER_16_PIC32MX270F256D/production/_ext/1472/main.o
 .debug_pubnames
                0x00000d28       0x32 build/EXPLORER_16_PIC32MX270F256D/production/_ext/1472/lcd.o
 .debug_pubnames
                0x00000d5a       0x7c build/EXPLORER_16_PIC32MX270F256D/production/_ext/821501661/serial.o
 .debug_pubnames
                0x00000dd6       0x61 build/EXPLORER_16_PIC32MX270F256D/production/_ext/1472/timertest.o
 .debug_pubnames
                0x00000e37       0x66 build/EXPLORER_16_PIC32MX270F256D/production/_ext/1472/IntQueueTimer.o
 .debug_pubnames
                0x00000e9d       0x40 build/EXPLORER_16_PIC32MX270F256D/production/_ext/1472/printf-stdarg.o
 .debug_pubnames
                0x00000edd       0x22 build/EXPLORER_16_PIC32MX270F256D/production/_ext/1472/main_blinky.o
 .debug_pubnames
                0x00000eff       0x4a build/EXPLORER_16_PIC32MX270F256D/production/_ext/1472/main_full.o
 .debug_pubnames
                0x00000f49       0x5c build/EXPLORER_16_PIC32MX270F256D/production/_ext/1472/ConfigPerformance.o
 .debug_pubnames
                0x00000fa5       0x52 build/EXPLORER_16_PIC32MX270F256D/production/_ext/809743516/ParTest_Explorer16.o
 .debug_pubnames
                0x00000ff7       0x29 /Applications/microchip/xc32/v1.32/bin/bin/../../lib/gcc/pic32mx/4.5.2/../../../../pic32mx/lib/libmchp_peripheral_32MX270F256D.a(int_configure_system_lib.o)
 .debug_pubnames
                0x00001020       0x2a /Applications/microchip/xc32/v1.32/bin/bin/../../lib/gcc/pic32mx/4.5.2/../../../../pic32mx/lib/libmchp_peripheral_32MX270F256D.a(int_enable_interrupts_lib.o)
 .debug_pubnames
                0x0000104a       0x2b /Applications/microchip/xc32/v1.32/bin/bin/../../lib/gcc/pic32mx/4.5.2/../../../../pic32mx/lib/libmchp_peripheral_32MX270F256D.a(int_disable_interrupts_lib.o)
 .debug_pubnames
                0x00001075       0x2b /Applications/microchip/xc32/v1.32/bin/bin/../../lib/gcc/pic32mx/4.5.2/../../../../pic32mx/lib/libmchp_peripheral_32MX270F256D.a(int_restore_interrupts_lib.o)
 .debug_pubnames
                0x000010a0       0xca /Applications/microchip/xc32/v1.32/bin/bin/../../lib/gcc/pic32mx/4.5.2/../../../../pic32mx/lib/libmchp_peripheral_32MX270F256D.a(int_tbl_lib.o)
 .debug_pubnames
                0x0000116a       0xb1 /Applications/microchip/xc32/v1.32/bin/bin/../../lib/gcc/pic32mx/4.5.2/../../../../pic32mx/lib/libmchp_peripheral_32MX270F256D.a(uart_lib.o)
 .debug_pubnames
                0x0000121b       0x33 /Applications/microchip/xc32/v1.32/bin/bin/../../lib/gcc/pic32mx/4.5.2/../../../../pic32mx/lib/libpic32.a(default-bootstrap-exception-handler.o)
 .debug_pubnames
                0x0000124e       0x20 /Applications/microchip/xc32/v1.32/bin/bin/../../lib/gcc/pic32mx/4.5.2/../../../../pic32mx/lib/libpic32.a(default-on-reset.o)
 .debug_pubnames
                0x0000126e       0x24 /Applications/microchip/xc32/v1.32/bin/bin/../../lib/gcc/pic32mx/4.5.2/../../../../pic32mx/lib/libpic32.a(default-on-bootstrap.o)
 .debug_pubnames
                0x00001292       0x28 /Applications/microchip/xc32/v1.32/bin/bin/../../lib/gcc/pic32mx/4.5.2/../../../../pic32mx/lib/libpic32.a(defaultinterrupt.o)
 .debug_pubnames
                0x000012ba       0x1e /Applications/microchip/xc32/v1.32/bin/bin/../../lib/gcc/pic32mx/4.5.2/../../../../pic32mx/lib/libc.a(putchar.o)
 .debug_pubnames
                0x000012d8       0x28 /Applications/microchip/xc32/v1.32/bin/bin/../../lib/gcc/pic32mx/4.5.2/../../../../pic32mx/lib/libc.a(sprintf_cdnopuxX.eo)
 .debug_pubnames
                0x00001300       0x1c /Applications/microchip/xc32/v1.32/bin/bin/../../lib/gcc/pic32mx/4.5.2/../../../../pic32mx/lib/libc.a(_fputc_simple.o)
 .debug_pubnames
                0x0000131c       0x29 /Applications/microchip/xc32/v1.32/bin/bin/../../lib/gcc/pic32mx/4.5.2/../../../../pic32mx/lib/libc.a(doprnt_cdnopuxX.eo)
 .debug_pubnames
                0x00001345       0x1e /Applications/microchip/xc32/v1.32/bin/bin/../../lib/gcc/pic32mx/4.5.2/../../../../pic32mx/lib/libc.a(_flsbuf_simple.o)
 .debug_pubnames
                0x00001363       0x20 /Applications/microchip/xc32/v1.32/bin/bin/../../lib/gcc/pic32mx/4.5.2/libgcc.a(_udivdi3.o)
 .debug_pubnames
                0x00001383       0x20 /Applications/microchip/xc32/v1.32/bin/bin/../../lib/gcc/pic32mx/4.5.2/libgcc.a(_umoddi3.o)

.debug_info     0x00000000    0x116cf
 *(.debug_info .gnu.linkonce.wi.*)
 .debug_info    0x00000000      0xec8 build/EXPLORER_16_PIC32MX270F256D/production/_ext/332309696/port.o
 .debug_info    0x00000ec8       0xc9 build/EXPLORER_16_PIC32MX270F256D/production/_ext/332309696/port_asm.o
 .debug_info    0x00000f91     0x1068 build/EXPLORER_16_PIC32MX270F256D/production/_ext/449926602/queue.o
 .debug_info    0x00001ff9     0x2067 build/EXPLORER_16_PIC32MX270F256D/production/_ext/449926602/tasks.o
 .debug_info    0x00004060      0x46d build/EXPLORER_16_PIC32MX270F256D/production/_ext/449926602/list.o
 .debug_info    0x000044cd      0xd7f build/EXPLORER_16_PIC32MX270F256D/production/_ext/449926602/timers.o
 .debug_info    0x0000524c      0x5b1 build/EXPLORER_16_PIC32MX270F256D/production/_ext/1884096877/heap_4.o
 .debug_info    0x000057fd      0x470 build/EXPLORER_16_PIC32MX270F256D/production/_ext/1163846883/blocktim.o
 .debug_info    0x00005c6d      0x3ce build/EXPLORER_16_PIC32MX270F256D/production/_ext/1163846883/comtest.o
 .debug_info    0x0000603b      0x4e9 build/EXPLORER_16_PIC32MX270F256D/production/_ext/1163846883/semtest.o
 .debug_info    0x00006524      0x498 build/EXPLORER_16_PIC32MX270F256D/production/_ext/1163846883/QPeek.o
 .debug_info    0x000069bc      0xad8 build/EXPLORER_16_PIC32MX270F256D/production/_ext/1163846883/IntQueue.o
 .debug_info    0x00007494      0x624 build/EXPLORER_16_PIC32MX270F256D/production/_ext/1163846883/GenQTest.o
 .debug_info    0x00007ab8      0x28f build/EXPLORER_16_PIC32MX270F256D/production/_ext/1163846883/flash_timer.o
 .debug_info    0x00007d47     0x143d build/EXPLORER_16_PIC32MX270F256D/production/_ext/1472/main.o
 .debug_info    0x00009184       0xae build/EXPLORER_16_PIC32MX270F256D/production/_ext/1472/RegisterTestTasks.o
 .debug_info    0x00009232     0x1218 build/EXPLORER_16_PIC32MX270F256D/production/_ext/1472/lcd.o
 .debug_info    0x0000a44a     0x264a build/EXPLORER_16_PIC32MX270F256D/production/_ext/821501661/serial.o
 .debug_info    0x0000ca94       0xae build/EXPLORER_16_PIC32MX270F256D/production/_ext/821501661/serial_isr.o
 .debug_info    0x0000cb42      0xb21 build/EXPLORER_16_PIC32MX270F256D/production/_ext/1472/timertest.o
 .debug_info    0x0000d663       0xaa build/EXPLORER_16_PIC32MX270F256D/production/_ext/1472/timertest_isr.o
 .debug_info    0x0000d70d      0xe19 build/EXPLORER_16_PIC32MX270F256D/production/_ext/1472/IntQueueTimer.o
 .debug_info    0x0000e526       0xae build/EXPLORER_16_PIC32MX270F256D/production/_ext/1472/IntQueueTimer_isr.o
 .debug_info    0x0000e5d4      0x50d build/EXPLORER_16_PIC32MX270F256D/production/_ext/1472/printf-stdarg.o
 .debug_info    0x0000eae1      0x37c build/EXPLORER_16_PIC32MX270F256D/production/_ext/1472/main_blinky.o
 .debug_info    0x0000ee5d      0x4a0 build/EXPLORER_16_PIC32MX270F256D/production/_ext/1472/main_full.o
 .debug_info    0x0000f2fd      0x47e build/EXPLORER_16_PIC32MX270F256D/production/_ext/1472/ConfigPerformance.o
 .debug_info    0x0000f77b      0x382 build/EXPLORER_16_PIC32MX270F256D/production/_ext/809743516/ParTest_Explorer16.o
 .debug_info    0x0000fafd       0xae /Applications/microchip/xc32/v1.32/bin/bin/../../lib/gcc/pic32mx/4.5.2/../../../../pic32mx/lib/libmchp_peripheral_32MX270F256D.a(int_configure_system_lib.o)
 .debug_info    0x0000fbab       0xb0 /Applications/microchip/xc32/v1.32/bin/bin/../../lib/gcc/pic32mx/4.5.2/../../../../pic32mx/lib/libmchp_peripheral_32MX270F256D.a(int_enable_interrupts_lib.o)
 .debug_info    0x0000fc5b       0xb2 /Applications/microchip/xc32/v1.32/bin/bin/../../lib/gcc/pic32mx/4.5.2/../../../../pic32mx/lib/libmchp_peripheral_32MX270F256D.a(int_disable_interrupts_lib.o)
 .debug_info    0x0000fd0d       0xb2 /Applications/microchip/xc32/v1.32/bin/bin/../../lib/gcc/pic32mx/4.5.2/../../../../pic32mx/lib/libmchp_peripheral_32MX270F256D.a(int_restore_interrupts_lib.o)
 .debug_info    0x0000fdbf      0x192 /Applications/microchip/xc32/v1.32/bin/bin/../../lib/gcc/pic32mx/4.5.2/../../../../pic32mx/lib/libmchp_peripheral_32MX270F256D.a(int_tbl_lib.o)
 .debug_info    0x0000ff51      0x171 /Applications/microchip/xc32/v1.32/bin/bin/../../lib/gcc/pic32mx/4.5.2/../../../../pic32mx/lib/libmchp_peripheral_32MX270F256D.a(uart_lib.o)
 .debug_info    0x000100c2       0xde /Applications/microchip/xc32/v1.32/bin/bin/../../lib/gcc/pic32mx/4.5.2/../../../../pic32mx/lib/libpic32.a(default-bootstrap-exception-handler.o)
 .debug_info    0x000101a0       0xb8 /Applications/microchip/xc32/v1.32/bin/bin/../../lib/gcc/pic32mx/4.5.2/../../../../pic32mx/lib/libpic32.a(default-on-reset.o)
 .debug_info    0x00010258       0xc0 /Applications/microchip/xc32/v1.32/bin/bin/../../lib/gcc/pic32mx/4.5.2/../../../../pic32mx/lib/libpic32.a(default-on-bootstrap.o)
 .debug_info    0x00010318       0xd2 /Applications/microchip/xc32/v1.32/bin/bin/../../lib/gcc/pic32mx/4.5.2/../../../../pic32mx/lib/libpic32.a(defaultinterrupt.o)
 .debug_info    0x000103ea       0xb3 /Applications/microchip/xc32/v1.32/bin/bin/../../lib/gcc/pic32mx/4.5.2/../../../../pic32mx/lib/libc.a(putchar.o)
 .debug_info    0x0001049d       0xbd /Applications/microchip/xc32/v1.32/bin/bin/../../lib/gcc/pic32mx/4.5.2/../../../../pic32mx/lib/libc.a(sprintf_cdnopuxX.eo)
 .debug_info    0x0001055a        0x0 /Applications/microchip/xc32/v1.32/bin/bin/../../lib/gcc/pic32mx/4.5.2/../../../../pic32mx/lib/libc.a(_iob.o)
 .debug_info    0x0001055a       0xaf /Applications/microchip/xc32/v1.32/bin/bin/../../lib/gcc/pic32mx/4.5.2/../../../../pic32mx/lib/libc.a(_fputc_simple.o)
 .debug_info    0x00010609       0xbe /Applications/microchip/xc32/v1.32/bin/bin/../../lib/gcc/pic32mx/4.5.2/../../../../pic32mx/lib/libc.a(doprnt_cdnopuxX.eo)
 .debug_info    0x000106c7       0xb2 /Applications/microchip/xc32/v1.32/bin/bin/../../lib/gcc/pic32mx/4.5.2/../../../../pic32mx/lib/libc.a(_flsbuf_simple.o)
 .debug_info    0x00010779        0x0 /Applications/microchip/xc32/v1.32/bin/bin/../../lib/gcc/pic32mx/4.5.2/../../../../pic32mx/lib/libc.a(ctype.o)
 .debug_info    0x00010779      0x790 /Applications/microchip/xc32/v1.32/bin/bin/../../lib/gcc/pic32mx/4.5.2/libgcc.a(_udivdi3.o)
 .debug_info    0x00010f09      0x7c6 /Applications/microchip/xc32/v1.32/bin/bin/../../lib/gcc/pic32mx/4.5.2/libgcc.a(_umoddi3.o)

.debug_abbrev   0x00000000     0x2750
 *(.debug_abbrev)
 .debug_abbrev  0x00000000      0x288 build/EXPLORER_16_PIC32MX270F256D/production/_ext/332309696/port.o
 .debug_abbrev  0x00000288       0x14 build/EXPLORER_16_PIC32MX270F256D/production/_ext/332309696/port_asm.o
 .debug_abbrev  0x0000029c      0x1b0 build/EXPLORER_16_PIC32MX270F256D/production/_ext/449926602/queue.o
 .debug_abbrev  0x0000044c      0x2a1 build/EXPLORER_16_PIC32MX270F256D/production/_ext/449926602/tasks.o
 .debug_abbrev  0x000006ed       0xf8 build/EXPLORER_16_PIC32MX270F256D/production/_ext/449926602/list.o
 .debug_abbrev  0x000007e5      0x258 build/EXPLORER_16_PIC32MX270F256D/production/_ext/449926602/timers.o
 .debug_abbrev  0x00000a3d      0x18c build/EXPLORER_16_PIC32MX270F256D/production/_ext/1884096877/heap_4.o
 .debug_abbrev  0x00000bc9      0x10a build/EXPLORER_16_PIC32MX270F256D/production/_ext/1163846883/blocktim.o
 .debug_abbrev  0x00000cd3       0xed build/EXPLORER_16_PIC32MX270F256D/production/_ext/1163846883/comtest.o
 .debug_abbrev  0x00000dc0      0x140 build/EXPLORER_16_PIC32MX270F256D/production/_ext/1163846883/semtest.o
 .debug_abbrev  0x00000f00      0x12e build/EXPLORER_16_PIC32MX270F256D/production/_ext/1163846883/QPeek.o
 .debug_abbrev  0x0000102e      0x151 build/EXPLORER_16_PIC32MX270F256D/production/_ext/1163846883/IntQueue.o
 .debug_abbrev  0x0000117f      0x161 build/EXPLORER_16_PIC32MX270F256D/production/_ext/1163846883/GenQTest.o
 .debug_abbrev  0x000012e0       0x88 build/EXPLORER_16_PIC32MX270F256D/production/_ext/1163846883/flash_timer.o
 .debug_abbrev  0x00001368      0x301 build/EXPLORER_16_PIC32MX270F256D/production/_ext/1472/main.o
 .debug_abbrev  0x00001669       0x14 build/EXPLORER_16_PIC32MX270F256D/production/_ext/1472/RegisterTestTasks.o
 .debug_abbrev  0x0000167d      0x260 build/EXPLORER_16_PIC32MX270F256D/production/_ext/1472/lcd.o
 .debug_abbrev  0x000018dd      0x289 build/EXPLORER_16_PIC32MX270F256D/production/_ext/821501661/serial.o
 .debug_abbrev  0x00001b66       0x14 build/EXPLORER_16_PIC32MX270F256D/production/_ext/821501661/serial_isr.o
 .debug_abbrev  0x00001b7a      0x125 build/EXPLORER_16_PIC32MX270F256D/production/_ext/1472/timertest.o
 .debug_abbrev  0x00001c9f       0x14 build/EXPLORER_16_PIC32MX270F256D/production/_ext/1472/timertest_isr.o
 .debug_abbrev  0x00001cb3       0xdf build/EXPLORER_16_PIC32MX270F256D/production/_ext/1472/IntQueueTimer.o
 .debug_abbrev  0x00001d92       0x14 build/EXPLORER_16_PIC32MX270F256D/production/_ext/1472/IntQueueTimer_isr.o
 .debug_abbrev  0x00001da6      0x142 build/EXPLORER_16_PIC32MX270F256D/production/_ext/1472/printf-stdarg.o
 .debug_abbrev  0x00001ee8       0xd4 build/EXPLORER_16_PIC32MX270F256D/production/_ext/1472/main_blinky.o
 .debug_abbrev  0x00001fbc      0x126 build/EXPLORER_16_PIC32MX270F256D/production/_ext/1472/main_full.o
 .debug_abbrev  0x000020e2      0x106 build/EXPLORER_16_PIC32MX270F256D/production/_ext/1472/ConfigPerformance.o
 .debug_abbrev  0x000021e8       0xd5 build/EXPLORER_16_PIC32MX270F256D/production/_ext/809743516/ParTest_Explorer16.o
 .debug_abbrev  0x000022bd       0x23 /Applications/microchip/xc32/v1.32/bin/bin/../../lib/gcc/pic32mx/4.5.2/../../../../pic32mx/lib/libmchp_peripheral_32MX270F256D.a(int_configure_system_lib.o)
 .debug_abbrev  0x000022e0       0x23 /Applications/microchip/xc32/v1.32/bin/bin/../../lib/gcc/pic32mx/4.5.2/../../../../pic32mx/lib/libmchp_peripheral_32MX270F256D.a(int_enable_interrupts_lib.o)
 .debug_abbrev  0x00002303       0x23 /Applications/microchip/xc32/v1.32/bin/bin/../../lib/gcc/pic32mx/4.5.2/../../../../pic32mx/lib/libmchp_peripheral_32MX270F256D.a(int_disable_interrupts_lib.o)
 .debug_abbrev  0x00002326       0x23 /Applications/microchip/xc32/v1.32/bin/bin/../../lib/gcc/pic32mx/4.5.2/../../../../pic32mx/lib/libmchp_peripheral_32MX270F256D.a(int_restore_interrupts_lib.o)
 .debug_abbrev  0x00002349       0x23 /Applications/microchip/xc32/v1.32/bin/bin/../../lib/gcc/pic32mx/4.5.2/../../../../pic32mx/lib/libmchp_peripheral_32MX270F256D.a(int_tbl_lib.o)
 .debug_abbrev  0x0000236c       0x36 /Applications/microchip/xc32/v1.32/bin/bin/../../lib/gcc/pic32mx/4.5.2/../../../../pic32mx/lib/libmchp_peripheral_32MX270F256D.a(uart_lib.o)
 .debug_abbrev  0x000023a2       0x23 /Applications/microchip/xc32/v1.32/bin/bin/../../lib/gcc/pic32mx/4.5.2/../../../../pic32mx/lib/libpic32.a(default-bootstrap-exception-handler.o)
 .debug_abbrev  0x000023c5       0x23 /Applications/microchip/xc32/v1.32/bin/bin/../../lib/gcc/pic32mx/4.5.2/../../../../pic32mx/lib/libpic32.a(default-on-reset.o)
 .debug_abbrev  0x000023e8       0x23 /Applications/microchip/xc32/v1.32/bin/bin/../../lib/gcc/pic32mx/4.5.2/../../../../pic32mx/lib/libpic32.a(default-on-bootstrap.o)
 .debug_abbrev  0x0000240b       0x23 /Applications/microchip/xc32/v1.32/bin/bin/../../lib/gcc/pic32mx/4.5.2/../../../../pic32mx/lib/libpic32.a(defaultinterrupt.o)
 .debug_abbrev  0x0000242e       0x23 /Applications/microchip/xc32/v1.32/bin/bin/../../lib/gcc/pic32mx/4.5.2/../../../../pic32mx/lib/libc.a(putchar.o)
 .debug_abbrev  0x00002451       0x23 /Applications/microchip/xc32/v1.32/bin/bin/../../lib/gcc/pic32mx/4.5.2/../../../../pic32mx/lib/libc.a(sprintf_cdnopuxX.eo)
 .debug_abbrev  0x00002474        0x1 /Applications/microchip/xc32/v1.32/bin/bin/../../lib/gcc/pic32mx/4.5.2/../../../../pic32mx/lib/libc.a(_iob.o)
 .debug_abbrev  0x00002475       0x23 /Applications/microchip/xc32/v1.32/bin/bin/../../lib/gcc/pic32mx/4.5.2/../../../../pic32mx/lib/libc.a(_fputc_simple.o)
 .debug_abbrev  0x00002498       0x23 /Applications/microchip/xc32/v1.32/bin/bin/../../lib/gcc/pic32mx/4.5.2/../../../../pic32mx/lib/libc.a(doprnt_cdnopuxX.eo)
 .debug_abbrev  0x000024bb       0x23 /Applications/microchip/xc32/v1.32/bin/bin/../../lib/gcc/pic32mx/4.5.2/../../../../pic32mx/lib/libc.a(_flsbuf_simple.o)
 .debug_abbrev  0x000024de        0x1 /Applications/microchip/xc32/v1.32/bin/bin/../../lib/gcc/pic32mx/4.5.2/../../../../pic32mx/lib/libc.a(ctype.o)
 .debug_abbrev  0x000024df      0x132 /Applications/microchip/xc32/v1.32/bin/bin/../../lib/gcc/pic32mx/4.5.2/libgcc.a(_udivdi3.o)
 .debug_abbrev  0x00002611      0x13f /Applications/microchip/xc32/v1.32/bin/bin/../../lib/gcc/pic32mx/4.5.2/libgcc.a(_umoddi3.o)

.debug_line     0x00000000     0x46c7
 *(.debug_line)
 .debug_line    0x00000000      0x1fa build/EXPLORER_16_PIC32MX270F256D/production/_ext/332309696/port.o
 .debug_line    0x000001fa       0xe5 build/EXPLORER_16_PIC32MX270F256D/production/_ext/332309696/port_asm.o
 .debug_line    0x000002df      0x461 build/EXPLORER_16_PIC32MX270F256D/production/_ext/449926602/queue.o
 .debug_line    0x00000740      0x6ad build/EXPLORER_16_PIC32MX270F256D/production/_ext/449926602/tasks.o
 .debug_line    0x00000ded      0x1ea build/EXPLORER_16_PIC32MX270F256D/production/_ext/449926602/list.o
 .debug_line    0x00000fd7      0x30b build/EXPLORER_16_PIC32MX270F256D/production/_ext/449926602/timers.o
 .debug_line    0x000012e2      0x1a2 build/EXPLORER_16_PIC32MX270F256D/production/_ext/1884096877/heap_4.o
 .debug_line    0x00001484      0x285 build/EXPLORER_16_PIC32MX270F256D/production/_ext/1163846883/blocktim.o
 .debug_line    0x00001709      0x29c build/EXPLORER_16_PIC32MX270F256D/production/_ext/1163846883/comtest.o
 .debug_line    0x000019a5      0x25e build/EXPLORER_16_PIC32MX270F256D/production/_ext/1163846883/semtest.o
 .debug_line    0x00001c03      0x27b build/EXPLORER_16_PIC32MX270F256D/production/_ext/1163846883/QPeek.o
 .debug_line    0x00001e7e      0x338 build/EXPLORER_16_PIC32MX270F256D/production/_ext/1163846883/IntQueue.o
 .debug_line    0x000021b6      0x2fe build/EXPLORER_16_PIC32MX270F256D/production/_ext/1163846883/GenQTest.o
 .debug_line    0x000024b4      0x1eb build/EXPLORER_16_PIC32MX270F256D/production/_ext/1163846883/flash_timer.o
 .debug_line    0x0000269f      0x28e build/EXPLORER_16_PIC32MX270F256D/production/_ext/1472/main.o
 .debug_line    0x0000292d      0x1c6 build/EXPLORER_16_PIC32MX270F256D/production/_ext/1472/RegisterTestTasks.o
 .debug_line    0x00002af3      0x333 build/EXPLORER_16_PIC32MX270F256D/production/_ext/1472/lcd.o
 .debug_line    0x00002e26      0x3ca build/EXPLORER_16_PIC32MX270F256D/production/_ext/821501661/serial.o
 .debug_line    0x000031f0       0x4d build/EXPLORER_16_PIC32MX270F256D/production/_ext/821501661/serial_isr.o
 .debug_line    0x0000323d       0xfe build/EXPLORER_16_PIC32MX270F256D/production/_ext/1472/timertest.o
 .debug_line    0x0000333b       0x4a build/EXPLORER_16_PIC32MX270F256D/production/_ext/1472/timertest_isr.o
 .debug_line    0x00003385      0x154 build/EXPLORER_16_PIC32MX270F256D/production/_ext/1472/IntQueueTimer.o
 .debug_line    0x000034d9       0x5a build/EXPLORER_16_PIC32MX270F256D/production/_ext/1472/IntQueueTimer_isr.o
 .debug_line    0x00003533      0x181 build/EXPLORER_16_PIC32MX270F256D/production/_ext/1472/printf-stdarg.o
 .debug_line    0x000036b4      0x20f build/EXPLORER_16_PIC32MX270F256D/production/_ext/1472/main_blinky.o
 .debug_line    0x000038c3      0x241 build/EXPLORER_16_PIC32MX270F256D/production/_ext/1472/main_full.o
 .debug_line    0x00003b04      0x106 build/EXPLORER_16_PIC32MX270F256D/production/_ext/1472/ConfigPerformance.o
 .debug_line    0x00003c0a      0x107 build/EXPLORER_16_PIC32MX270F256D/production/_ext/809743516/ParTest_Explorer16.o
 .debug_line    0x00003d11       0x71 /Applications/microchip/xc32/v1.32/bin/bin/../../lib/gcc/pic32mx/4.5.2/../../../../pic32mx/lib/libmchp_peripheral_32MX270F256D.a(int_configure_system_lib.o)
 .debug_line    0x00003d82       0x72 /Applications/microchip/xc32/v1.32/bin/bin/../../lib/gcc/pic32mx/4.5.2/../../../../pic32mx/lib/libmchp_peripheral_32MX270F256D.a(int_enable_interrupts_lib.o)
 .debug_line    0x00003df4       0x73 /Applications/microchip/xc32/v1.32/bin/bin/../../lib/gcc/pic32mx/4.5.2/../../../../pic32mx/lib/libmchp_peripheral_32MX270F256D.a(int_disable_interrupts_lib.o)
 .debug_line    0x00003e67       0x73 /Applications/microchip/xc32/v1.32/bin/bin/../../lib/gcc/pic32mx/4.5.2/../../../../pic32mx/lib/libmchp_peripheral_32MX270F256D.a(int_restore_interrupts_lib.o)
 .debug_line    0x00003eda       0x64 /Applications/microchip/xc32/v1.32/bin/bin/../../lib/gcc/pic32mx/4.5.2/../../../../pic32mx/lib/libmchp_peripheral_32MX270F256D.a(int_tbl_lib.o)
 .debug_line    0x00003f3e       0x62 /Applications/microchip/xc32/v1.32/bin/bin/../../lib/gcc/pic32mx/4.5.2/../../../../pic32mx/lib/libmchp_peripheral_32MX270F256D.a(uart_lib.o)
 .debug_line    0x00003fa0       0x97 /Applications/microchip/xc32/v1.32/bin/bin/../../lib/gcc/pic32mx/4.5.2/../../../../pic32mx/lib/libpic32.a(default-bootstrap-exception-handler.o)
 .debug_line    0x00004037       0x84 /Applications/microchip/xc32/v1.32/bin/bin/../../lib/gcc/pic32mx/4.5.2/../../../../pic32mx/lib/libpic32.a(default-on-reset.o)
 .debug_line    0x000040bb       0x88 /Applications/microchip/xc32/v1.32/bin/bin/../../lib/gcc/pic32mx/4.5.2/../../../../pic32mx/lib/libpic32.a(default-on-bootstrap.o)
 .debug_line    0x00004143       0x96 /Applications/microchip/xc32/v1.32/bin/bin/../../lib/gcc/pic32mx/4.5.2/../../../../pic32mx/lib/libpic32.a(defaultinterrupt.o)
 .debug_line    0x000041d9       0x71 /Applications/microchip/xc32/v1.32/bin/bin/../../lib/gcc/pic32mx/4.5.2/../../../../pic32mx/lib/libc.a(putchar.o)
 .debug_line    0x0000424a       0x71 /Applications/microchip/xc32/v1.32/bin/bin/../../lib/gcc/pic32mx/4.5.2/../../../../pic32mx/lib/libc.a(sprintf_cdnopuxX.eo)
 .debug_line    0x000042bb        0x0 /Applications/microchip/xc32/v1.32/bin/bin/../../lib/gcc/pic32mx/4.5.2/../../../../pic32mx/lib/libc.a(_iob.o)
 .debug_line    0x000042bb       0x6f /Applications/microchip/xc32/v1.32/bin/bin/../../lib/gcc/pic32mx/4.5.2/../../../../pic32mx/lib/libc.a(_fputc_simple.o)
 .debug_line    0x0000432a       0x70 /Applications/microchip/xc32/v1.32/bin/bin/../../lib/gcc/pic32mx/4.5.2/../../../../pic32mx/lib/libc.a(doprnt_cdnopuxX.eo)
 .debug_line    0x0000439a       0x70 /Applications/microchip/xc32/v1.32/bin/bin/../../lib/gcc/pic32mx/4.5.2/../../../../pic32mx/lib/libc.a(_flsbuf_simple.o)
 .debug_line    0x0000440a        0x0 /Applications/microchip/xc32/v1.32/bin/bin/../../lib/gcc/pic32mx/4.5.2/../../../../pic32mx/lib/libc.a(ctype.o)
 .debug_line    0x0000440a      0x168 /Applications/microchip/xc32/v1.32/bin/bin/../../lib/gcc/pic32mx/4.5.2/libgcc.a(_udivdi3.o)
 .debug_line    0x00004572      0x155 /Applications/microchip/xc32/v1.32/bin/bin/../../lib/gcc/pic32mx/4.5.2/libgcc.a(_umoddi3.o)

.debug_frame    0x00000000     0x15f0
 *(.debug_frame)
 .debug_frame   0x00000000       0xb0 build/EXPLORER_16_PIC32MX270F256D/production/_ext/332309696/port.o
 .debug_frame   0x000000b0      0x288 build/EXPLORER_16_PIC32MX270F256D/production/_ext/449926602/queue.o
 .debug_frame   0x00000338      0x494 build/EXPLORER_16_PIC32MX270F256D/production/_ext/449926602/tasks.o
 .debug_frame   0x000007cc       0x60 build/EXPLORER_16_PIC32MX270F256D/production/_ext/449926602/list.o
 .debug_frame   0x0000082c      0x134 build/EXPLORER_16_PIC32MX270F256D/production/_ext/449926602/timers.o
 .debug_frame   0x00000960       0x8c build/EXPLORER_16_PIC32MX270F256D/production/_ext/1884096877/heap_4.o
 .debug_frame   0x000009ec       0x74 build/EXPLORER_16_PIC32MX270F256D/production/_ext/1163846883/blocktim.o
 .debug_frame   0x00000a60       0x78 build/EXPLORER_16_PIC32MX270F256D/production/_ext/1163846883/comtest.o
 .debug_frame   0x00000ad8       0x60 build/EXPLORER_16_PIC32MX270F256D/production/_ext/1163846883/semtest.o
 .debug_frame   0x00000b38       0xb0 build/EXPLORER_16_PIC32MX270F256D/production/_ext/1163846883/QPeek.o
 .debug_frame   0x00000be8      0x150 build/EXPLORER_16_PIC32MX270F256D/production/_ext/1163846883/IntQueue.o
 .debug_frame   0x00000d38       0xb0 build/EXPLORER_16_PIC32MX270F256D/production/_ext/1163846883/GenQTest.o
 .debug_frame   0x00000de8       0x4c build/EXPLORER_16_PIC32MX270F256D/production/_ext/1163846883/flash_timer.o
 .debug_frame   0x00000e34       0x8c build/EXPLORER_16_PIC32MX270F256D/production/_ext/1472/main.o
 .debug_frame   0x00000ec0       0x80 build/EXPLORER_16_PIC32MX270F256D/production/_ext/1472/lcd.o
 .debug_frame   0x00000f40       0x88 build/EXPLORER_16_PIC32MX270F256D/production/_ext/821501661/serial.o
 .debug_frame   0x00000fc8       0x30 build/EXPLORER_16_PIC32MX270F256D/production/_ext/1472/timertest.o
 .debug_frame   0x00000ff8       0x50 build/EXPLORER_16_PIC32MX270F256D/production/_ext/1472/IntQueueTimer.o
 .debug_frame   0x00001048       0xe8 build/EXPLORER_16_PIC32MX270F256D/production/_ext/1472/printf-stdarg.o
 .debug_frame   0x00001130       0x70 build/EXPLORER_16_PIC32MX270F256D/production/_ext/1472/main_blinky.o
 .debug_frame   0x000011a0       0x88 build/EXPLORER_16_PIC32MX270F256D/production/_ext/1472/main_full.o
 .debug_frame   0x00001228       0x30 build/EXPLORER_16_PIC32MX270F256D/production/_ext/1472/ConfigPerformance.o
 .debug_frame   0x00001258       0x40 build/EXPLORER_16_PIC32MX270F256D/production/_ext/809743516/ParTest_Explorer16.o
 .debug_frame   0x00001298       0x20 /Applications/microchip/xc32/v1.32/bin/bin/../../lib/gcc/pic32mx/4.5.2/../../../../pic32mx/lib/libmchp_peripheral_32MX270F256D.a(int_configure_system_lib.o)
 .debug_frame   0x000012b8       0x20 /Applications/microchip/xc32/v1.32/bin/bin/../../lib/gcc/pic32mx/4.5.2/../../../../pic32mx/lib/libmchp_peripheral_32MX270F256D.a(int_enable_interrupts_lib.o)
 .debug_frame   0x000012d8       0x20 /Applications/microchip/xc32/v1.32/bin/bin/../../lib/gcc/pic32mx/4.5.2/../../../../pic32mx/lib/libmchp_peripheral_32MX270F256D.a(int_disable_interrupts_lib.o)
 .debug_frame   0x000012f8       0x20 /Applications/microchip/xc32/v1.32/bin/bin/../../lib/gcc/pic32mx/4.5.2/../../../../pic32mx/lib/libmchp_peripheral_32MX270F256D.a(int_restore_interrupts_lib.o)
 .debug_frame   0x00001318       0xa0 /Applications/microchip/xc32/v1.32/bin/bin/../../lib/gcc/pic32mx/4.5.2/../../../../pic32mx/lib/libmchp_peripheral_32MX270F256D.a(int_tbl_lib.o)
 .debug_frame   0x000013b8       0x90 /Applications/microchip/xc32/v1.32/bin/bin/../../lib/gcc/pic32mx/4.5.2/../../../../pic32mx/lib/libmchp_peripheral_32MX270F256D.a(uart_lib.o)
 .debug_frame   0x00001448       0x28 /Applications/microchip/xc32/v1.32/bin/bin/../../lib/gcc/pic32mx/4.5.2/../../../../pic32mx/lib/libpic32.a(default-bootstrap-exception-handler.o)
 .debug_frame   0x00001470       0x20 /Applications/microchip/xc32/v1.32/bin/bin/../../lib/gcc/pic32mx/4.5.2/../../../../pic32mx/lib/libpic32.a(default-on-reset.o)
 .debug_frame   0x00001490       0x20 /Applications/microchip/xc32/v1.32/bin/bin/../../lib/gcc/pic32mx/4.5.2/../../../../pic32mx/lib/libpic32.a(default-on-bootstrap.o)
 .debug_frame   0x000014b0       0x20 /Applications/microchip/xc32/v1.32/bin/bin/../../lib/gcc/pic32mx/4.5.2/../../../../pic32mx/lib/libpic32.a(defaultinterrupt.o)
 .debug_frame   0x000014d0       0x28 /Applications/microchip/xc32/v1.32/bin/bin/../../lib/gcc/pic32mx/4.5.2/../../../../pic32mx/lib/libc.a(putchar.o)
 .debug_frame   0x000014f8       0x2c /Applications/microchip/xc32/v1.32/bin/bin/../../lib/gcc/pic32mx/4.5.2/../../../../pic32mx/lib/libc.a(sprintf_cdnopuxX.eo)
 .debug_frame   0x00001524       0x2c /Applications/microchip/xc32/v1.32/bin/bin/../../lib/gcc/pic32mx/4.5.2/../../../../pic32mx/lib/libc.a(_fputc_simple.o)
 .debug_frame   0x00001550       0x38 /Applications/microchip/xc32/v1.32/bin/bin/../../lib/gcc/pic32mx/4.5.2/../../../../pic32mx/lib/libc.a(doprnt_cdnopuxX.eo)
 .debug_frame   0x00001588       0x28 /Applications/microchip/xc32/v1.32/bin/bin/../../lib/gcc/pic32mx/4.5.2/../../../../pic32mx/lib/libc.a(_flsbuf_simple.o)
 .debug_frame   0x000015b0       0x20 /Applications/microchip/xc32/v1.32/bin/bin/../../lib/gcc/pic32mx/4.5.2/libgcc.a(_udivdi3.o)
 .debug_frame   0x000015d0       0x20 /Applications/microchip/xc32/v1.32/bin/bin/../../lib/gcc/pic32mx/4.5.2/libgcc.a(_umoddi3.o)

.debug_str      0x00000000      0xa70
 *(.debug_str)
 .debug_str     0x00000000       0x7d build/EXPLORER_16_PIC32MX270F256D/production/_ext/332309696/port.o
 .debug_str     0x0000007d       0xf1 build/EXPLORER_16_PIC32MX270F256D/production/_ext/449926602/queue.o
 .debug_str     0x0000016e      0x1b1 build/EXPLORER_16_PIC32MX270F256D/production/_ext/449926602/tasks.o
 .debug_str     0x0000031f       0x2b build/EXPLORER_16_PIC32MX270F256D/production/_ext/449926602/list.o
 .debug_str     0x0000034a       0xbf build/EXPLORER_16_PIC32MX270F256D/production/_ext/449926602/timers.o
 .debug_str     0x00000409        0x0 build/EXPLORER_16_PIC32MX270F256D/production/_ext/1884096877/heap_4.o
 .debug_str     0x00000409       0x2c build/EXPLORER_16_PIC32MX270F256D/production/_ext/1163846883/blocktim.o
 .debug_str     0x00000435        0xd build/EXPLORER_16_PIC32MX270F256D/production/_ext/1163846883/comtest.o
 .debug_str     0x00000442       0x1d build/EXPLORER_16_PIC32MX270F256D/production/_ext/1163846883/semtest.o
 .debug_str     0x0000045f       0x57 build/EXPLORER_16_PIC32MX270F256D/production/_ext/1163846883/QPeek.o
 .debug_str     0x000004b6      0x142 build/EXPLORER_16_PIC32MX270F256D/production/_ext/1163846883/IntQueue.o
 .debug_str     0x000005f8       0x20 build/EXPLORER_16_PIC32MX270F256D/production/_ext/1163846883/GenQTest.o
 .debug_str     0x00000618        0x0 build/EXPLORER_16_PIC32MX270F256D/production/_ext/1163846883/flash_timer.o
 .debug_str     0x00000618      0x10b build/EXPLORER_16_PIC32MX270F256D/production/_ext/1472/main.o
 .debug_str     0x00000723       0xec build/EXPLORER_16_PIC32MX270F256D/production/_ext/1472/lcd.o
 .debug_str     0x0000080f      0x114 build/EXPLORER_16_PIC32MX270F256D/production/_ext/821501661/serial.o
 .debug_str     0x00000923       0x44 build/EXPLORER_16_PIC32MX270F256D/production/_ext/1472/timertest.o